 PhysXCooking_64

 Timestamp is 691b8461 (Mon Nov 17 16:24:01 2025)

 Preferred load address is 0000000180000000

 Start         Length     Name                   Class
 0001:00000000 00000060H .text$di                CODE
 0001:00000060 00002060H .text$mn                CODE
 0001:000020c0 00000036H .text$mn$00             CODE
 0001:000020f6 00000092H .text$x                 CODE
 0002:00000000 00000158H .idata$5                DATA
 0002:00000158 00000038H .00cfg                  DATA
 0002:00000190 00000008H .CRT$XCA                DATA
 0002:00000198 00000030H .CRT$XCU                DATA
 0002:000001c8 00000008H .CRT$XCZ                DATA
 0002:000001d0 00000008H .CRT$XIA                DATA
 0002:000001d8 00000008H .CRT$XIZ                DATA
 0002:000001e0 00000008H .CRT$XPA                DATA
 0002:000001e8 00000008H .CRT$XPZ                DATA
 0002:000001f0 00000008H .CRT$XTA                DATA
 0002:000001f8 00000008H .CRT$XTZ                DATA
 0002:00000200 00000000H .gehcont$y              DATA
 0002:00000200 00000000H .gfids$y                DATA
 0002:00000200 00000480H .rdata                  DATA
 0002:00000680 00000000H .rdata$CastGuardVftablesA DATA
 0002:00000680 00000000H .rdata$CastGuardVftablesC DATA
 0002:00000680 00000074H .rdata$r                DATA
 0002:000006f4 00000094H .rdata$voltmd           DATA
 0002:00000788 000003e0H .rdata$zzzdbg           DATA
 0002:00000b68 00000008H .rtc$IAA                DATA
 0002:00000b70 00000008H .rtc$IZZ                DATA
 0002:00000b78 00000008H .rtc$TAA                DATA
 0002:00000b80 00000008H .rtc$TZZ                DATA
 0002:00000b88 000002c8H .xdata                  DATA
 0002:00000e50 00000040H .didat$2                DATA
 0002:00000e90 00000020H .didat$3                DATA
 0002:00000eb0 000000d0H .didat$4                DATA
 0002:00000f80 00000280H .didat$6                DATA
 0002:00001200 000001f0H .didat$7                DATA
 0002:000013f0 00000af8H .edata                  DATA
 0002:00001ee8 00000050H .idata$2                DATA
 0002:00001f38 00000018H .idata$3                DATA
 0002:00001f50 00000158H .idata$4                DATA
 0002:000020a8 00000372H .idata$6                DATA
 0003:00000000 000000b8H .data                   DATA
 0003:000000b8 00000090H .data$r                 DATA
 0003:00000148 00000020H .data$rs                DATA
 0003:00000168 000000d8H .didat$5                DATA
 0003:00000240 00000138H .bss                    DATA
 0004:00000000 000002f4H .pdata                  DATA
 0005:00000000 000000a0H .rsrc$01                DATA
 0005:000000a0 000004b0H .rsrc$02                DATA

  Address         Publics by Value              Rva+Base               Lib:Object

 0000:00000000       __AbsoluteZero             0000000000000000     <absolute>
 0000:00000000       ___safe_se_handler_count   0000000000000000     <absolute>
 0000:00000000       ___safe_se_handler_table   0000000000000000     <absolute>
 0000:00000000       __arm64x_extra_rfe_table   0000000000000000     <absolute>
 0000:00000000       __arm64x_extra_rfe_table_size 0000000000000000     <absolute>
 0000:00000000       __arm64x_native_entrypoint 0000000000000000     <absolute>
 0000:00000000       __arm64x_redirection_metadata 0000000000000000     <absolute>
 0000:00000000       __arm64x_redirection_metadata_count 0000000000000000     <absolute>
 0000:00000000       __dynamic_value_reloc_table 0000000000000000     <absolute>
 0000:00000000       __enclave_config           0000000000000000     <absolute>
 0000:00000000       __guard_check_icall_a64n_fptr 0000000000000000     <absolute>
 0000:00000000       __guard_eh_cont_count      0000000000000000     <absolute>
 0000:00000000       __guard_eh_cont_table      0000000000000000     <absolute>
 0000:00000000       __guard_fids_count         0000000000000000     <absolute>
 0000:00000000       __guard_fids_table         0000000000000000     <absolute>
 0000:00000000       __guard_iat_count          0000000000000000     <absolute>
 0000:00000000       __guard_iat_table          0000000000000000     <absolute>
 0000:00000000       __guard_longjmp_count      0000000000000000     <absolute>
 0000:00000000       __guard_longjmp_table      0000000000000000     <absolute>
 0000:00000000       __hybrid_auxiliary_delayload_iat 0000000000000000     <absolute>
 0000:00000000       __hybrid_auxiliary_delayload_iat_copy 0000000000000000     <absolute>
 0000:00000000       __hybrid_auxiliary_iat     0000000000000000     <absolute>
 0000:00000000       __hybrid_auxiliary_iat_copy 0000000000000000     <absolute>
 0000:00000000       __hybrid_code_map          0000000000000000     <absolute>
 0000:00000000       __hybrid_code_map_count    0000000000000000     <absolute>
 0000:00000000       __hybrid_image_info_bitfield 0000000000000000     <absolute>
 0000:00000000       __x64_code_ranges_to_entry_points 0000000000000000     <absolute>
 0000:00000000       __x64_code_ranges_to_entry_points_count 0000000000000000     <absolute>
 0000:00000100       __guard_flags              0000000000000100     <absolute>
 0000:00000000       __ImageBase                0000000180000000     <linker-defined>
 0001:00000060       ??$copy@V?$PxReflectionAllocator@USlab@NodeAllocator@Gu@physx@@@physx@@@?$PxArray@USlab@NodeAllocator@Gu@physx@@V?$PxReflectionAllocator@USlab@NodeAllocator@Gu@physx@@@4@@physx@@IEAAXAEBV01@@Z 0000000180001060 f i Cooking.obj
 0001:000000e0       ??0AABBTreeBounds@Gu@physx@@QEAA@XZ 00000001800010e0 f i Cooking.obj
 0001:000000f0       ??0AABBTreeBuildNode@Gu@physx@@QEAA@AEBV012@@Z 00000001800010f0 f i Cooking.obj
 0001:000000f0       ??4AABBTreeBuildNode@Gu@physx@@QEAAAEAV012@AEBV012@@Z 00000001800010f0 f i Cooking.obj
 0001:00000130       ??0AABBTreeBuildNode@Gu@physx@@QEAA@XZ 0000000180001130 f i Cooking.obj
 0001:00000130       ??4PxFoundation@physx@@QEAAAEAV01@AEBV01@@Z 0000000180001130 f i Cooking.obj
 0001:00000130       ?getAABB@AABBTreeBuildNode@Gu@physx@@QEBAAEBVPxBounds3@3@XZ 0000000180001130 f i Cooking.obj
 0001:00000140       ??0AABBTreeBuildParams@Gu@physx@@QEAA@IIPEBVAABBTreeBounds@12@W4BVHBuildStrategy@12@@Z 0000000180001140 f i Cooking.obj
 0001:00000160       ??0NodeAllocator@Gu@physx@@QEAA@AEBV012@@Z 0000000180001160 f i Cooking.obj
 0001:000001a0       ??0PxFoundation@physx@@QEAA@AEBV01@@Z 00000001800011a0 f i Cooking.obj
 0001:000001a0       ??0PxFoundation@physx@@QEAA@XZ 00000001800011a0 f i Cooking.obj
 0001:000001b0       ??1AABBTreeBounds@Gu@physx@@QEAA@XZ 00000001800011b0 f i Cooking.obj
 0001:000001c0       ??1AABBTreeBuildNode@Gu@physx@@QEAA@XZ 00000001800011c0 f i Cooking.obj
 0001:000001c0       _guard_check_icall_nop     00000001800011c0 f i MSVCRT:guard_support.obj
 0001:000001d0       ??1AABBTreeBuildParams@Gu@physx@@QEAA@XZ 00000001800011d0 f i Cooking.obj
 0001:000001d0       ?reset@AABBTreeBuildParams@Gu@physx@@QEAAXXZ 00000001800011d0 f i Cooking.obj
 0001:00000220       ??1PxFoundation@physx@@MEAA@XZ 0000000180001220 f i Cooking.obj
 0001:00000230       ??4AABBTreeBounds@Gu@physx@@QEAAAEAV012@AEBV012@@Z 0000000180001230 f i Cooking.obj
 0001:00000240       ??4AABBTreeBuildParams@Gu@physx@@QEAAAEAV012@AEBV012@@Z 0000000180001240 f i Cooking.obj
 0001:00000260       ??4NodeAllocator@Gu@physx@@QEAAAEAV012@AEBV012@@Z 0000000180001260 f i Cooking.obj
 0001:00000310       ??_EPxFoundation@physx@@MEAAPEAXI@Z 0000000180001310 f i Cooking.obj
 0001:000003a0       ??_FAABBTreeBuildParams@Gu@physx@@QEAAXXZ 00000001800013a0 f i Cooking.obj
 0001:000003c0       ?allocate@?$PxArray@USlab@NodeAllocator@Gu@physx@@V?$PxReflectionAllocator@USlab@NodeAllocator@Gu@physx@@@4@@physx@@IEAAPEAUSlab@NodeAllocator@Gu@2@IPEAI@Z 00000001800013c0 f i Cooking.obj
 0001:00000440       ?getBounds@AABBTreeBounds@Gu@physx@@QEAAPEAVPxBounds3@3@XZ 0000000180001440 f i Cooking.obj
 0001:00000440       ?getBounds@AABBTreeBounds@Gu@physx@@QEBAPEBVPxBounds3@3@XZ 0000000180001440 f i Cooking.obj
 0001:00000450       ?getNbPrimitives@AABBTreeBuildNode@Gu@physx@@QEBAIXZ 0000000180001450 f i Cooking.obj
 0001:00000450       ?getNbRuntimePrimitives@AABBTreeBuildNode@Gu@physx@@QEBAIXZ 0000000180001450 f i Cooking.obj
 0001:00000460       ?getNeg@AABBTreeBuildNode@Gu@physx@@QEBAPEBV123@XZ 0000000180001460 f i Cooking.obj
 0001:00000480       ?getPos@AABBTreeBuildNode@Gu@physx@@QEBAPEBV123@XZ 0000000180001480 f i Cooking.obj
 0001:00000490       ?getPrimitives@AABBTreeBuildNode@Gu@physx@@QEAAPEAIPEAI@Z 0000000180001490 f i Cooking.obj
 0001:00000490       ?getPrimitives@AABBTreeBuildNode@Gu@physx@@QEBAPEBIPEBI@Z 0000000180001490 f i Cooking.obj
 0001:000004a0       ?isLeaf@AABBTreeBuildNode@Gu@physx@@QEBA_NXZ 00000001800014a0 f i Cooking.obj
 0001:000004b0       ?moveFrom@AABBTreeBounds@Gu@physx@@QEAAXAEAV123@@Z 00000001800014b0 f i Cooking.obj
 0001:000004c0       ?ownsMemory@AABBTreeBounds@Gu@physx@@QEBA_NXZ 00000001800014c0 f i Cooking.obj
 0001:000004d0       ?recreate@?$PxArray@USlab@NodeAllocator@Gu@physx@@V?$PxReflectionAllocator@USlab@NodeAllocator@Gu@physx@@@4@@physx@@IEAAXI@Z 00000001800014d0 f i Cooking.obj
 0001:000005c0       ?setBounds@AABBTreeBounds@Gu@physx@@QEAAXPEAVPxBounds3@3@@Z 00000001800015c0 f i Cooking.obj
 0001:000005d0       ?setNbRunTimePrimitives@AABBTreeBuildNode@Gu@physx@@QEAAXI@Z 00000001800015d0 f i Cooking.obj
 0001:000005e0       ?takeOwnership@AABBTreeBounds@Gu@physx@@QEAAXXZ 00000001800015e0 f i Cooking.obj
 0001:000005f0       PxAssembleDeformableVolumeMesh 00000001800015f0 f   Cooking.obj
 0001:00000600       PxComputeCollisionData     0000000180001600 f   Cooking.obj
 0001:00000610       PxComputeHullPolygons      0000000180001610 f   Cooking.obj
 0001:00000620       PxComputeModelsMapping     0000000180001620 f   Cooking.obj
 0001:00000630       PxComputeSimulationData    0000000180001630 f   Cooking.obj
 0001:00000640       PxCookBVH                  0000000180001640 f   Cooking.obj
 0001:00000650       PxCookConvexMesh           0000000180001650 f   Cooking.obj
 0001:00000660       PxCookDeformableVolumeMesh 0000000180001660 f   Cooking.obj
 0001:00000670       PxCookHeightField          0000000180001670 f   Cooking.obj
 0001:00000680       PxCookTetrahedronMesh      0000000180001680 f   Cooking.obj
 0001:00000690       PxCookTriangleMesh         0000000180001690 f   Cooking.obj
 0001:000006a0       PxCreateBVH                00000001800016a0 f   Cooking.obj
 0001:000006b0       PxCreateBVHInternal        00000001800016b0 f   Cooking.obj
 0001:00000740       PxCreateConvexMesh         0000000180001740 f   Cooking.obj
 0001:00000750       PxCreateDeformableVolumeMesh 0000000180001750 f   Cooking.obj
 0001:00000760       PxCreateHeightField        0000000180001760 f   Cooking.obj
 0001:00000770       PxCreateTetrahedronMesh    0000000180001770 f   Cooking.obj
 0001:00000780       PxCreateTriangleMesh       0000000180001780 f   Cooking.obj
 0001:00000790       PxCreateTriangleMeshInternal 0000000180001790 f   Cooking.obj
 0001:00000820       PxGetStandaloneInsertionCallback 0000000180001820 f   Cooking.obj
 0001:00000830       PxValidateConvexMesh       0000000180001830 f   Cooking.obj
 0001:00000840       PxValidateTriangleMesh     0000000180001840 f   Cooking.obj
 0001:00000850       ?cookingDelayHook@@YAP6A_JXZIPEAUDelayLoadInfo@@@Z 0000000180001850 f   WindowsCookingDelayLoadHook.obj
 0001:00000930       PxSetPhysXCookingDelayLoadHook 0000000180001930 f   WindowsCookingDelayLoadHook.obj
 0001:00000938       getInsertionCallback       0000000180001938 f   PhysXCommon_64:PhysXCommon_64.dll
 0001:0000093e       __tailMerge_physxcommon_64_dll 000000018000193e     PhysXCommon_64:PhysXCommon_64.dll
 0001:000009b7       __imp_load_getInsertionCallback 00000001800019b7 f   PhysXCommon_64:PhysXCommon_64.dll
 0001:000009c3       cookBVH                    00000001800019c3 f   PhysXCommon_64:PhysXCommon_64.dll
 0001:000009c9       __imp_load_cookBVH         00000001800019c9 f   PhysXCommon_64:PhysXCommon_64.dll
 0001:000009d5       createBVH                  00000001800019d5 f   PhysXCommon_64:PhysXCommon_64.dll
 0001:000009db       __imp_load_createBVH       00000001800019db f   PhysXCommon_64:PhysXCommon_64.dll
 0001:000009e7       cookHeightField            00000001800019e7 f   PhysXCommon_64:PhysXCommon_64.dll
 0001:000009ed       __imp_load_cookHeightField 00000001800019ed f   PhysXCommon_64:PhysXCommon_64.dll
 0001:000009f9       createHeightField          00000001800019f9 f   PhysXCommon_64:PhysXCommon_64.dll
 0001:000009ff       __imp_load_createHeightField 00000001800019ff f   PhysXCommon_64:PhysXCommon_64.dll
 0001:00000a0b       cookConvexMesh             0000000180001a0b f   PhysXCommon_64:PhysXCommon_64.dll
 0001:00000a11       __imp_load_cookConvexMesh  0000000180001a11 f   PhysXCommon_64:PhysXCommon_64.dll
 0001:00000a1d       createConvexMesh           0000000180001a1d f   PhysXCommon_64:PhysXCommon_64.dll
 0001:00000a23       __imp_load_createConvexMesh 0000000180001a23 f   PhysXCommon_64:PhysXCommon_64.dll
 0001:00000a2f       validateConvexMesh         0000000180001a2f f   PhysXCommon_64:PhysXCommon_64.dll
 0001:00000a35       __imp_load_validateConvexMesh 0000000180001a35 f   PhysXCommon_64:PhysXCommon_64.dll
 0001:00000a41       computeHullPolygons        0000000180001a41 f   PhysXCommon_64:PhysXCommon_64.dll
 0001:00000a47       __imp_load_computeHullPolygons 0000000180001a47 f   PhysXCommon_64:PhysXCommon_64.dll
 0001:00000a53       validateTriangleMesh       0000000180001a53 f   PhysXCommon_64:PhysXCommon_64.dll
 0001:00000a59       __imp_load_validateTriangleMesh 0000000180001a59 f   PhysXCommon_64:PhysXCommon_64.dll
 0001:00000a65       createTriangleMesh         0000000180001a65 f   PhysXCommon_64:PhysXCommon_64.dll
 0001:00000a6b       __imp_load_createTriangleMesh 0000000180001a6b f   PhysXCommon_64:PhysXCommon_64.dll
 0001:00000a77       cookTriangleMesh           0000000180001a77 f   PhysXCommon_64:PhysXCommon_64.dll
 0001:00000a7d       __imp_load_cookTriangleMesh 0000000180001a7d f   PhysXCommon_64:PhysXCommon_64.dll
 0001:00000a89       cookTetrahedronMesh        0000000180001a89 f   PhysXCommon_64:PhysXCommon_64.dll
 0001:00000a8f       __imp_load_cookTetrahedronMesh 0000000180001a8f f   PhysXCommon_64:PhysXCommon_64.dll
 0001:00000a9b       createTetrahedronMesh      0000000180001a9b f   PhysXCommon_64:PhysXCommon_64.dll
 0001:00000aa1       __imp_load_createTetrahedronMesh 0000000180001aa1 f   PhysXCommon_64:PhysXCommon_64.dll
 0001:00000aad       cookDeformableVolumeMesh   0000000180001aad f   PhysXCommon_64:PhysXCommon_64.dll
 0001:00000ab3       __imp_load_cookDeformableVolumeMesh 0000000180001ab3 f   PhysXCommon_64:PhysXCommon_64.dll
 0001:00000abf       createDeformableVolumeMesh 0000000180001abf f   PhysXCommon_64:PhysXCommon_64.dll
 0001:00000ac5       __imp_load_createDeformableVolumeMesh 0000000180001ac5 f   PhysXCommon_64:PhysXCommon_64.dll
 0001:00000ad1       computeModelsMapping       0000000180001ad1 f   PhysXCommon_64:PhysXCommon_64.dll
 0001:00000ad7       __imp_load_computeModelsMapping 0000000180001ad7 f   PhysXCommon_64:PhysXCommon_64.dll
 0001:00000ae3       computeCollisionData       0000000180001ae3 f   PhysXCommon_64:PhysXCommon_64.dll
 0001:00000ae9       __imp_load_computeCollisionData 0000000180001ae9 f   PhysXCommon_64:PhysXCommon_64.dll
 0001:00000af5       computeSimulationData      0000000180001af5 f   PhysXCommon_64:PhysXCommon_64.dll
 0001:00000afb       __imp_load_computeSimulationData 0000000180001afb f   PhysXCommon_64:PhysXCommon_64.dll
 0001:00000b07       assembleDeformableVolumeMesh 0000000180001b07 f   PhysXCommon_64:PhysXCommon_64.dll
 0001:00000b0d       __imp_load_assembleDeformableVolumeMesh 0000000180001b0d f   PhysXCommon_64:PhysXCommon_64.dll
 0001:00000b19       ?release@AABBTreeBounds@Gu@physx@@QEAAXXZ 0000000180001b19 f   PhysXCommon_64:PhysXCommon_64.dll
 0001:00000b1f       __imp_load_?release@AABBTreeBounds@Gu@physx@@QEAAXXZ 0000000180001b1f f   PhysXCommon_64:PhysXCommon_64.dll
 0001:00000b2b       ??0BVH@Gu@physx@@QEAA@AEBUPxBVHInternalData@2@@Z 0000000180001b2b f   PhysXCommon_64:PhysXCommon_64.dll
 0001:00000b31       __imp_load_??0BVH@Gu@physx@@QEAA@AEBUPxBVHInternalData@2@@Z 0000000180001b31 f   PhysXCommon_64:PhysXCommon_64.dll
 0001:00000b3d       ??0BV4TriangleMesh@Gu@physx@@QEAA@AEBUPxTriangleMeshInternalData@2@@Z 0000000180001b3d f   PhysXCommon_64:PhysXCommon_64.dll
 0001:00000b43       __imp_load_??0BV4TriangleMesh@Gu@physx@@QEAA@AEBUPxTriangleMeshInternalData@2@@Z 0000000180001b43 f   PhysXCommon_64:PhysXCommon_64.dll
 0001:00000b4f       PxGetBroadcastAllocator    0000000180001b4f f   PhysXFoundation_64:PhysXFoundation_64.dll
 0001:00000b55       __tailMerge_physxfoundation_64_dll 0000000180001b55     PhysXFoundation_64:PhysXFoundation_64.dll
 0001:00000bce       __imp_load_PxGetBroadcastAllocator 0000000180001bce f   PhysXFoundation_64:PhysXFoundation_64.dll
 0001:00000cc8       ?DloadAcquireSectionWriteAccess@@YAXXZ 0000000180001cc8 f i Delayimp:delayhlp.obj
 0001:00000d84       ?DloadGetSRWLockFunctionPointers@@YAEXZ 0000000180001d84 f i Delayimp:delayhlp.obj
 0001:00000e24       ?DloadMakePermanentImageCommit@@YAXPEAX_K@Z 0000000180001e24 f i Delayimp:delayhlp.obj
 0001:00000ebc       ?DloadObtainSection@@YAPEAXPEAK0@Z 0000000180001ebc f i Delayimp:delayhlp.obj
 0001:00000f58       ?DloadProtectSection@@YAXPEAX_KKPEAK@Z 0000000180001f58 f i Delayimp:delayhlp.obj
 0001:00001050       ?DloadReleaseSectionWriteAccess@@YAXXZ 0000000180002050 f i Delayimp:delayhlp.obj
 0001:000010fc       __delayLoadHelper2         00000001800020fc f   Delayimp:delayhlp.obj
 0001:000013f8       ??3@YAXPEAX@Z              00000001800023f8 f   MSVCRT:delete_scalar.obj
 0001:00001400       ??3@YAXPEAX_K@Z            0000000180002400 f   MSVCRT:delete_scalar_size.obj
 0001:00001400       ??_V@YAXPEAX@Z             0000000180002400 f   MSVCRT:delete_array.obj
 0001:00001408       ??_V@YAXPEAX_K@Z           0000000180002408 f   MSVCRT:delete_array_size.obj
 0001:00001410       ??_Etype_info@@UEAAPEAXI@Z 0000000180002410 f i MSVCRT:std_type_info_static.obj
 0001:00001410       ??_Gtype_info@@UEAAPEAXI@Z 0000000180002410 f i MSVCRT:std_type_info_static.obj
 0001:0000143c       ?__scrt_initialize_type_info@@YAXXZ 000000018000243c f   MSVCRT:tncleanup.obj
 0001:0000144c       ?__scrt_uninitialize_type_info@@YAXXZ 000000018000244c f   MSVCRT:tncleanup.obj
 0001:0000176c       _DllMainCRTStartup         000000018000276c f   MSVCRT:dll_dllmain.obj
 0001:000017ac       __security_init_cookie     00000001800027ac f   MSVCRT:gs_support.obj
 0001:0000185c       DllMain                    000000018000285c f   MSVCRT:dll_dllmain_stub.obj
 0001:00001880       __local_stdio_printf_options 0000000180002880 f i MSVCRT:default_local_stdio_options.obj
 0001:00001888       __local_stdio_scanf_options 0000000180002888 f i MSVCRT:default_local_stdio_options.obj
 0001:00001890       __scrt_initialize_default_local_stdio_options 0000000180002890 f   MSVCRT:default_local_stdio_options.obj
 0001:000018ac       __scrt_acquire_startup_lock 00000001800028ac f   MSVCRT:utility.obj
 0001:000018e8       __scrt_dllmain_after_initialize_c 00000001800028e8 f   MSVCRT:utility.obj
 0001:0000191c       __scrt_dllmain_before_initialize_c 000000018000291c f   MSVCRT:utility.obj
 0001:00001934       __scrt_dllmain_crt_thread_attach 0000000180002934 f   MSVCRT:utility.obj
 0001:0000195c       __scrt_dllmain_crt_thread_detach 000000018000295c f   MSVCRT:utility.obj
 0001:00001974       __scrt_dllmain_exception_filter 0000000180002974 f   MSVCRT:utility.obj
 0001:000019d4       __scrt_dllmain_uninitialize_c 00000001800029d4 f   MSVCRT:utility.obj
 0001:00001a04       __scrt_dllmain_uninitialize_critical 0000000180002a04 f   MSVCRT:utility.obj
 0001:00001a18       __scrt_initialize_crt      0000000180002a18 f   MSVCRT:utility.obj
 0001:00001a54       __scrt_initialize_onexit_tables 0000000180002a54 f   MSVCRT:utility.obj
 0001:00001ae0       __scrt_is_nonwritable_in_current_image 0000000180002ae0 f   MSVCRT:utility.obj
 0001:00001b78       __scrt_release_startup_lock 0000000180002b78 f   MSVCRT:utility.obj
 0001:00001b9c       __scrt_uninitialize_crt    0000000180002b9c f   MSVCRT:utility.obj
 0001:00001bc8       __scrt_get_dyn_tls_init_callback 0000000180002bc8 f   MSVCRT:dyn_tls_init.obj
 0001:00001bd0       __crt_debugger_hook        0000000180002bd0 f   MSVCRT:utility_desktop.obj
 0001:00001bdc       __scrt_fastfail            0000000180002bdc f   MSVCRT:utility_desktop.obj
 0001:00001d28       _RTC_Initialize            0000000180002d28 f   MSVCRT:initsect.obj
 0001:00001d64       _RTC_Terminate             0000000180002d64 f   MSVCRT:initsect.obj
 0001:00001da0       __isa_available_init       0000000180002da0 f   MSVCRT:cpu_disp.obj
 0001:00002038       _get_startup_argv_mode     0000000180003038 f   MSVCRT:argv_mode.obj
 0001:00002040       __scrt_is_ucrt_dll_in_use  0000000180003040 f   MSVCRT:ucrt_detection.obj
 0001:0000204c       _purecall                  000000018000304c f   vcruntime:VCRUNTIME140.dll
 0001:00002052       __std_type_info_name       0000000180003052 f   vcruntime:VCRUNTIME140.dll
 0001:00002058       strstr                     0000000180003058 f   vcruntime:VCRUNTIME140.dll
 0001:0000205e       __std_type_info_destroy_list 000000018000305e f   vcruntime:VCRUNTIME140.dll
 0001:00002064       __C_specific_handler       0000000180003064 f   vcruntime:VCRUNTIME140.dll
 0001:0000206a       memset                     000000018000306a f   vcruntime:VCRUNTIME140.dll
 0001:00002070       memcpy                     0000000180003070 f   vcruntime:VCRUNTIME140.dll
 0001:00002076       free                       0000000180003076 f   ucrt:api-ms-win-crt-heap-l1-1-0.dll
 0001:0000207c       _initterm                  000000018000307c f   ucrt:api-ms-win-crt-runtime-l1-1-0.dll
 0001:00002082       _initterm_e                0000000180003082 f   ucrt:api-ms-win-crt-runtime-l1-1-0.dll
 0001:00002088       _seh_filter_dll            0000000180003088 f   ucrt:api-ms-win-crt-runtime-l1-1-0.dll
 0001:0000208e       _configure_narrow_argv     000000018000308e f   ucrt:api-ms-win-crt-runtime-l1-1-0.dll
 0001:00002094       _initialize_narrow_environment 0000000180003094 f   ucrt:api-ms-win-crt-runtime-l1-1-0.dll
 0001:0000209a       _initialize_onexit_table   000000018000309a f   ucrt:api-ms-win-crt-runtime-l1-1-0.dll
 0001:000020a0       _execute_onexit_table      00000001800030a0 f   ucrt:api-ms-win-crt-runtime-l1-1-0.dll
 0001:000020a6       _cexit                     00000001800030a6 f   ucrt:api-ms-win-crt-runtime-l1-1-0.dll
 0001:000020ac       __acrt_initialize          00000001800030ac f   MSVCRT:ucrt_stubs.obj
 0001:000020ac       __acrt_thread_attach       00000001800030ac f   MSVCRT:ucrt_stubs.obj
 0001:000020ac       __acrt_thread_detach       00000001800030ac f   MSVCRT:ucrt_stubs.obj
 0001:000020ac       __acrt_uninitialize        00000001800030ac f   MSVCRT:ucrt_stubs.obj
 0001:000020ac       __acrt_uninitialize_critical 00000001800030ac f   MSVCRT:ucrt_stubs.obj
 0001:000020ac       __scrt_stub_for_acrt_initialize 00000001800030ac f   MSVCRT:ucrt_stubs.obj
 0001:000020ac       __scrt_stub_for_acrt_thread_attach 00000001800030ac f   MSVCRT:ucrt_stubs.obj
 0001:000020ac       __scrt_stub_for_acrt_thread_detach 00000001800030ac f   MSVCRT:ucrt_stubs.obj
 0001:000020ac       __scrt_stub_for_acrt_uninitialize 00000001800030ac f   MSVCRT:ucrt_stubs.obj
 0001:000020ac       __scrt_stub_for_acrt_uninitialize_critical 00000001800030ac f   MSVCRT:ucrt_stubs.obj
 0001:000020ac       __vcrt_initialize          00000001800030ac f   MSVCRT:ucrt_stubs.obj
 0001:000020ac       __vcrt_thread_attach       00000001800030ac f   MSVCRT:ucrt_stubs.obj
 0001:000020ac       __vcrt_thread_detach       00000001800030ac f   MSVCRT:ucrt_stubs.obj
 0001:000020ac       __vcrt_uninitialize        00000001800030ac f   MSVCRT:ucrt_stubs.obj
 0001:000020ac       __vcrt_uninitialize_critical 00000001800030ac f   MSVCRT:ucrt_stubs.obj
 0001:000020b0       __scrt_stub_for_is_c_termination_complete 00000001800030b0 f   MSVCRT:ucrt_stubs.obj
 0001:000020b0       _is_c_termination_complete 00000001800030b0 f   MSVCRT:ucrt_stubs.obj
 0001:000020d0       _guard_dispatch_icall_nop  00000001800030d0 f   MSVCRT:guard_dispatch.obj
 0001:000020f0       _guard_xfg_dispatch_icall_nop 00000001800030f0 f   MSVCRT:guard_xfg_dispatch.obj
 0002:00000000       __imp_LoadLibraryA         0000000180004000     kernel32:KERNEL32.dll
 0002:00000008       __imp_SetUnhandledExceptionFilter 0000000180004008     kernel32:KERNEL32.dll
 0002:00000010       __imp_UnhandledExceptionFilter 0000000180004010     kernel32:KERNEL32.dll
 0002:00000018       __imp_IsDebuggerPresent    0000000180004018     kernel32:KERNEL32.dll
 0002:00000020       __imp_RtlVirtualUnwind     0000000180004020     kernel32:KERNEL32.dll
 0002:00000028       __imp_RtlLookupFunctionEntry 0000000180004028     kernel32:KERNEL32.dll
 0002:00000030       __imp_RtlCaptureContext    0000000180004030     kernel32:KERNEL32.dll
 0002:00000038       __imp_DisableThreadLibraryCalls 0000000180004038     kernel32:KERNEL32.dll
 0002:00000040       __imp_GetSystemTimeAsFileTime 0000000180004040     kernel32:KERNEL32.dll
 0002:00000048       __imp_GetCurrentThreadId   0000000180004048     kernel32:KERNEL32.dll
 0002:00000050       __imp_GetCurrentProcessId  0000000180004050     kernel32:KERNEL32.dll
 0002:00000058       __imp_QueryPerformanceCounter 0000000180004058     kernel32:KERNEL32.dll
 0002:00000060       __imp_InitializeSListHead  0000000180004060     kernel32:KERNEL32.dll
 0002:00000068       __imp_LoadLibraryExA       0000000180004068     kernel32:KERNEL32.dll
 0002:00000070       __imp_GetProcAddress       0000000180004070     kernel32:KERNEL32.dll
 0002:00000078       __imp_GetModuleHandleW     0000000180004078     kernel32:KERNEL32.dll
 0002:00000080       __imp_FreeLibrary          0000000180004080     kernel32:KERNEL32.dll
 0002:00000088       __imp_VirtualQuery         0000000180004088     kernel32:KERNEL32.dll
 0002:00000090       __imp_VirtualProtect       0000000180004090     kernel32:KERNEL32.dll
 0002:00000098       __imp_GetSystemInfo        0000000180004098     kernel32:KERNEL32.dll
 0002:000000a0       __imp_GetLastError         00000001800040a0     kernel32:KERNEL32.dll
 0002:000000a8       __imp_RaiseException       00000001800040a8     kernel32:KERNEL32.dll
 0002:000000b0       __imp_IsProcessorFeaturePresent 00000001800040b0     kernel32:KERNEL32.dll
 0002:000000b8       \177KERNEL32_NULL_THUNK_DATA 00000001800040b8     kernel32:KERNEL32.dll
 0002:000000c0       __imp___C_specific_handler 00000001800040c0     vcruntime:VCRUNTIME140.dll
 0002:000000c8       __imp__purecall            00000001800040c8     vcruntime:VCRUNTIME140.dll
 0002:000000d0       __imp___std_type_info_name 00000001800040d0     vcruntime:VCRUNTIME140.dll
 0002:000000d8       __imp_strstr               00000001800040d8     vcruntime:VCRUNTIME140.dll
 0002:000000e0       __imp___std_type_info_destroy_list 00000001800040e0     vcruntime:VCRUNTIME140.dll
 0002:000000e8       __imp_memset               00000001800040e8     vcruntime:VCRUNTIME140.dll
 0002:000000f0       __imp_memcpy               00000001800040f0     vcruntime:VCRUNTIME140.dll
 0002:000000f8       \177VCRUNTIME140_NULL_THUNK_DATA 00000001800040f8     vcruntime:VCRUNTIME140.dll
 0002:00000100       __imp_free                 0000000180004100     ucrt:api-ms-win-crt-heap-l1-1-0.dll
 0002:00000108       \177api-ms-win-crt-heap-l1-1-0_NULL_THUNK_DATA 0000000180004108     ucrt:api-ms-win-crt-heap-l1-1-0.dll
 0002:00000110       __imp__initterm            0000000180004110     ucrt:api-ms-win-crt-runtime-l1-1-0.dll
 0002:00000118       __imp__initterm_e          0000000180004118     ucrt:api-ms-win-crt-runtime-l1-1-0.dll
 0002:00000120       __imp__seh_filter_dll      0000000180004120     ucrt:api-ms-win-crt-runtime-l1-1-0.dll
 0002:00000128       __imp__configure_narrow_argv 0000000180004128     ucrt:api-ms-win-crt-runtime-l1-1-0.dll
 0002:00000130       __imp__initialize_narrow_environment 0000000180004130     ucrt:api-ms-win-crt-runtime-l1-1-0.dll
 0002:00000138       __imp__initialize_onexit_table 0000000180004138     ucrt:api-ms-win-crt-runtime-l1-1-0.dll
 0002:00000140       __imp__execute_onexit_table 0000000180004140     ucrt:api-ms-win-crt-runtime-l1-1-0.dll
 0002:00000148       __imp__cexit               0000000180004148     ucrt:api-ms-win-crt-runtime-l1-1-0.dll
 0002:00000150       \177api-ms-win-crt-runtime-l1-1-0_NULL_THUNK_DATA 0000000180004150     ucrt:api-ms-win-crt-runtime-l1-1-0.dll
 0002:00000158       __guard_check_icall_fptr   0000000180004158     MSVCRT:guard_support.obj
 0002:00000160       __guard_xfg_check_icall_fptr 0000000180004160     MSVCRT:guard_support.obj
 0002:00000168       __guard_dispatch_icall_fptr 0000000180004168     MSVCRT:guard_support.obj
 0002:00000170       __guard_xfg_dispatch_icall_fptr 0000000180004170     MSVCRT:guard_support.obj
 0002:00000178       __guard_xfg_table_dispatch_icall_fptr 0000000180004178     MSVCRT:guard_support.obj
 0002:00000180       __castguard_check_failure_os_handled_fptr 0000000180004180     MSVCRT:guard_support.obj
 0002:00000188       __guard_memcpy_fptr        0000000180004188     vcruntime:softmemtag.obj
 0002:00000190       __xc_a                     0000000180004190     MSVCRT:initializers.obj
 0002:000001c8       __xc_z                     00000001800041c8     MSVCRT:initializers.obj
 0002:000001d0       __xi_a                     00000001800041d0     MSVCRT:initializers.obj
 0002:000001d8       __xi_z                     00000001800041d8     MSVCRT:initializers.obj
 0002:000001e0       __xp_a                     00000001800041e0     MSVCRT:initializers.obj
 0002:000001e8       __xp_z                     00000001800041e8     MSVCRT:initializers.obj
 0002:000001f0       __xt_a                     00000001800041f0     MSVCRT:initializers.obj
 0002:000001f8       __xt_z                     00000001800041f8     MSVCRT:initializers.obj
 0002:00000220       ??_7PxFoundation@physx@@6B@ 0000000180004220     Cooking.obj
 0002:00000290       ??_C@_0HA@DMLNEKEL@D?3?2_Projects?2_RealTimeRendering@ 0000000180004290     Cooking.obj
 0002:00000300       ??_C@_0BM@OIFKLHDN@?$DMallocation?5names?5disabled?$DO@ 0000000180004300     Cooking.obj
 0002:00000320       ??_C@_0GJ@LGDNGGNI@D?3?2_Projects?2_RealTimeRendering@ 0000000180004320     Cooking.obj
 0002:00000390       __xmm@000000003a83126f3a83126f3a83126f 0000000180004390     Cooking.obj
 0002:000003a0       __xmm@00000000ba83126fba83126fba83126f 00000001800043a0     Cooking.obj
 0002:000003b0       __xmm@3a83126f3a83126f3a83126f3a83126f 00000001800043b0     Cooking.obj
 0002:000003c0       __xmm@ba83126fba83126fba83126fba83126f 00000001800043c0     Cooking.obj
 0002:000003d0       ??_C@_0BA@EGLNOO@PhysXFoundation@ 00000001800043d0     WindowsCookingDelayLoadHook.obj
 0002:000003e0       ??_C@_0M@ILKNCJKN@PhysXCommon@ 00000001800043e0     WindowsCookingDelayLoadHook.obj
 0002:000003f0       __sz_PhysXCommon_64_dll    00000001800043f0     PhysXCommon_64:PhysXCommon_64.dll
 0002:00000410       __sz_PhysXFoundation_64_dll 0000000180004410     PhysXFoundation_64:PhysXFoundation_64.dll
 0002:00000428       ??_C@_1BK@DBDEIDLH@?$AAK?$AAE?$AAR?$AAN?$AAE?$AAL?$AA3?$AA2?$AA?4?$AAD?$AAL?$AAL@ 0000000180004428     Delayimp:delayhlp.obj
 0002:00000448       ??_C@_0BI@OMNLIJDB@AcquireSRWLockExclusive@ 0000000180004448     Delayimp:delayhlp.obj
 0002:00000460       ??_C@_0BI@HMIEPCNJ@ReleaseSRWLockExclusive@ 0000000180004460     Delayimp:delayhlp.obj
 0002:00000478       __pfnDliFailureHook2       0000000180004478     Delayimp:delayhk1.obj
 0002:00000480       __bChangeProtectionOfWholeDloadSection 0000000180004480     Delayimp:delaygv1.obj
 0002:00000490       ??_7type_info@@6B@         0000000180004490     MSVCRT:std_type_info_static.obj
 0002:00000498       _pDefaultRawDllMain        0000000180004498     MSVCRT:dll_dllmain.obj
 0002:00000498       _pRawDllMain               0000000180004498     MSVCRT:dll_dllmain.obj
 0002:000004a0       _load_config_used          00000001800044a0     MSVCRT:loadcfg.obj
 0002:000005e0       __xmm@ffffffffffffffffffffffffffffffff 00000001800045e0     MSVCRT:utility.obj
 0002:00000680       ??_R4type_info@@6B@        0000000180004680     MSVCRT:std_type_info_static.obj
 0002:000006a8       ??_R3type_info@@8          00000001800046a8     MSVCRT:std_type_info_static.obj
 0002:000006c0       ??_R2type_info@@8          00000001800046c0     MSVCRT:std_type_info_static.obj
 0002:000006d0       ??_R1A@?0A@EA@type_info@@8 00000001800046d0     MSVCRT:std_type_info_static.obj
 0002:000006f4       __volatile_metadata        00000001800046f4     <linker-defined>
 0002:00000b68       __rtc_iaa                  0000000180004b68     MSVCRT:initsect.obj
 0002:00000b70       __rtc_izz                  0000000180004b70     MSVCRT:initsect.obj
 0002:00000b78       __rtc_taa                  0000000180004b78     MSVCRT:initsect.obj
 0002:00000b80       __rtc_tzz                  0000000180004b80     MSVCRT:initsect.obj
 0002:00000e50       __DELAY_IMPORT_DESCRIPTOR_physxcommon_64_dll 0000000180004e50     PhysXCommon_64:PhysXCommon_64.dll
 0002:00000e70       __DELAY_IMPORT_DESCRIPTOR_physxfoundation_64_dll 0000000180004e70     PhysXFoundation_64:PhysXFoundation_64.dll
 0002:00000e90       __NULL_DELAY_IMPORT_DESCRIPTOR 0000000180004e90     PhysXCommon_64:PhysXCommon_64.dll
 0002:00000f68       \177PhysXCommon_64_NULL_THUNK_DATA_DLN 0000000180004f68     PhysXCommon_64:PhysXCommon_64.dll
 0002:00000f78       \177PhysXFoundation_64_NULL_THUNK_DATA_DLN 0000000180004f78     PhysXFoundation_64:PhysXFoundation_64.dll
 0002:00001208       \177PhysXCommon_64_NULL_THUNK_DATA_DLB 0000000180005208     PhysXCommon_64:PhysXCommon_64.dll
 0002:000012c8       \177PhysXFoundation_64_NULL_THUNK_DATA_DLB 00000001800052c8     PhysXFoundation_64:PhysXFoundation_64.dll
 0002:00001ee8       __IMPORT_DESCRIPTOR_KERNEL32 0000000180005ee8     kernel32:KERNEL32.dll
 0002:00001efc       __IMPORT_DESCRIPTOR_VCRUNTIME140 0000000180005efc     vcruntime:VCRUNTIME140.dll
 0002:00001f10       __IMPORT_DESCRIPTOR_api-ms-win-crt-heap-l1-1-0 0000000180005f10     ucrt:api-ms-win-crt-heap-l1-1-0.dll
 0002:00001f24       __IMPORT_DESCRIPTOR_api-ms-win-crt-runtime-l1-1-0 0000000180005f24     ucrt:api-ms-win-crt-runtime-l1-1-0.dll
 0002:00001f38       __NULL_IMPORT_DESCRIPTOR   0000000180005f38     kernel32:KERNEL32.dll
 0003:00000000       __pfnDliNotifyHook2        0000000180007000     WindowsCookingDelayLoadHook.obj
 0003:00000008       _fltused                   0000000180007008     MSVCRT:fltused.obj
 0003:0000000c       __scrt_native_dllmain_reason 000000018000700c     MSVCRT:utility.obj
 0003:00000040       __security_cookie          0000000180007040     MSVCRT:gs_cookie.obj
 0003:00000080       __security_cookie_complement 0000000180007080     MSVCRT:gs_cookie.obj
 0003:00000090       __isa_inverted             0000000180007090     MSVCRT:cpu_disp.obj
 0003:00000098       __isa_available            0000000180007098     MSVCRT:cpu_disp.obj
 0003:0000009c       __isa_enabled              000000018000709c     MSVCRT:cpu_disp.obj
 0003:000000a0       __memset_fast_string_threshold 00000001800070a0     MSVCRT:cpu_disp.obj
 0003:000000a8       __memset_nt_threshold      00000001800070a8     MSVCRT:cpu_disp.obj
 0003:000000b0       __scrt_ucrt_dll_is_in_use  00000001800070b0     MSVCRT:ucrt_stubs.obj
 0003:000000b8       ??_R0?AVBVH@Gu@physx@@@8   00000001800070b8     Cooking.obj
 0003:000000e0       ??_R0?AVBV4TriangleMesh@Gu@physx@@@8 00000001800070e0     Cooking.obj
 0003:00000110       ??_R0?AUSlab@NodeAllocator@Gu@physx@@@8 0000000180007110     Cooking.obj
 0003:00000148       ??_R0?AVtype_info@@@8      0000000180007148     MSVCRT:std_type_info_static.obj
 0003:00000168       __imp_getInsertionCallback 0000000180007168     PhysXCommon_64:PhysXCommon_64.dll
 0003:00000170       __imp_??0BV4TriangleMesh@Gu@physx@@QEAA@AEBUPxTriangleMeshInternalData@2@@Z 0000000180007170     PhysXCommon_64:PhysXCommon_64.dll
 0003:00000178       __imp_cookBVH              0000000180007178     PhysXCommon_64:PhysXCommon_64.dll
 0003:00000180       __imp_createBVH            0000000180007180     PhysXCommon_64:PhysXCommon_64.dll
 0003:00000188       __imp_cookHeightField      0000000180007188     PhysXCommon_64:PhysXCommon_64.dll
 0003:00000190       __imp_createHeightField    0000000180007190     PhysXCommon_64:PhysXCommon_64.dll
 0003:00000198       __imp_cookConvexMesh       0000000180007198     PhysXCommon_64:PhysXCommon_64.dll
 0003:000001a0       __imp_createConvexMesh     00000001800071a0     PhysXCommon_64:PhysXCommon_64.dll
 0003:000001a8       __imp_validateConvexMesh   00000001800071a8     PhysXCommon_64:PhysXCommon_64.dll
 0003:000001b0       __imp_computeHullPolygons  00000001800071b0     PhysXCommon_64:PhysXCommon_64.dll
 0003:000001b8       __imp_validateTriangleMesh 00000001800071b8     PhysXCommon_64:PhysXCommon_64.dll
 0003:000001c0       __imp_createTriangleMesh   00000001800071c0     PhysXCommon_64:PhysXCommon_64.dll
 0003:000001c8       __imp_cookTriangleMesh     00000001800071c8     PhysXCommon_64:PhysXCommon_64.dll
 0003:000001d0       __imp_cookTetrahedronMesh  00000001800071d0     PhysXCommon_64:PhysXCommon_64.dll
 0003:000001d8       __imp_createTetrahedronMesh 00000001800071d8     PhysXCommon_64:PhysXCommon_64.dll
 0003:000001e0       __imp_cookDeformableVolumeMesh 00000001800071e0     PhysXCommon_64:PhysXCommon_64.dll
 0003:000001e8       __imp_createDeformableVolumeMesh 00000001800071e8     PhysXCommon_64:PhysXCommon_64.dll
 0003:000001f0       __imp_computeModelsMapping 00000001800071f0     PhysXCommon_64:PhysXCommon_64.dll
 0003:000001f8       __imp_computeCollisionData 00000001800071f8     PhysXCommon_64:PhysXCommon_64.dll
 0003:00000200       __imp_computeSimulationData 0000000180007200     PhysXCommon_64:PhysXCommon_64.dll
 0003:00000208       __imp_assembleDeformableVolumeMesh 0000000180007208     PhysXCommon_64:PhysXCommon_64.dll
 0003:00000210       __imp_?release@AABBTreeBounds@Gu@physx@@QEAAXXZ 0000000180007210     PhysXCommon_64:PhysXCommon_64.dll
 0003:00000218       __imp_??0BVH@Gu@physx@@QEAA@AEBUPxBVHInternalData@2@@Z 0000000180007218     PhysXCommon_64:PhysXCommon_64.dll
 0003:00000220       \177PhysXCommon_64_NULL_THUNK_DATA_DLA 0000000180007220     PhysXCommon_64:PhysXCommon_64.dll
 0003:00000228       __imp_PxGetBroadcastAllocator 0000000180007228     PhysXFoundation_64:PhysXFoundation_64.dll
 0003:00000230       \177PhysXFoundation_64_NULL_THUNK_DATA_DLA 0000000180007230     PhysXFoundation_64:PhysXFoundation_64.dll
 0003:000002a8       __hmod__PhysXCommon_64_dll 00000001800072a8     PhysXCommon_64:PhysXCommon_64.dll
 0003:000002b0       __hmod__PhysXFoundation_64_dll 00000001800072b0     PhysXFoundation_64:PhysXFoundation_64.dll
 0003:000002b8       ?DloadKernel32@@3PEAUHINSTANCE__@@EA 00000001800072b8     Delayimp:delayhlp.obj
 0003:000002c0       ?DloadAcquireSRWLockExclusive@@3P6AXPEA_K@ZEA 00000001800072c0     Delayimp:delayhlp.obj
 0003:000002c8       ?DloadReleaseSRWLockExclusive@@3P6AXPEA_K@ZEA 00000001800072c8     Delayimp:delayhlp.obj
 0003:000002d0       ?DloadSrwLock@@3_KA        00000001800072d0     Delayimp:delayhlp.obj
 0003:000002d8       ?DloadSectionLockCount@@3KA 00000001800072d8     Delayimp:delayhlp.obj
 0003:000002dc       ?DloadSectionOldProtection@@3KA 00000001800072dc     Delayimp:delayhlp.obj
 0003:000002e0       ?DloadSectionCommitPermanent@@3KA 00000001800072e0     Delayimp:delayhlp.obj
 0003:000002f0       ?__type_info_root_node@@3U__type_info_node@@A 00000001800072f0     MSVCRT:tncleanup.obj
 0003:00000308       ?_OptionsStorage@?1??__local_stdio_printf_options@@9@4_KA 0000000180007308     MSVCRT:default_local_stdio_options.obj
 0003:00000310       ?_OptionsStorage@?1??__local_stdio_scanf_options@@9@4_KA 0000000180007310     MSVCRT:default_local_stdio_options.obj
 0003:00000318       __scrt_current_native_startup_state 0000000180007318     MSVCRT:utility.obj
 0003:00000320       __scrt_native_startup_lock 0000000180007320     MSVCRT:utility.obj
 0003:00000360       __scrt_debugger_hook_flag  0000000180007360     MSVCRT:utility_desktop.obj
 0003:00000364       __avx10_version            0000000180007364     MSVCRT:cpu_disp.obj
 0003:00000368       __favor                    0000000180007368     MSVCRT:cpu_disp.obj
 0003:00000370       __dyn_tls_init_callback    0000000180007370     <common>

 entry point at        0001:0000176c

 Static symbols

 0000:ffff5000       .debug$S                   0000000180000000     PhysXCooking_64.exp
 0000:ffff5000       .debug$S                   0000000180000000     ucrt:api-ms-win-crt-heap-l1-1-0.dll
 0000:ffff5000       .debug$S                   0000000180000000     ucrt:api-ms-win-crt-runtime-l1-1-0.dll
 0000:ffff5000       .debug$S                   0000000180000000     ucrt:api-ms-win-crt-runtime-l1-1-0.dll
 0000:ffff5000       .debug$S                   0000000180000000     ucrt:api-ms-win-crt-runtime-l1-1-0.dll
 0000:ffff5000       .debug$S                   0000000180000000     ucrt:api-ms-win-crt-runtime-l1-1-0.dll
 0000:ffff5000       .debug$S                   0000000180000000     ucrt:api-ms-win-crt-runtime-l1-1-0.dll
 0000:ffff5000       .debug$S                   0000000180000000     ucrt:api-ms-win-crt-runtime-l1-1-0.dll
 0000:ffff5000       .debug$S                   0000000180000000     ucrt:api-ms-win-crt-runtime-l1-1-0.dll
 0000:ffff5000       .debug$S                   0000000180000000     ucrt:api-ms-win-crt-runtime-l1-1-0.dll
 0000:ffff5000       .debug$S                   0000000180000000     ucrt:api-ms-win-crt-runtime-l1-1-0.dll
 0000:ffff5000       .debug$S                   0000000180000000     ucrt:api-ms-win-crt-runtime-l1-1-0.dll
 0000:ffff5000       .debug$S                   0000000180000000     ucrt:api-ms-win-crt-runtime-l1-1-0.dll
 0000:ffff5000       .debug$S                   0000000180000000     ucrt:api-ms-win-crt-runtime-l1-1-0.dll
 0000:ffff5000       .debug$S                   0000000180000000     kernel32:KERNEL32.dll
 0000:ffff5000       .debug$S                   0000000180000000     kernel32:KERNEL32.dll
 0000:ffff5000       .debug$S                   0000000180000000     kernel32:KERNEL32.dll
 0000:ffff5000       .debug$S                   0000000180000000     kernel32:KERNEL32.dll
 0000:ffff5000       .debug$S                   0000000180000000     kernel32:KERNEL32.dll
 0000:ffff5000       .debug$S                   0000000180000000     kernel32:KERNEL32.dll
 0000:ffff5000       .debug$S                   0000000180000000     kernel32:KERNEL32.dll
 0000:ffff5000       .debug$S                   0000000180000000     kernel32:KERNEL32.dll
 0000:ffff5000       .debug$S                   0000000180000000     kernel32:KERNEL32.dll
 0000:ffff5000       .debug$S                   0000000180000000     kernel32:KERNEL32.dll
 0000:ffff5000       .debug$S                   0000000180000000     kernel32:KERNEL32.dll
 0000:ffff5000       .debug$S                   0000000180000000     kernel32:KERNEL32.dll
 0000:ffff5000       .debug$S                   0000000180000000     kernel32:KERNEL32.dll
 0000:ffff5000       .debug$S                   0000000180000000     kernel32:KERNEL32.dll
 0000:ffff5000       .debug$S                   0000000180000000     kernel32:KERNEL32.dll
 0000:ffff5000       .debug$S                   0000000180000000     kernel32:KERNEL32.dll
 0000:ffff5000       .debug$S                   0000000180000000     kernel32:KERNEL32.dll
 0000:ffff5000       .debug$S                   0000000180000000     kernel32:KERNEL32.dll
 0000:ffff5000       .debug$S                   0000000180000000     kernel32:KERNEL32.dll
 0000:ffff5000       .debug$S                   0000000180000000     kernel32:KERNEL32.dll
 0000:ffff5000       .debug$S                   0000000180000000     kernel32:KERNEL32.dll
 0000:ffff5000       .debug$S                   0000000180000000     kernel32:KERNEL32.dll
 0000:ffff5000       .debug$S                   0000000180000000     kernel32:KERNEL32.dll
 0000:ffff5000       .debug$S                   0000000180000000     kernel32:KERNEL32.dll
 0000:ffff5000       .debug$S                   0000000180000000     vcruntime:VCRUNTIME140.dll
 0000:ffff5000       .debug$S                   0000000180000000     vcruntime:VCRUNTIME140.dll
 0000:ffff5000       .debug$S                   0000000180000000     vcruntime:VCRUNTIME140.dll
 0000:ffff5000       .debug$S                   0000000180000000     vcruntime:VCRUNTIME140.dll
 0000:ffff5000       .debug$S                   0000000180000000     vcruntime:VCRUNTIME140.dll
 0000:ffff5000       .debug$S                   0000000180000000     vcruntime:VCRUNTIME140.dll
 0000:ffff5000       .debug$S                   0000000180000000     vcruntime:VCRUNTIME140.dll
 0000:ffff5000       .debug$S                   0000000180000000     vcruntime:VCRUNTIME140.dll
 0000:ffff5000       .debug$S                   0000000180000000     vcruntime:VCRUNTIME140.dll
 0000:ffff5000       .debug$S                   0000000180000000     PhysXCommon_64:PhysXCommon_64.dll
 0000:ffff5000       .debug$S                   0000000180000000     PhysXCommon_64:PhysXCommon_64.dll
 0000:ffff5000       .debug$S                   0000000180000000     PhysXCommon_64:PhysXCommon_64.dll
 0000:ffff5000       .debug$S                   0000000180000000     PhysXCommon_64:PhysXCommon_64.dll
 0000:ffff5000       .debug$S                   0000000180000000     PhysXCommon_64:PhysXCommon_64.dll
 0000:ffff5000       .debug$S                   0000000180000000     PhysXCommon_64:PhysXCommon_64.dll
 0000:ffff5000       .debug$S                   0000000180000000     PhysXCommon_64:PhysXCommon_64.dll
 0000:ffff5000       .debug$S                   0000000180000000     PhysXCommon_64:PhysXCommon_64.dll
 0000:ffff5000       .debug$S                   0000000180000000     PhysXCommon_64:PhysXCommon_64.dll
 0000:ffff5000       .debug$S                   0000000180000000     PhysXCommon_64:PhysXCommon_64.dll
 0000:ffff5000       .debug$S                   0000000180000000     PhysXCommon_64:PhysXCommon_64.dll
 0000:ffff5000       .debug$S                   0000000180000000     PhysXCommon_64:PhysXCommon_64.dll
 0000:ffff5000       .debug$S                   0000000180000000     PhysXCommon_64:PhysXCommon_64.dll
 0000:ffff5000       .debug$S                   0000000180000000     PhysXCommon_64:PhysXCommon_64.dll
 0000:ffff5000       .debug$S                   0000000180000000     PhysXCommon_64:PhysXCommon_64.dll
 0000:ffff5000       .debug$S                   0000000180000000     PhysXCommon_64:PhysXCommon_64.dll
 0000:ffff5000       .debug$S                   0000000180000000     PhysXCommon_64:PhysXCommon_64.dll
 0000:ffff5000       .debug$S                   0000000180000000     PhysXCommon_64:PhysXCommon_64.dll
 0000:ffff5000       .debug$S                   0000000180000000     PhysXCommon_64:PhysXCommon_64.dll
 0000:ffff5000       .debug$S                   0000000180000000     PhysXCommon_64:PhysXCommon_64.dll
 0000:ffff5000       .debug$S                   0000000180000000     PhysXCommon_64:PhysXCommon_64.dll
 0000:ffff5000       .debug$S                   0000000180000000     PhysXCommon_64:PhysXCommon_64.dll
 0000:ffff5000       .debug$S                   0000000180000000     PhysXCommon_64:PhysXCommon_64.dll
 0000:ffff5000       .debug$S                   0000000180000000     PhysXFoundation_64:PhysXFoundation_64.dll
 0001:00000000       ??__EmaxFError@vecMathTests@aos@physx@@YAXXZ 0000000180001000 f   Cooking.obj
 0001:00000010       ??__EmaxV3Error@vecMathTests@aos@physx@@YAXXZ 0000000180001010 f   Cooking.obj
 0001:00000020       ??__EmaxV4Error@vecMathTests@aos@physx@@YAXXZ 0000000180001020 f   Cooking.obj
 0001:00000030       ??__EminFError@vecMathTests@aos@physx@@YAXXZ 0000000180001030 f   Cooking.obj
 0001:00000040       ??__EminV3Error@vecMathTests@aos@physx@@YAXXZ 0000000180001040 f   Cooking.obj
 0001:00000050       ??__EminV4Error@vecMathTests@aos@physx@@YAXXZ 0000000180001050 f   Cooking.obj
 0001:00000910       $LN24                      0000000180001910     WindowsCookingDelayLoadHook.obj
 0001:00000bdc       ??$GuardedWrite@V<lambda_1>@?1??__delayLoadHelper2@@YAP6A_JXZPEBUImgDelayDescr@@PEAP6A_JXZ@Z@@@YAXPEAX_KV<lambda_1>@?1??__delayLoadHelper2@@YAP6A_JXZPEBUImgDelayDescr@@PEAP6A_JXZ@Z@@Z 0000000180001bdc f   Delayimp:delayhlp.obj
 0001:00001458       ?dllmain_crt_dispatch@@YAHQEAUHINSTANCE__@@KQEAX@Z 0000000180002458 f   MSVCRT:dll_dllmain.obj
 0001:000014a8       ?dllmain_crt_process_attach@@YAHQEAUHINSTANCE__@@QEAX@Z 00000001800024a8 f   MSVCRT:dll_dllmain.obj
 0001:000015c0       ?dllmain_crt_process_detach@@YAH_N@Z 00000001800025c0 f   MSVCRT:dll_dllmain.obj
 0001:00001644       ?dllmain_dispatch@@YAHQEAUHINSTANCE__@@KQEAX@Z 0000000180002644 f   MSVCRT:dll_dllmain.obj
 0001:000020c0       $$000000                   00000001800030c0     MSVCRT:guard_dispatch.obj
 0001:000020e0       $$000000                   00000001800030e0     MSVCRT:guard_xfg_dispatch.obj
 0001:000020f6       ?fin$0@?0??dllmain_crt_process_attach@@YAHQEAUHINSTANCE__@@QEAX@Z@4HA 00000001800030f6 f   MSVCRT:dll_dllmain.obj
 0001:0000210d       ?fin$0@?0??dllmain_crt_process_detach@@YAH_N@Z@4HA 000000018000310d f   MSVCRT:dll_dllmain.obj
 0001:00002126       ?fin$1@?0??dllmain_crt_process_detach@@YAH_N@Z@4HA 0000000180003126 f   MSVCRT:dll_dllmain.obj
 0001:0000213a       ?filt$0@?0??dllmain_dispatch@@YAHQEAUHINSTANCE__@@KQEAX@Z@4HA 000000018000313a f   MSVCRT:dll_dllmain.obj
 0001:00002170       __scrt_is_nonwritable_in_current_image$filt$0 0000000180003170 f   MSVCRT:utility.obj
 0002:00000198       ?minFError$initializer$@vecMathTests@aos@physx@@3P6AXXZEA 0000000180004198     Cooking.obj
 0002:000001a0       ?maxFError$initializer$@vecMathTests@aos@physx@@3P6AXXZEA 00000001800041a0     Cooking.obj
 0002:000001a8       ?minV3Error$initializer$@vecMathTests@aos@physx@@3P6AXXZEA 00000001800041a8     Cooking.obj
 0002:000001b0       ?maxV3Error$initializer$@vecMathTests@aos@physx@@3P6AXXZEA 00000001800041b0     Cooking.obj
 0002:000001b8       ?minV4Error$initializer$@vecMathTests@aos@physx@@3P6AXXZEA 00000001800041b8     Cooking.obj
 0002:000001c0       ?maxV4Error$initializer$@vecMathTests@aos@physx@@3P6AXXZEA 00000001800041c0     Cooking.obj
 0002:00000200       ?gMaskXYZ@internalSimd@aos@physx@@3QBIB 0000000180004200     Cooking.obj
 0002:00000210       ?minus1w@?A0x31b619fd@aos@physx@@3QBMB 0000000180004210     Cooking.obj
 0002:00000b88       $unwind$??_EPxFoundation@physx@@MEAAPEAXI@Z 0000000180004b88     Cooking.obj
 0002:00000b88       $unwind$?DloadAcquireSectionWriteAccess@@YAXXZ 0000000180004b88     Delayimp:delayhlp.obj
 0002:00000b88       $unwind$??_Gtype_info@@UEAAPEAXI@Z 0000000180004b88     MSVCRT:std_type_info_static.obj
 0002:00000b88       $unwind$__scrt_initialize_onexit_tables 0000000180004b88     MSVCRT:utility.obj
 0002:00000b88       $unwind$__scrt_release_startup_lock 0000000180004b88     MSVCRT:utility.obj
 0002:00000b88       $unwind$__scrt_uninitialize_crt 0000000180004b88     MSVCRT:utility.obj
 0002:00000b90       $chain$0$??_EPxFoundation@physx@@MEAAPEAXI@Z 0000000180004b90     Cooking.obj
 0002:00000ba4       $chain$1$??_EPxFoundation@physx@@MEAAPEAXI@Z 0000000180004ba4     Cooking.obj
 0002:00000bb4       $unwind$??1AABBTreeBuildParams@Gu@physx@@QEAA@XZ 0000000180004bb4     Cooking.obj
 0002:00000bb4       $unwind$?reset@AABBTreeBuildParams@Gu@physx@@QEAAXXZ 0000000180004bb4     Cooking.obj
 0002:00000bb4       $unwind$_DllMainCRTStartup 0000000180004bb4     MSVCRT:dll_dllmain.obj
 0002:00000bc4       $unwind$?allocate@?$PxArray@USlab@NodeAllocator@Gu@physx@@V?$PxReflectionAllocator@USlab@NodeAllocator@Gu@physx@@@4@@physx@@IEAAPEAUSlab@NodeAllocator@Gu@2@IPEAI@Z 0000000180004bc4     Cooking.obj
 0002:00000bd0       $unwind$?recreate@?$PxArray@USlab@NodeAllocator@Gu@physx@@V?$PxReflectionAllocator@USlab@NodeAllocator@Gu@physx@@@4@@physx@@IEAAXI@Z 0000000180004bd0     Cooking.obj
 0002:00000bdc       $chain$0$?recreate@?$PxArray@USlab@NodeAllocator@Gu@physx@@V?$PxReflectionAllocator@USlab@NodeAllocator@Gu@physx@@@4@@physx@@IEAAXI@Z 0000000180004bdc     Cooking.obj
 0002:00000bf0       $chain$1$?recreate@?$PxArray@USlab@NodeAllocator@Gu@physx@@V?$PxReflectionAllocator@USlab@NodeAllocator@Gu@physx@@@4@@physx@@IEAAXI@Z 0000000180004bf0     Cooking.obj
 0002:00000c00       $chain$2$?recreate@?$PxArray@USlab@NodeAllocator@Gu@physx@@V?$PxReflectionAllocator@USlab@NodeAllocator@Gu@physx@@@4@@physx@@IEAAXI@Z 0000000180004c00     Cooking.obj
 0002:00000c14       $chain$3$?recreate@?$PxArray@USlab@NodeAllocator@Gu@physx@@V?$PxReflectionAllocator@USlab@NodeAllocator@Gu@physx@@@4@@physx@@IEAAXI@Z 0000000180004c14     Cooking.obj
 0002:00000c24       $unwind$??$copy@V?$PxReflectionAllocator@USlab@NodeAllocator@Gu@physx@@@physx@@@?$PxArray@USlab@NodeAllocator@Gu@physx@@V?$PxReflectionAllocator@USlab@NodeAllocator@Gu@physx@@@4@@physx@@IEAAXAEBV01@@Z 0000000180004c24     Cooking.obj
 0002:00000c24       $unwind$??0NodeAllocator@Gu@physx@@QEAA@AEBV012@@Z 0000000180004c24     Cooking.obj
 0002:00000c24       $unwind$?DloadGetSRWLockFunctionPointers@@YAEXZ 0000000180004c24     Delayimp:delayhlp.obj
 0002:00000c24       $unwind$_RTC_Initialize    0000000180004c24     MSVCRT:initsect.obj
 0002:00000c24       $unwind$_RTC_Terminate     0000000180004c24     MSVCRT:initsect.obj
 0002:00000c30       $unwind$??4NodeAllocator@Gu@physx@@QEAAAEAV012@AEBV012@@Z 0000000180004c30     Cooking.obj
 0002:00000c44       $unwind$PxCreateBVHInternal 0000000180004c44     Cooking.obj
 0002:00000c44       $unwind$PxCreateTriangleMeshInternal 0000000180004c44     Cooking.obj
 0002:00000c50       $unwind$?cookingDelayHook@@YAP6A_JXZIPEAUDelayLoadInfo@@@Z 0000000180004c50     WindowsCookingDelayLoadHook.obj
 0002:00000c50       $unwind$?DloadReleaseSectionWriteAccess@@YAXXZ 0000000180004c50     Delayimp:delayhlp.obj
 0002:00000c50       $unwind$__scrt_initialize_default_local_stdio_options 0000000180004c50     MSVCRT:default_local_stdio_options.obj
 0002:00000c50       $unwind$?dllmain_crt_dispatch@@YAHQEAUHINSTANCE__@@KQEAX@Z 0000000180004c50     MSVCRT:dll_dllmain.obj
 0002:00000c50       $unwind$DllMain            0000000180004c50     MSVCRT:dll_dllmain_stub.obj
 0002:00000c50       $unwind$__scrt_acquire_startup_lock 0000000180004c50     MSVCRT:utility.obj
 0002:00000c50       $unwind$__scrt_dllmain_after_initialize_c 0000000180004c50     MSVCRT:utility.obj
 0002:00000c50       $unwind$__scrt_dllmain_before_initialize_c 0000000180004c50     MSVCRT:utility.obj
 0002:00000c50       $unwind$__scrt_dllmain_crt_thread_attach 0000000180004c50     MSVCRT:utility.obj
 0002:00000c50       $unwind$__scrt_dllmain_crt_thread_detach 0000000180004c50     MSVCRT:utility.obj
 0002:00000c50       $unwind$__scrt_dllmain_uninitialize_c 0000000180004c50     MSVCRT:utility.obj
 0002:00000c50       $unwind$__scrt_dllmain_uninitialize_critical 0000000180004c50     MSVCRT:utility.obj
 0002:00000c50       $unwind$__scrt_initialize_crt 0000000180004c50     MSVCRT:utility.obj
 0002:00000c58       $chain$1$?cookingDelayHook@@YAP6A_JXZIPEAUDelayLoadInfo@@@Z 0000000180004c58     WindowsCookingDelayLoadHook.obj
 0002:00000c70       $chain$3$?cookingDelayHook@@YAP6A_JXZIPEAUDelayLoadInfo@@@Z 0000000180004c70     WindowsCookingDelayLoadHook.obj
 0002:00000c70       $chain$5$?cookingDelayHook@@YAP6A_JXZIPEAUDelayLoadInfo@@@Z 0000000180004c70     WindowsCookingDelayLoadHook.obj
 0002:00000c88       $chain$6$?cookingDelayHook@@YAP6A_JXZIPEAUDelayLoadInfo@@@Z 0000000180004c88     WindowsCookingDelayLoadHook.obj
 0002:00000c98       xdata                      0000000180004c98     PhysXCommon_64:PhysXCommon_64.dll
 0002:00000ca0       xdata                      0000000180004ca0     PhysXFoundation_64:PhysXFoundation_64.dll
 0002:00000ca8       $unwind$?DloadObtainSection@@YAPEAXPEAK0@Z 0000000180004ca8     Delayimp:delayhlp.obj
 0002:00000cb8       $unwind$?DloadMakePermanentImageCommit@@YAXPEAX_K@Z 0000000180004cb8     Delayimp:delayhlp.obj
 0002:00000cc4       $unwind$?DloadProtectSection@@YAXPEAX_KKPEAK@Z 0000000180004cc4     Delayimp:delayhlp.obj
 0002:00000cdc       $unwind$__delayLoadHelper2 0000000180004cdc     Delayimp:delayhlp.obj
 0002:00000cf8       $unwind$??$GuardedWrite@V<lambda_1>@?1??__delayLoadHelper2@@YAP6A_JXZPEBUImgDelayDescr@@PEAP6A_JXZ@Z@@@YAXPEAX_KV<lambda_1>@?1??__delayLoadHelper2@@YAP6A_JXZPEBUImgDelayDescr@@PEAP6A_JXZ@Z@@Z 0000000180004cf8     Delayimp:delayhlp.obj
 0002:00000d0c       $unwind$?dllmain_crt_process_attach@@YAHQEAUHINSTANCE__@@QEAX@Z 0000000180004d0c     MSVCRT:dll_dllmain.obj
 0002:00000d48       $unwind$?fin$0@?0??dllmain_crt_process_attach@@YAHQEAUHINSTANCE__@@QEAX@Z@4HA 0000000180004d48     MSVCRT:dll_dllmain.obj
 0002:00000d48       $unwind$?fin$0@?0??dllmain_crt_process_detach@@YAH_N@Z@4HA 0000000180004d48     MSVCRT:dll_dllmain.obj
 0002:00000d48       $unwind$?fin$1@?0??dllmain_crt_process_detach@@YAH_N@Z@4HA 0000000180004d48     MSVCRT:dll_dllmain.obj
 0002:00000d50       $unwind$?dllmain_crt_process_detach@@YAH_N@Z 0000000180004d50     MSVCRT:dll_dllmain.obj
 0002:00000da4       $unwind$?dllmain_dispatch@@YAHQEAUHINSTANCE__@@KQEAX@Z 0000000180004da4     MSVCRT:dll_dllmain.obj
 0002:00000dcc       $unwind$?filt$0@?0??dllmain_dispatch@@YAHQEAUHINSTANCE__@@KQEAX@Z@4HA 0000000180004dcc     MSVCRT:dll_dllmain.obj
 0002:00000dd4       $unwind$__security_init_cookie 0000000180004dd4     MSVCRT:gs_support.obj
 0002:00000de0       $unwind$__scrt_is_nonwritable_in_current_image 0000000180004de0     MSVCRT:utility.obj
 0002:00000e00       $unwind$__scrt_is_nonwritable_in_current_image$filt$0 0000000180004e00     MSVCRT:utility.obj
 0002:00000e08       $unwind$__scrt_dllmain_exception_filter 0000000180004e08     MSVCRT:utility.obj
 0002:00000e1c       $unwind$__scrt_fastfail    0000000180004e1c     MSVCRT:utility_desktop.obj
 0002:00000e30       $xdatasym                  0000000180004e30     MSVCRT:guard_dispatch.obj
 0002:00000e38       $xdatasym                  0000000180004e38     MSVCRT:guard_xfg_dispatch.obj
 0002:00000e3c       $unwind$__isa_available_init 0000000180004e3c     MSVCRT:cpu_disp.obj
 0002:000013f0       .edata                     00000001800053f0     PhysXCooking_64.exp
 0002:00001418       rgpv                       0000000180005418     PhysXCooking_64.exp
 0002:000014fc       rgszName                   00000001800054fc     PhysXCooking_64.exp
 0002:000015e0       rgwOrd                     00000001800055e0     PhysXCooking_64.exp
 0002:00001652       szName                     0000000180005652     PhysXCooking_64.exp
 0002:00001666       $N00001                    0000000180005666     PhysXCooking_64.exp
 0002:0000168a       $N00002                    000000018000568a     PhysXCooking_64.exp
 0002:000016b9       $N00003                    00000001800056b9     PhysXCooking_64.exp
 0002:000016e0       $N00004                    00000001800056e0     PhysXCooking_64.exp
 0002:00001737       $N00005                    0000000180005737     PhysXCooking_64.exp
 0002:00001762       $N00006                    0000000180005762     PhysXCooking_64.exp
 0002:00001788       $N00007                    0000000180005788     PhysXCooking_64.exp
 0002:000017a7       $N00008                    00000001800057a7     PhysXCooking_64.exp
 0002:000017cb       $N00009                    00000001800057cb     PhysXCooking_64.exp
 0002:000017f2       $N00010                    00000001800057f2     PhysXCooking_64.exp
 0002:0000181b       $N00011                    000000018000581b     PhysXCooking_64.exp
 0002:0000183a       $N00012                    000000018000583a     PhysXCooking_64.exp
 0002:0000186d       $N00013                    000000018000586d     PhysXCooking_64.exp
 0002:000018a3       $N00014                    00000001800058a3     PhysXCooking_64.exp
 0002:000018db       $N00015                    00000001800058db     PhysXCooking_64.exp
 0002:0000190d       $N00016                    000000018000590d     PhysXCooking_64.exp
 0002:00001939       $N00017                    0000000180005939     PhysXCooking_64.exp
 0002:00001955       $N00018                    0000000180005955     PhysXCooking_64.exp
 0002:0000197f       $N00019                    000000018000597f     PhysXCooking_64.exp
 0002:000019bb       $N00020                    00000001800059bb     PhysXCooking_64.exp
 0002:000019f6       $N00021                    00000001800059f6     PhysXCooking_64.exp
 0002:00001a31       $N00022                    0000000180005a31     PhysXCooking_64.exp
 0002:00001a66       $N00023                    0000000180005a66     PhysXCooking_64.exp
 0002:00001aa2       $N00024                    0000000180005aa2     PhysXCooking_64.exp
 0002:00001ad5       $N00025                    0000000180005ad5     PhysXCooking_64.exp
 0002:00001b08       $N00026                    0000000180005b08     PhysXCooking_64.exp
 0002:00001b42       $N00027                    0000000180005b42     PhysXCooking_64.exp
 0002:00001b7c       $N00028                    0000000180005b7c     PhysXCooking_64.exp
 0002:00001ba9       $N00029                    0000000180005ba9     PhysXCooking_64.exp
 0002:00001bdc       $N00030                    0000000180005bdc     PhysXCooking_64.exp
 0002:00001c0a       $N00031                    0000000180005c0a     PhysXCooking_64.exp
 0002:00001c37       $N00032                    0000000180005c37     PhysXCooking_64.exp
 0002:00001c73       $N00033                    0000000180005c73     PhysXCooking_64.exp
 0002:00001cb0       $N00034                    0000000180005cb0     PhysXCooking_64.exp
 0002:00001ce0       $N00035                    0000000180005ce0     PhysXCooking_64.exp
 0002:00001cff       $N00036                    0000000180005cff     PhysXCooking_64.exp
 0002:00001d16       $N00037                    0000000180005d16     PhysXCooking_64.exp
 0002:00001d2c       $N00038                    0000000180005d2c     PhysXCooking_64.exp
 0002:00001d43       $N00039                    0000000180005d43     PhysXCooking_64.exp
 0002:00001d5b       $N00040                    0000000180005d5b     PhysXCooking_64.exp
 0002:00001d65       $N00041                    0000000180005d65     PhysXCooking_64.exp
 0002:00001d76       $N00042                    0000000180005d76     PhysXCooking_64.exp
 0002:00001d91       $N00043                    0000000180005d91     PhysXCooking_64.exp
 0002:00001da3       $N00044                    0000000180005da3     PhysXCooking_64.exp
 0002:00001db9       $N00045                    0000000180005db9     PhysXCooking_64.exp
 0002:00001dcc       $N00046                    0000000180005dcc     PhysXCooking_64.exp
 0002:00001dd8       $N00047                    0000000180005dd8     PhysXCooking_64.exp
 0002:00001dec       $N00048                    0000000180005dec     PhysXCooking_64.exp
 0002:00001dff       $N00049                    0000000180005dff     PhysXCooking_64.exp
 0002:00001e1c       $N00050                    0000000180005e1c     PhysXCooking_64.exp
 0002:00001e30       $N00051                    0000000180005e30     PhysXCooking_64.exp
 0002:00001e48       $N00052                    0000000180005e48     PhysXCooking_64.exp
 0002:00001e5d       $N00053                    0000000180005e5d     PhysXCooking_64.exp
 0002:00001e7a       $N00054                    0000000180005e7a     PhysXCooking_64.exp
 0002:00001e9b       $N00055                    0000000180005e9b     PhysXCooking_64.exp
 0002:00001eba       $N00056                    0000000180005eba     PhysXCooking_64.exp
 0002:00001ecf       $N00057                    0000000180005ecf     PhysXCooking_64.exp
 0002:000020b8       .idata$6                   00000001800060b8     kernel32:KERNEL32.dll
 0002:00002136       .idata$6                   0000000180006136     vcruntime:VCRUNTIME140.dll
 0002:00002200       .idata$6                   0000000180006200     ucrt:api-ms-win-crt-heap-l1-1-0.dll
 0002:00002220       .idata$6                   0000000180006220     ucrt:api-ms-win-crt-runtime-l1-1-0.dll
 0003:00000240       ?maxV3Error@vecMathTests@aos@physx@@3T__m128@@B 0000000180007240     Cooking.obj
 0003:00000250       ?minFError@vecMathTests@aos@physx@@3T__m128@@B 0000000180007250     Cooking.obj
 0003:00000260       ?maxV4Error@vecMathTests@aos@physx@@3T__m128@@B 0000000180007260     Cooking.obj
 0003:00000270       ?minV4Error@vecMathTests@aos@physx@@3T__m128@@B 0000000180007270     Cooking.obj
 0003:00000280       ?minV3Error@vecMathTests@aos@physx@@3T__m128@@B 0000000180007280     Cooking.obj
 0003:00000290       ?maxFError@vecMathTests@aos@physx@@3T__m128@@B 0000000180007290     Cooking.obj
 0003:000002a0       ?gCookingDelayLoadHook@@3PEBVPxDelayLoadHook@physx@@EB 00000001800072a0     WindowsCookingDelayLoadHook.obj
 0003:00000300       ?__proc_attached@@3HA      0000000180007300     MSVCRT:dll_dllmain.obj
 0003:00000328       ?is_initialized_as_dll@@3_NA 0000000180007328     MSVCRT:utility.obj
 0003:00000329       ?module_local_atexit_table_initialized@@3_NA 0000000180007329     MSVCRT:utility.obj
 0003:00000330       ?module_local_atexit_table@@3U_onexit_table_t@@A 0000000180007330     MSVCRT:utility.obj
 0003:00000348       ?module_local_at_quick_exit_table@@3U_onexit_table_t@@A 0000000180007348     MSVCRT:utility.obj
 0005:000000a0       $R000000                   00000001800090a0     PhysXCooking.res
 0005:000003d0       $R000330                   00000001800093d0     PhysXCooking.res
