 PhysXCooking_64

 Timestamp is 691b837c (Mon Nov 17 16:20:12 2025)

 Preferred load address is 0000000180000000

 Start         Length     Name                   Class
 0001:00000000 00000120H .text$di                CODE
 0001:00000120 000061f0H .text$mn                CODE
 0001:00006310 00000040H .text$mn$00             CODE
 0001:00006350 00000110H .text$x                 CODE
 0002:00000000 00000220H .idata$5                DATA
 0002:00000220 00000038H .00cfg                  DATA
 0002:00000258 00000008H .CRT$XCA                DATA
 0002:00000260 00000030H .CRT$XCU                DATA
 0002:00000290 00000008H .CRT$XCZ                DATA
 0002:00000298 00000008H .CRT$XIA                DATA
 0002:000002a0 00000008H .CRT$XIZ                DATA
 0002:000002a8 00000008H .CRT$XPA                DATA
 0002:000002b0 00000008H .CRT$XPZ                DATA
 0002:000002b8 00000008H .CRT$XTA                DATA
 0002:000002c0 00000010H .CRT$XTZ                DATA
 0002:000002c8 00000000H .gehcont$y              DATA
 0002:000002c8 00000000H .gfids$y                DATA
 0002:000002d0 00000db0H .rdata                  DATA
 0002:00001080 00000080H .rdata$CastGuardVftablesA DATA
 0002:00001100 00000080H .rdata$CastGuardVftablesC DATA
 0002:00001180 00000074H .rdata$r                DATA
 0002:000011f4 000000e8H .rdata$voltmd           DATA
 0002:000012dc 0000044cH .rdata$zzzdbg           DATA
 0002:00001728 00000008H .rtc$IAA                DATA
 0002:00001730 00000010H .rtc$IMZ                DATA
 0002:00001740 00000008H .rtc$IZZ                DATA
 0002:00001748 00000008H .rtc$TAA                DATA
 0002:00001750 00000010H .rtc$TMZ                DATA
 0002:00001760 00000008H .rtc$TZZ                DATA
 0002:00001768 0000082cH .xdata                  DATA
 0002:00001f94 00000040H .didat$2                DATA
 0002:00001fd4 00000024H .didat$3                DATA
 0002:00001ff8 000000d8H .didat$4                DATA
 0002:000020d0 000002a0H .didat$6                DATA
 0002:00002370 000001f0H .didat$7                DATA
 0002:00002560 00000af8H .edata                  DATA
 0002:00003058 0000003cH .idata$2                DATA
 0002:00003094 00000014H .idata$3                DATA
 0002:000030a8 00000220H .idata$4                DATA
 0002:000032c8 00000542H .idata$6                DATA
 0003:00000000 000000d8H .data                   DATA
 0003:000000d8 00000090H .data$r                 DATA
 0003:00000168 00000020H .data$rs                DATA
 0003:00000188 000000d8H .didat$5                DATA
 0003:00000260 000006d8H .bss                    DATA
 0004:00000000 0000096cH .pdata                  DATA
 0005:00000000 000000a0H .rsrc$01                DATA
 0005:000000a0 000004b0H .rsrc$02                DATA

  Address         Publics by Value              Rva+Base               Lib:Object

 0000:00000000       __AbsoluteZero             0000000000000000     <absolute>
 0000:00000000       ___safe_se_handler_count   0000000000000000     <absolute>
 0000:00000000       ___safe_se_handler_table   0000000000000000     <absolute>
 0000:00000000       __arm64x_extra_rfe_table   0000000000000000     <absolute>
 0000:00000000       __arm64x_extra_rfe_table_size 0000000000000000     <absolute>
 0000:00000000       __arm64x_native_entrypoint 0000000000000000     <absolute>
 0000:00000000       __arm64x_redirection_metadata 0000000000000000     <absolute>
 0000:00000000       __arm64x_redirection_metadata_count 0000000000000000     <absolute>
 0000:00000000       __dynamic_value_reloc_table 0000000000000000     <absolute>
 0000:00000000       __enclave_config           0000000000000000     <absolute>
 0000:00000000       __guard_check_icall_a64n_fptr 0000000000000000     <absolute>
 0000:00000000       __guard_eh_cont_count      0000000000000000     <absolute>
 0000:00000000       __guard_eh_cont_table      0000000000000000     <absolute>
 0000:00000000       __guard_fids_count         0000000000000000     <absolute>
 0000:00000000       __guard_fids_table         0000000000000000     <absolute>
 0000:00000000       __guard_iat_count          0000000000000000     <absolute>
 0000:00000000       __guard_iat_table          0000000000000000     <absolute>
 0000:00000000       __guard_longjmp_count      0000000000000000     <absolute>
 0000:00000000       __guard_longjmp_table      0000000000000000     <absolute>
 0000:00000000       __hybrid_auxiliary_delayload_iat 0000000000000000     <absolute>
 0000:00000000       __hybrid_auxiliary_delayload_iat_copy 0000000000000000     <absolute>
 0000:00000000       __hybrid_auxiliary_iat     0000000000000000     <absolute>
 0000:00000000       __hybrid_auxiliary_iat_copy 0000000000000000     <absolute>
 0000:00000000       __hybrid_code_map          0000000000000000     <absolute>
 0000:00000000       __hybrid_code_map_count    0000000000000000     <absolute>
 0000:00000000       __hybrid_image_info_bitfield 0000000000000000     <absolute>
 0000:00000000       __x64_code_ranges_to_entry_points 0000000000000000     <absolute>
 0000:00000000       __x64_code_ranges_to_entry_points_count 0000000000000000     <absolute>
 0000:00000100       __guard_flags              0000000000000100     <absolute>
 0000:00000000       __ImageBase                0000000180000000     <linker-defined>
 0001:00000120       PxGetStandaloneInsertionCallback 0000000180001120 f   Cooking.obj
 0001:00000140       PxCookBVH                  0000000180001140 f   Cooking.obj
 0001:00000170       PxCreateBVH                0000000180001170 f   Cooking.obj
 0001:000001a0       PxCookHeightField          00000001800011a0 f   Cooking.obj
 0001:000001d0       PxCreateHeightField        00000001800011d0 f   Cooking.obj
 0001:00000200       PxCookConvexMesh           0000000180001200 f   Cooking.obj
 0001:00000240       PxCreateConvexMesh         0000000180001240 f   Cooking.obj
 0001:00000280       PxValidateConvexMesh       0000000180001280 f   Cooking.obj
 0001:000002b0       PxComputeHullPolygons      00000001800012b0 f   Cooking.obj
 0001:00000330       PxValidateTriangleMesh     0000000180001330 f   Cooking.obj
 0001:00000360       PxCookTriangleMesh         0000000180001360 f   Cooking.obj
 0001:000003a0       PxCreateTriangleMesh       00000001800013a0 f   Cooking.obj
 0001:000003e0       PxCookTetrahedronMesh      00000001800013e0 f   Cooking.obj
 0001:00000420       PxCreateTetrahedronMesh    0000000180001420 f   Cooking.obj
 0001:00000460       PxCookDeformableVolumeMesh 0000000180001460 f   Cooking.obj
 0001:000004b0       PxCreateDeformableVolumeMesh 00000001800014b0 f   Cooking.obj
 0001:00000500       PxComputeModelsMapping     0000000180001500 f   Cooking.obj
 0001:00000550       PxComputeCollisionData     0000000180001550 f   Cooking.obj
 0001:00000580       PxComputeSimulationData    0000000180001580 f   Cooking.obj
 0001:000005b0       PxAssembleDeformableVolumeMesh 00000001800015b0 f   Cooking.obj
 0001:00000600       PxCreateTriangleMeshInternal 0000000180001600 f   Cooking.obj
 0001:000006a0       PxCreateBVHInternal        00000001800016a0 f   Cooking.obj
 0001:00000740       ??$?4V?$PxReflectionAllocator@USlab@NodeAllocator@Gu@physx@@@physx@@@?$PxArray@USlab@NodeAllocator@Gu@physx@@V?$PxReflectionAllocator@USlab@NodeAllocator@Gu@physx@@@4@@physx@@QEAAAEAV01@AEBV01@@Z 0000000180001740 f i Cooking.obj
 0001:000007d0       ??$PX_UNUSED@PEAI@@YAXAEBQEAI@Z 00000001800017d0 f i Cooking.obj
 0001:000007e0       ??$copy@V?$PxReflectionAllocator@USlab@NodeAllocator@Gu@physx@@@physx@@@?$PxArray@USlab@NodeAllocator@Gu@physx@@V?$PxReflectionAllocator@USlab@NodeAllocator@Gu@physx@@@4@@physx@@IEAAXAEBV01@@Z 00000001800017e0 f i Cooking.obj
 0001:000008a0       ??0?$PxArray@USlab@NodeAllocator@Gu@physx@@V?$PxReflectionAllocator@USlab@NodeAllocator@Gu@physx@@@4@@physx@@QEAA@AEBV01@AEBV?$PxReflectionAllocator@USlab@NodeAllocator@Gu@physx@@@1@@Z 00000001800018a0 f i Cooking.obj
 0001:000008e0       ??0?$PxReflectionAllocator@USlab@NodeAllocator@Gu@physx@@@physx@@QEAA@AEBV01@@Z 00000001800018e0 f i Cooking.obj
 0001:000008f0       ??0?$PxReflectionAllocator@USlab@NodeAllocator@Gu@physx@@@physx@@QEAA@PEBD@Z 00000001800018f0 f i Cooking.obj
 0001:00000900       ??0?$PxReflectionAllocator@VBV4TriangleMesh@Gu@physx@@@physx@@QEAA@PEBD@Z 0000000180001900 f i Cooking.obj
 0001:00000910       ??0?$PxReflectionAllocator@VBVH@Gu@physx@@@physx@@QEAA@PEBD@Z 0000000180001910 f i Cooking.obj
 0001:00000920       ??0?$PxVec3T@M@physx@@QEAA@XZ 0000000180001920 f i Cooking.obj
 0001:00000930       ??0AABBTreeBounds@Gu@physx@@QEAA@XZ 0000000180001930 f i Cooking.obj
 0001:00000960       ??0AABBTreeBuildNode@Gu@physx@@QEAA@AEBV012@@Z 0000000180001960 f i Cooking.obj
 0001:000009c0       ??0AABBTreeBuildNode@Gu@physx@@QEAA@XZ 00000001800019c0 f i Cooking.obj
 0001:000009f0       ??0AABBTreeBuildParams@Gu@physx@@QEAA@IIPEBVAABBTreeBounds@12@W4BVHBuildStrategy@12@@Z 00000001800019f0 f i Cooking.obj
 0001:00000a50       ??0NodeAllocator@Gu@physx@@QEAA@AEBV012@@Z 0000000180001a50 f i Cooking.obj
 0001:00000ad0       ??0PxAllocator@physx@@QEAA@PEBD@Z 0000000180001ad0 f i Cooking.obj
 0001:00000ae0       ??0PxBounds3@physx@@QEAA@AEBV01@@Z 0000000180001ae0 f i Cooking.obj
 0001:00000b50       ??0PxBounds3@physx@@QEAA@XZ 0000000180001b50 f i Cooking.obj
 0001:00000b90       ??0PxFoundation@physx@@QEAA@AEBV01@@Z 0000000180001b90 f i Cooking.obj
 0001:00000bb0       ??0PxFoundation@physx@@QEAA@XZ 0000000180001bb0 f i Cooking.obj
 0001:00000bd0       ??1AABBTreeBounds@Gu@physx@@QEAA@XZ 0000000180001bd0 f i Cooking.obj
 0001:00000bf0       ??1AABBTreeBuildNode@Gu@physx@@QEAA@XZ 0000000180001bf0 f i Cooking.obj
 0001:00000c00       ??1AABBTreeBuildParams@Gu@physx@@QEAA@XZ 0000000180001c00 f i Cooking.obj
 0001:00000c20       ??1PxFoundation@physx@@MEAA@XZ 0000000180001c20 f i Cooking.obj
 0001:00000c40       ??2@YAPEAX_KPEAX@Z         0000000180001c40 f i Cooking.obj
 0001:00000c50       ??2PxUserAllocated@physx@@SAPEAX_KPEAX@Z 0000000180001c50 f i Cooking.obj
 0001:00000c60       ??4?$PxArray@USlab@NodeAllocator@Gu@physx@@V?$PxReflectionAllocator@USlab@NodeAllocator@Gu@physx@@@4@@physx@@QEAAAEAV01@AEBV01@@Z 0000000180001c60 f i Cooking.obj
 0001:00000c90       ??4?$PxVec3T@M@physx@@QEAAAEAV01@AEBV01@@Z 0000000180001c90 f i Cooking.obj
 0001:00000ce0       ??4AABBTreeBounds@Gu@physx@@QEAAAEAV012@AEBV012@@Z 0000000180001ce0 f i Cooking.obj
 0001:00000d10       ??4AABBTreeBuildNode@Gu@physx@@QEAAAEAV012@AEBV012@@Z 0000000180001d10 f i Cooking.obj
 0001:00000d70       ??4AABBTreeBuildParams@Gu@physx@@QEAAAEAV012@AEBV012@@Z 0000000180001d70 f i Cooking.obj
 0001:00000da0       ??4NodeAllocator@Gu@physx@@QEAAAEAV012@AEBV012@@Z 0000000180001da0 f i Cooking.obj
 0001:00000e10       ??4PxBounds3@physx@@QEAAXAEBV01@@Z 0000000180001e10 f i Cooking.obj
 0001:00000e50       ??4PxFoundation@physx@@QEAAAEAV01@AEBV01@@Z 0000000180001e50 f i Cooking.obj
 0001:00000e60       ??_EPxFoundation@physx@@MEAAPEAXI@Z 0000000180001e60 f i Cooking.obj
 0001:00000f00       ??_FAABBTreeBuildParams@Gu@physx@@QEAAXXZ 0000000180001f00 f i Cooking.obj
 0001:00000f30       ??_GPxFoundation@physx@@MEAAPEAXI@Z 0000000180001f30 f i Cooking.obj
 0001:00000f70       ??_H@YAXPEAX_K1P6APEAX0@Z@Z 0000000180001f70 f i Cooking.obj
 0001:00000ff0       ??_I@YAXPEAX_K1P6AX0@Z@Z   0000000180001ff0 f i Cooking.obj
 0001:00001090       ?FLoad@aos@physx@@YA?AT__m128@@M@Z 0000000180002090 f i Cooking.obj
 0001:000010c0       ?PxMarkSerializedMemory@physx@@YAXPEAXI@Z 00000001800020c0 f i Cooking.obj
 0001:000010f0       ?PxMemSet@physx@@YAPEAXPEAXHI@Z 00000001800020f0 f i Cooking.obj
 0001:00001140       ?V3Load@aos@physx@@YA?AT__m128@@M@Z 0000000180002140 f i Cooking.obj
 0001:00001180       ?V4Load@aos@physx@@YA?AT__m128@@M@Z 0000000180002180 f i Cooking.obj
 0001:000011b0       ?__empty_global_delete@@YAXPEAX@Z 00000001800021b0 f i Cooking.obj
 0001:000011c0       ?__empty_global_delete@@YAXPEAX_K@Z 00000001800021c0 f i Cooking.obj
 0001:000011d0       ?__global_array_delete@@YAXPEAX@Z 00000001800021d0 f i Cooking.obj
 0001:000011f0       ?__global_array_delete@@YAXPEAX_K@Z 00000001800021f0 f i Cooking.obj
 0001:00001220       ?__global_delete@@YAXPEAX@Z 0000000180002220 f i Cooking.obj
 0001:00001240       ?__global_delete@@YAXPEAX_K@Z 0000000180002240 f i Cooking.obj
 0001:00001270       ?allocate@?$PxArray@USlab@NodeAllocator@Gu@physx@@V?$PxReflectionAllocator@USlab@NodeAllocator@Gu@physx@@@4@@physx@@IEAAPEAUSlab@NodeAllocator@Gu@2@IPEAI@Z 0000000180002270 f i Cooking.obj
 0001:000012e0       ?allocate@?$PxReflectionAllocator@USlab@NodeAllocator@Gu@physx@@@physx@@SAPEAX_KPEBDHPEAI@Z 00000001800022e0 f i Cooking.obj
 0001:00001360       ?allocate@?$PxReflectionAllocator@VBV4TriangleMesh@Gu@physx@@@physx@@SAPEAX_KPEBDHPEAI@Z 0000000180002360 f i Cooking.obj
 0001:000013e0       ?allocate@?$PxReflectionAllocator@VBVH@Gu@physx@@@physx@@SAPEAX_KPEBDHPEAI@Z 00000001800023e0 f i Cooking.obj
 0001:00001460       ?begin@?$PxArray@USlab@NodeAllocator@Gu@physx@@V?$PxReflectionAllocator@USlab@NodeAllocator@Gu@physx@@@4@@physx@@QEBAPEBUSlab@NodeAllocator@Gu@2@XZ 0000000180002460 f i Cooking.obj
 0001:00001470       ?capacity@?$PxArray@USlab@NodeAllocator@Gu@physx@@V?$PxReflectionAllocator@USlab@NodeAllocator@Gu@physx@@@4@@physx@@QEBAIXZ 0000000180002470 f i Cooking.obj
 0001:00001490       ?clear@?$PxArray@USlab@NodeAllocator@Gu@physx@@V?$PxReflectionAllocator@USlab@NodeAllocator@Gu@physx@@@4@@physx@@QEAAXXZ 0000000180002490 f i Cooking.obj
 0001:000014d0       ?copy@?$PxArray@USlab@NodeAllocator@Gu@physx@@V?$PxReflectionAllocator@USlab@NodeAllocator@Gu@physx@@@4@@physx@@KAXPEAUSlab@NodeAllocator@Gu@2@0PEBU3452@@Z 00000001800024d0 f i Cooking.obj
 0001:00001550       ?deallocate@?$PxArray@USlab@NodeAllocator@Gu@physx@@V?$PxReflectionAllocator@USlab@NodeAllocator@Gu@physx@@@4@@physx@@IEAAXPEAXPEAI@Z 0000000180002550 f i Cooking.obj
 0001:00001580       ?deallocate@?$PxReflectionAllocator@USlab@NodeAllocator@Gu@physx@@@physx@@SAXPEAXPEAI@Z 0000000180002580 f i Cooking.obj
 0001:000015d0       ?deallocate@PxAllocator@physx@@SAXPEAXPEAI@Z 00000001800025d0 f i Cooking.obj
 0001:00001620       ?destroy@?$PxArray@USlab@NodeAllocator@Gu@physx@@V?$PxReflectionAllocator@USlab@NodeAllocator@Gu@physx@@@4@@physx@@KAXPEAUSlab@NodeAllocator@Gu@2@0@Z 0000000180002620 f i Cooking.obj
 0001:00001650       ?empty@?$PxArray@USlab@NodeAllocator@Gu@physx@@V?$PxReflectionAllocator@USlab@NodeAllocator@Gu@physx@@@4@@physx@@QEBA_NXZ 0000000180002650 f i Cooking.obj
 0001:00001680       ?getAABB@AABBTreeBuildNode@Gu@physx@@QEBAAEBVPxBounds3@3@XZ 0000000180002680 f i Cooking.obj
 0001:00001690       ?getBounds@AABBTreeBounds@Gu@physx@@QEAAPEAVPxBounds3@3@XZ 0000000180002690 f i Cooking.obj
 0001:000016a0       ?getBounds@AABBTreeBounds@Gu@physx@@QEBAPEBVPxBounds3@3@XZ 00000001800026a0 f i Cooking.obj
 0001:000016b0       ?getName@?$PxReflectionAllocator@USlab@NodeAllocator@Gu@physx@@@physx@@CAPEBD_N@Z 00000001800026b0 f i Cooking.obj
 0001:000016e0       ?getName@?$PxReflectionAllocator@VBV4TriangleMesh@Gu@physx@@@physx@@CAPEBD_N@Z 00000001800026e0 f i Cooking.obj
 0001:00001710       ?getName@?$PxReflectionAllocator@VBVH@Gu@physx@@@physx@@CAPEBD_N@Z 0000000180002710 f i Cooking.obj
 0001:00001740       ?getNbPrimitives@AABBTreeBuildNode@Gu@physx@@QEBAIXZ 0000000180002740 f i Cooking.obj
 0001:00001750       ?getNbRuntimePrimitives@AABBTreeBuildNode@Gu@physx@@QEBAIXZ 0000000180002750 f i Cooking.obj
 0001:00001760       ?getNeg@AABBTreeBuildNode@Gu@physx@@QEBAPEBV123@XZ 0000000180002760 f i Cooking.obj
 0001:000017a0       ?getPos@AABBTreeBuildNode@Gu@physx@@QEBAPEBV123@XZ 00000001800027a0 f i Cooking.obj
 0001:000017b0       ?getPrimitives@AABBTreeBuildNode@Gu@physx@@QEAAPEAIPEAI@Z 00000001800027b0 f i Cooking.obj
 0001:000017d0       ?getPrimitives@AABBTreeBuildNode@Gu@physx@@QEBAPEBIPEBI@Z 00000001800027d0 f i Cooking.obj
 0001:000017f0       ?grow@?$PxArray@USlab@NodeAllocator@Gu@physx@@V?$PxReflectionAllocator@USlab@NodeAllocator@Gu@physx@@@4@@physx@@IEAAXI@Z 00000001800027f0 f i Cooking.obj
 0001:00001850       ?isInUserMemory@?$PxArray@USlab@NodeAllocator@Gu@physx@@V?$PxReflectionAllocator@USlab@NodeAllocator@Gu@physx@@@4@@physx@@QEBAIXZ 0000000180002850 f i Cooking.obj
 0001:00001870       ?isLeaf@AABBTreeBuildNode@Gu@physx@@QEBA_NXZ 0000000180002870 f i Cooking.obj
 0001:000018b0       ?memSet@intrinsics@physx@@YAPEAXPEAXH_K@Z 00000001800028b0 f i Cooking.obj
 0001:000018e0       ?moveFrom@AABBTreeBounds@Gu@physx@@QEAAXAEAV123@@Z 00000001800028e0 f i Cooking.obj
 0001:00001910       ?name@type_info@@QEBAPEBDXZ 0000000180002910 f i Cooking.obj
 0001:00001940       ?ownsMemory@AABBTreeBounds@Gu@physx@@QEBA_NXZ 0000000180002940 f i Cooking.obj
 0001:00001970       ?recreate@?$PxArray@USlab@NodeAllocator@Gu@physx@@V?$PxReflectionAllocator@USlab@NodeAllocator@Gu@physx@@@4@@physx@@IEAAXI@Z 0000000180002970 f i Cooking.obj
 0001:00001a80       ?reserve@?$PxArray@USlab@NodeAllocator@Gu@physx@@V?$PxReflectionAllocator@USlab@NodeAllocator@Gu@physx@@@4@@physx@@QEAAXI@Z 0000000180002a80 f i Cooking.obj
 0001:00001ac0       ?reset@AABBTreeBuildParams@Gu@physx@@QEAAXXZ 0000000180002ac0 f i Cooking.obj
 0001:00001b30       ?setBounds@AABBTreeBounds@Gu@physx@@QEAAXPEAVPxBounds3@3@@Z 0000000180002b30 f i Cooking.obj
 0001:00001b60       ?setNbRunTimePrimitives@AABBTreeBuildNode@Gu@physx@@QEAAXI@Z 0000000180002b60 f i Cooking.obj
 0001:00001b80       ?size@?$PxArray@USlab@NodeAllocator@Gu@physx@@V?$PxReflectionAllocator@USlab@NodeAllocator@Gu@physx@@@4@@physx@@QEBAIXZ 0000000180002b80 f i Cooking.obj
 0001:00001b90       ?takeOwnership@AABBTreeBounds@Gu@physx@@QEAAXXZ 0000000180002b90 f i Cooking.obj
 0001:00001bb0       PxSetPhysXCookingDelayLoadHook 0000000180002bb0 f   WindowsCookingDelayLoadHook.obj
 0001:00001bd0       ?cookingDelayHook@@YAP6A_JXZIPEAUDelayLoadInfo@@@Z 0000000180002bd0 f   WindowsCookingDelayLoadHook.obj
 0001:00001c50       ?loadLibrary@Cm@physx@@YAPEAUHINSTANCE__@@PEBD@Z 0000000180002c50 f i WindowsCookingDelayLoadHook.obj
 0001:00001c70       ?physXCommonDliNotePreLoadLibrary@Cm@physx@@YAP6A_JXZPEBDPEBVPxDelayLoadHook@2@@Z 0000000180002c70 f i WindowsCookingDelayLoadHook.obj
 0001:00001cfb       getInsertionCallback       0000000180002cfb f   PhysXCommon_64:PhysXCommon_64.dll
 0001:00001d01       __tailMerge_physxcommon_64_dll 0000000180002d01     PhysXCommon_64:PhysXCommon_64.dll
 0001:00001d7a       __imp_load_getInsertionCallback 0000000180002d7a f   PhysXCommon_64:PhysXCommon_64.dll
 0001:00001d86       cookBVH                    0000000180002d86 f   PhysXCommon_64:PhysXCommon_64.dll
 0001:00001d8c       __imp_load_cookBVH         0000000180002d8c f   PhysXCommon_64:PhysXCommon_64.dll
 0001:00001d98       createBVH                  0000000180002d98 f   PhysXCommon_64:PhysXCommon_64.dll
 0001:00001d9e       __imp_load_createBVH       0000000180002d9e f   PhysXCommon_64:PhysXCommon_64.dll
 0001:00001daa       cookHeightField            0000000180002daa f   PhysXCommon_64:PhysXCommon_64.dll
 0001:00001db0       __imp_load_cookHeightField 0000000180002db0 f   PhysXCommon_64:PhysXCommon_64.dll
 0001:00001dbc       createHeightField          0000000180002dbc f   PhysXCommon_64:PhysXCommon_64.dll
 0001:00001dc2       __imp_load_createHeightField 0000000180002dc2 f   PhysXCommon_64:PhysXCommon_64.dll
 0001:00001dce       cookConvexMesh             0000000180002dce f   PhysXCommon_64:PhysXCommon_64.dll
 0001:00001dd4       __imp_load_cookConvexMesh  0000000180002dd4 f   PhysXCommon_64:PhysXCommon_64.dll
 0001:00001de0       createConvexMesh           0000000180002de0 f   PhysXCommon_64:PhysXCommon_64.dll
 0001:00001de6       __imp_load_createConvexMesh 0000000180002de6 f   PhysXCommon_64:PhysXCommon_64.dll
 0001:00001df2       validateConvexMesh         0000000180002df2 f   PhysXCommon_64:PhysXCommon_64.dll
 0001:00001df8       __imp_load_validateConvexMesh 0000000180002df8 f   PhysXCommon_64:PhysXCommon_64.dll
 0001:00001e04       computeHullPolygons        0000000180002e04 f   PhysXCommon_64:PhysXCommon_64.dll
 0001:00001e0a       __imp_load_computeHullPolygons 0000000180002e0a f   PhysXCommon_64:PhysXCommon_64.dll
 0001:00001e16       validateTriangleMesh       0000000180002e16 f   PhysXCommon_64:PhysXCommon_64.dll
 0001:00001e1c       __imp_load_validateTriangleMesh 0000000180002e1c f   PhysXCommon_64:PhysXCommon_64.dll
 0001:00001e28       createTriangleMesh         0000000180002e28 f   PhysXCommon_64:PhysXCommon_64.dll
 0001:00001e2e       __imp_load_createTriangleMesh 0000000180002e2e f   PhysXCommon_64:PhysXCommon_64.dll
 0001:00001e3a       cookTriangleMesh           0000000180002e3a f   PhysXCommon_64:PhysXCommon_64.dll
 0001:00001e40       __imp_load_cookTriangleMesh 0000000180002e40 f   PhysXCommon_64:PhysXCommon_64.dll
 0001:00001e4c       cookTetrahedronMesh        0000000180002e4c f   PhysXCommon_64:PhysXCommon_64.dll
 0001:00001e52       __imp_load_cookTetrahedronMesh 0000000180002e52 f   PhysXCommon_64:PhysXCommon_64.dll
 0001:00001e5e       createTetrahedronMesh      0000000180002e5e f   PhysXCommon_64:PhysXCommon_64.dll
 0001:00001e64       __imp_load_createTetrahedronMesh 0000000180002e64 f   PhysXCommon_64:PhysXCommon_64.dll
 0001:00001e70       cookDeformableVolumeMesh   0000000180002e70 f   PhysXCommon_64:PhysXCommon_64.dll
 0001:00001e76       __imp_load_cookDeformableVolumeMesh 0000000180002e76 f   PhysXCommon_64:PhysXCommon_64.dll
 0001:00001e82       createDeformableVolumeMesh 0000000180002e82 f   PhysXCommon_64:PhysXCommon_64.dll
 0001:00001e88       __imp_load_createDeformableVolumeMesh 0000000180002e88 f   PhysXCommon_64:PhysXCommon_64.dll
 0001:00001e94       computeModelsMapping       0000000180002e94 f   PhysXCommon_64:PhysXCommon_64.dll
 0001:00001e9a       __imp_load_computeModelsMapping 0000000180002e9a f   PhysXCommon_64:PhysXCommon_64.dll
 0001:00001ea6       computeCollisionData       0000000180002ea6 f   PhysXCommon_64:PhysXCommon_64.dll
 0001:00001eac       __imp_load_computeCollisionData 0000000180002eac f   PhysXCommon_64:PhysXCommon_64.dll
 0001:00001eb8       computeSimulationData      0000000180002eb8 f   PhysXCommon_64:PhysXCommon_64.dll
 0001:00001ebe       __imp_load_computeSimulationData 0000000180002ebe f   PhysXCommon_64:PhysXCommon_64.dll
 0001:00001eca       assembleDeformableVolumeMesh 0000000180002eca f   PhysXCommon_64:PhysXCommon_64.dll
 0001:00001ed0       __imp_load_assembleDeformableVolumeMesh 0000000180002ed0 f   PhysXCommon_64:PhysXCommon_64.dll
 0001:00001edc       ?release@AABBTreeBounds@Gu@physx@@QEAAXXZ 0000000180002edc f   PhysXCommon_64:PhysXCommon_64.dll
 0001:00001ee2       __imp_load_?release@AABBTreeBounds@Gu@physx@@QEAAXXZ 0000000180002ee2 f   PhysXCommon_64:PhysXCommon_64.dll
 0001:00001eee       ??0BVH@Gu@physx@@QEAA@AEBUPxBVHInternalData@2@@Z 0000000180002eee f   PhysXCommon_64:PhysXCommon_64.dll
 0001:00001ef4       __imp_load_??0BVH@Gu@physx@@QEAA@AEBUPxBVHInternalData@2@@Z 0000000180002ef4 f   PhysXCommon_64:PhysXCommon_64.dll
 0001:00001f00       ??0BV4TriangleMesh@Gu@physx@@QEAA@AEBUPxTriangleMeshInternalData@2@@Z 0000000180002f00 f   PhysXCommon_64:PhysXCommon_64.dll
 0001:00001f06       __imp_load_??0BV4TriangleMesh@Gu@physx@@QEAA@AEBUPxTriangleMeshInternalData@2@@Z 0000000180002f06 f   PhysXCommon_64:PhysXCommon_64.dll
 0001:00001f12       ?PxAssert@physx@@YAXPEBD0HAEA_N@Z 0000000180002f12 f   PhysXFoundation_64:PhysXFoundation_64.dll
 0001:00001f18       __tailMerge_physxfoundation_64_dll 0000000180002f18     PhysXFoundation_64:PhysXFoundation_64.dll
 0001:00001f91       __imp_load_?PxAssert@physx@@YAXPEBD0HAEA_N@Z 0000000180002f91 f   PhysXFoundation_64:PhysXFoundation_64.dll
 0001:00001f9d       PxGetBroadcastAllocator    0000000180002f9d f   PhysXFoundation_64:PhysXFoundation_64.dll
 0001:00001fa3       __imp_load_PxGetBroadcastAllocator 0000000180002fa3 f   PhysXFoundation_64:PhysXFoundation_64.dll
 0001:00001faf       LoadLibraryA               0000000180002faf f   kernel32:KERNEL32.dll
 0001:000021bc       ??$PFromRva@PEAP6A_JXZ@@YAPEAP6A_JXZK@Z 00000001800031bc f i Delayimp:delayhlp.obj
 0001:000021cc       ??$PFromRva@PEAPEAUHINSTANCE__@@@@YAPEAPEAUHINSTANCE__@@K@Z 00000001800031cc f i Delayimp:delayhlp.obj
 0001:000021dc       ??$PFromRva@PEAU_IMAGE_IMPORT_BY_NAME@@@@YAPEAU_IMAGE_IMPORT_BY_NAME@@K@Z 00000001800031dc f i Delayimp:delayhlp.obj
 0001:000021ec       ??$PFromRva@PEAU_IMAGE_THUNK_DATA64@@@@YAPEAU_IMAGE_THUNK_DATA64@@K@Z 00000001800031ec f i Delayimp:delayhlp.obj
 0001:000021fc       ??$PFromRva@PEBD@@YAPEBDK@Z 00000001800031fc f i Delayimp:delayhlp.obj
 0001:0000220c       ??$PFromRva@PEBUImgDelayDescr@@@@YAPEBUImgDelayDescr@@K@Z 000000018000320c f i Delayimp:delayhlp.obj
 0001:0000221c       ??$PFromRva@PEBU_IMAGE_THUNK_DATA64@@@@YAPEBU_IMAGE_THUNK_DATA64@@K@Z 000000018000321c f i Delayimp:delayhlp.obj
 0001:00002290       ?CountOfImports@@YAIPEBU_IMAGE_THUNK_DATA64@@@Z 0000000180003290 f i Delayimp:delayhlp.obj
 0001:000022a4       ?DloadAcquireSectionWriteAccess@@YAXXZ 00000001800032a4 f i Delayimp:delayhlp.obj
 0001:00002360       ?DloadGetSRWLockFunctionPointers@@YAEXZ 0000000180003360 f i Delayimp:delayhlp.obj
 0001:00002400       ?DloadLock@@YAXXZ          0000000180003400 f i Delayimp:delayhlp.obj
 0001:00002448       ?DloadMakePermanentImageCommit@@YAXPEAX_K@Z 0000000180003448 f i Delayimp:delayhlp.obj
 0001:000024e0       ?DloadObtainSection@@YAPEAXPEAK0@Z 00000001800034e0 f i Delayimp:delayhlp.obj
 0001:0000257c       ?DloadProtectSection@@YAXPEAX_KKPEAK@Z 000000018000357c f i Delayimp:delayhlp.obj
 0001:00002674       ?DloadReleaseSectionWriteAccess@@YAXXZ 0000000180003674 f i Delayimp:delayhlp.obj
 0001:00002720       ?DloadUnlock@@YAXXZ        0000000180003720 f i Delayimp:delayhlp.obj
 0001:00002760       ?IndexFromPImgThunkData@@YAIPEBU_IMAGE_THUNK_DATA64@@0@Z 0000000180003760 f i Delayimp:delayhlp.obj
 0001:0000276c       ?IsBufferInBounds@@YAEPEAX_K01@Z 000000018000376c f i Delayimp:delayhlp.obj
 0001:00002890       HRESULT_FROM_WIN32         0000000180003890 f i Delayimp:delayhlp.obj
 0001:000028a0       ReadAcquire64              00000001800038a0 f i Delayimp:delayhlp.obj
 0001:000028a4       ReadPointerAcquire         00000001800038a4 f i Delayimp:delayhlp.obj
 0001:000028a8       WritePointerRelease        00000001800038a8 f i Delayimp:delayhlp.obj
 0001:000028ac       WriteRelease64             00000001800038ac f i Delayimp:delayhlp.obj
 0001:000028b0       __FUnloadDelayLoadedDLL2   00000001800038b0 f   Delayimp:delayhlp.obj
 0001:00002968       __HrLoadAllImportsForDll   0000000180003968 f   Delayimp:delayhlp.obj
 0001:000029dc       __delayLoadHelper2         00000001800039dc f   Delayimp:delayhlp.obj
 0001:00002ce0       ??3@YAXPEAX@Z              0000000180003ce0 f   MSVCRTD:delete_scalar.obj
 0001:00002d00       ??3@YAXPEAX_K@Z            0000000180003d00 f   MSVCRTD:delete_scalar_size.obj
 0001:00002d20       ??_V@YAXPEAX@Z             0000000180003d20 f   MSVCRTD:delete_array.obj
 0001:00002d40       ??_V@YAXPEAX_K@Z           0000000180003d40 f   MSVCRTD:delete_array_size.obj
 0001:00002d60       _CRT_RTC_INIT              0000000180003d60 f   MSVCRTD:init.obj
 0001:00002d70       _CRT_RTC_INITW             0000000180003d70 f   MSVCRTD:init.obj
 0001:00002d80       _RTC_InitBase              0000000180003d80 f   MSVCRTD:init.obj
 0001:00002dc0       _RTC_Shutdown              0000000180003dc0 f   MSVCRTD:init.obj
 0001:00002df0       ??1type_info@@UEAA@XZ      0000000180003df0 f   MSVCRTD:std_type_info_static.obj
 0001:00002e10       ??_Etype_info@@UEAAPEAXI@Z 0000000180003e10 f i MSVCRTD:std_type_info_static.obj
 0001:00002e10       ??_Gtype_info@@UEAAPEAXI@Z 0000000180003e10 f i MSVCRTD:std_type_info_static.obj
 0001:00002e50       ?__scrt_initialize_type_info@@YAXXZ 0000000180003e50 f   MSVCRTD:tncleanup.obj
 0001:00002e70       ?__scrt_uninitialize_type_info@@YAXXZ 0000000180003e70 f   MSVCRTD:tncleanup.obj
 0001:000032a0       _CRT_INIT                  00000001800042a0 f   MSVCRTD:dll_dllmain.obj
 0001:000032d0       _DllMainCRTStartup         00000001800042d0 f   MSVCRTD:dll_dllmain.obj
 0001:00003310       _guard_check_icall_nop     0000000180004310 f i MSVCRTD:guard_support.obj
 0001:00003320       ReadNoFence64              0000000180004320 f i MSVCRTD:guard_support.obj
 0001:00003340       ReadPointerNoFence         0000000180004340 f i MSVCRTD:guard_support.obj
 0001:00003360       __castguard_check_failure_debugbreak 0000000180004360 f i MSVCRTD:guard_support.obj
 0001:00003380       __castguard_check_failure_fastfail 0000000180004380 f i MSVCRTD:guard_support.obj
 0001:000033b0       __castguard_check_failure_nop 00000001800043b0 f i MSVCRTD:guard_support.obj
 0001:000033c0       __castguard_check_failure_os_handled 00000001800043c0 f i MSVCRTD:guard_support.obj
 0001:00003430       __castguard_check_failure_user_handled 0000000180004430 f i MSVCRTD:guard_support.obj
 0001:00003520       __castguard_set_user_handler 0000000180004520 f i MSVCRTD:guard_support.obj
 0001:00003550       __castguard_slow_path_check_debugbreak 0000000180004550 f i MSVCRTD:guard_support.obj
 0001:00003590       __castguard_slow_path_check_fastfail 0000000180004590 f i MSVCRTD:guard_support.obj
 0001:000035e0       __castguard_slow_path_check_nop 00000001800045e0 f i MSVCRTD:guard_support.obj
 0001:000035f0       __castguard_slow_path_check_os_handled 00000001800045f0 f i MSVCRTD:guard_support.obj
 0001:00003640       __castguard_slow_path_check_user_handled 0000000180004640 f i MSVCRTD:guard_support.obj
 0001:00003700       _guard_icall_checks_enforced 0000000180004700 f i MSVCRTD:guard_support.obj
 0001:00003740       _guard_rf_checks_enforced  0000000180004740 f i MSVCRTD:guard_support.obj
 0001:00003750       ?_RTC_GetErrorFunc@@YAP6AHHPEBDH00ZZPEBX@Z 0000000180004750 f   MSVCRTD:userapi.obj
 0001:00003760       ?_RTC_GetErrorFuncW@@YAP6AHHPEB_WH00ZZPEBX@Z 0000000180004760 f   MSVCRTD:userapi.obj
 0001:00003770       _RTC_GetErrDesc            0000000180004770 f   MSVCRTD:userapi.obj
 0001:00003790       _RTC_NumErrors             0000000180004790 f   MSVCRTD:userapi.obj
 0001:000037a0       _RTC_SetErrorFunc          00000001800047a0 f   MSVCRTD:userapi.obj
 0001:000037c0       _RTC_SetErrorFuncW         00000001800047c0 f   MSVCRTD:userapi.obj
 0001:000037e0       _RTC_SetErrorType          00000001800047e0 f   MSVCRTD:userapi.obj
 0001:000038c0       __security_init_cookie     00000001800048c0 f   MSVCRTD:gs_support.obj
 0001:00003940       DllMain                    0000000180004940 f   MSVCRTD:dll_dllmain_stub.obj
 0001:00003980       __local_stdio_printf_options 0000000180004980 f i MSVCRTD:default_local_stdio_options.obj
 0001:00003990       __local_stdio_scanf_options 0000000180004990 f i MSVCRTD:default_local_stdio_options.obj
 0001:000039a0       __scrt_initialize_default_local_stdio_options 00000001800049a0 f   MSVCRTD:default_local_stdio_options.obj
 0001:000039f0       ?configure_argv@__scrt_narrow_argv_policy@@SAHXZ 00000001800049f0 f i MSVCRTD:utility.obj
 0001:00003ae0       ?initialize_environment@__scrt_narrow_environment_policy@@SAHXZ 0000000180004ae0 f i MSVCRTD:utility.obj
 0001:00003b80       NtCurrentTeb               0000000180004b80 f i MSVCRTD:utility.obj
 0001:00003b90       __scrt_acquire_startup_lock 0000000180004b90 f   MSVCRTD:utility.obj
 0001:00003c00       __scrt_dllmain_after_initialize_c 0000000180004c00 f   MSVCRTD:utility.obj
 0001:00003c30       __scrt_dllmain_before_initialize_c 0000000180004c30 f   MSVCRTD:utility.obj
 0001:00003c50       __scrt_dllmain_crt_thread_attach 0000000180004c50 f   MSVCRTD:utility.obj
 0001:00003c80       __scrt_dllmain_crt_thread_detach 0000000180004c80 f   MSVCRTD:utility.obj
 0001:00003ca0       __scrt_dllmain_exception_filter 0000000180004ca0 f   MSVCRTD:utility.obj
 0001:00003d10       __scrt_dllmain_uninitialize_c 0000000180004d10 f   MSVCRTD:utility.obj
 0001:00003d40       __scrt_dllmain_uninitialize_critical 0000000180004d40 f   MSVCRTD:utility.obj
 0001:00003d60       __scrt_initialize_crt      0000000180004d60 f   MSVCRTD:utility.obj
 0001:00003db0       __scrt_initialize_onexit_tables 0000000180004db0 f   MSVCRTD:utility.obj
 0001:00003ec0       __scrt_is_nonwritable_in_current_image 0000000180004ec0 f   MSVCRTD:utility.obj
 0001:00003f50       __scrt_release_startup_lock 0000000180004f50 f   MSVCRTD:utility.obj
 0001:00003f80       __scrt_uninitialize_crt    0000000180004f80 f   MSVCRTD:utility.obj
 0001:00003fc0       _onexit                    0000000180004fc0 f   MSVCRTD:utility.obj
 0001:00004040       at_quick_exit              0000000180005040 f   MSVCRTD:utility.obj
 0001:00004090       atexit                     0000000180005090 f   MSVCRTD:utility.obj
 0001:000040d0       __scrt_get_dyn_tls_init_callback 00000001800050d0 f   MSVCRTD:dyn_tls_init.obj
 0001:000040e0       __crt_debugger_hook        00000001800050e0 f   MSVCRTD:utility_desktop.obj
 0001:000040f0       __scrt_fastfail            00000001800050f0 f   MSVCRTD:utility_desktop.obj
 0001:00004290       __scrt_get_show_window_mode 0000000180005290 f   MSVCRTD:utility_desktop.obj
 0001:000042f0       __scrt_initialize_mta      00000001800052f0 f   MSVCRTD:utility_desktop.obj
 0001:00004300       __scrt_initialize_winrt    0000000180005300 f   MSVCRTD:utility_desktop.obj
 0001:00004310       __scrt_is_managed_app      0000000180005310 f   MSVCRTD:utility_desktop.obj
 0001:000043c0       __scrt_set_unhandled_exception_filter 00000001800053c0 f   MSVCRTD:utility_desktop.obj
 0001:000043e0       __scrt_exe_initialize_mta  00000001800053e0 f   MSVCRTD:utility_desktop.obj
 0001:000043e0       __scrt_stub_for_initialize_mta 00000001800053e0 f   MSVCRTD:utility_desktop.obj
 0001:000043f0       __scrt_unhandled_exception_filter 00000001800053f0 f   MSVCRTD:utility_desktop.obj
 0001:00004490       _RTC_Initialize            0000000180005490 f   MSVCRTD:initsect.obj
 0001:000044e0       _RTC_Terminate             00000001800054e0 f   MSVCRTD:initsect.obj
 0001:000045c0       ?_RTC_AllocaFailure@@YAXPEAXPEAU_RTC_ALLOCA_NODE@@H@Z 00000001800055c0 f   MSVCRTD:error.obj
 0001:00004720       ?_RTC_Failure@@YAXPEAXH@Z  0000000180005720 f   MSVCRTD:error.obj
 0001:00004770       ?_RTC_StackFailure@@YAXPEAXPEBD@Z 0000000180005770 f   MSVCRTD:error.obj
 0001:00004be0       _RTC_UninitUse             0000000180005be0 f   MSVCRTD:error.obj
 0001:00004cb0       _vsprintf_s_l              0000000180005cb0 f i MSVCRTD:error.obj
 0001:00004d20       sprintf_s                  0000000180005d20 f i MSVCRTD:error.obj
 0001:00004d50       __isa_available_init       0000000180005d50 f   MSVCRTD:cpu_disp.obj
 0001:00005240       _get_startup_argv_mode     0000000180006240 f   MSVCRTD:argv_mode.obj
 0001:00005250       __scrt_is_ucrt_dll_in_use  0000000180006250 f   MSVCRTD:ucrt_detection.obj
 0001:000057a0       ?_RTC_GetSrcLine@@YAHPEAEPEA_WKPEAH1K@Z 00000001800067a0 f   MSVCRTD:pdblkup.obj
 0001:00005b70       __GSHandlerCheck           0000000180006b70 f   MSVCRTD:gshandler.obj
 0001:00005bb0       __GSHandlerCheckCommon     0000000180006bb0 f   MSVCRTD:gshandler.obj
 0001:00005cc0       __security_check_cookie    0000000180006cc0 f   MSVCRTD:amdsecgs.obj
 0001:00005ce0       __raise_securityfailure    0000000180006ce0 f   MSVCRTD:gs_report.obj
 0001:00005d20       __report_gsfailure         0000000180006d20 f   MSVCRTD:gs_report.obj
 0001:00005e00       __report_rangecheckfailure 0000000180006e00 f   MSVCRTD:gs_report.obj
 0001:00005e20       __report_securityfailure   0000000180006e20 f   MSVCRTD:gs_report.obj
 0001:00005ec0       __report_securityfailureEx 0000000180006ec0 f   MSVCRTD:gs_report.obj
 0001:00006123       _purecall                  0000000180007123 f   vcruntimed:VCRUNTIME140D.dll
 0001:00006129       memset                     0000000180007129 f   vcruntimed:VCRUNTIME140D.dll
 0001:0000612f       __std_type_info_name       000000018000712f f   vcruntimed:VCRUNTIME140D.dll
 0001:00006135       strstr                     0000000180007135 f   vcruntimed:VCRUNTIME140D.dll
 0001:0000613b       __std_type_info_destroy_list 000000018000713b f   vcruntimed:VCRUNTIME140D.dll
 0001:00006141       __C_specific_handler       0000000180007141 f   vcruntimed:VCRUNTIME140D.dll
 0001:00006147       __current_exception        0000000180007147 f   vcruntimed:VCRUNTIME140D.dll
 0001:0000614d       __current_exception_context 000000018000714d f   vcruntimed:VCRUNTIME140D.dll
 0001:00006153       __C_specific_handler_noexcept 0000000180007153 f   vcruntimed:VCRUNTIME140D.dll
 0001:00006159       __vcrt_GetModuleFileNameW  0000000180007159 f   vcruntimed:VCRUNTIME140D.dll
 0001:0000615f       __vcrt_GetModuleHandleW    000000018000715f f   vcruntimed:VCRUNTIME140D.dll
 0001:00006165       __vcrt_LoadLibraryExW      0000000180007165 f   vcruntimed:VCRUNTIME140D.dll
 0001:0000616b       memcpy                     000000018000716b f   vcruntimed:VCRUNTIME140D.dll
 0001:00006171       _free_dbg                  0000000180007171 f   ucrtd:ucrtbased.dll
 0001:00006177       _CrtDbgReport              0000000180007177 f   ucrtd:ucrtbased.dll
 0001:0000617d       _CrtDbgReportW             000000018000717d f   ucrtd:ucrtbased.dll
 0001:00006183       _initterm                  0000000180007183 f   ucrtd:ucrtbased.dll
 0001:00006189       _initterm_e                0000000180007189 f   ucrtd:ucrtbased.dll
 0001:0000618f       _seh_filter_dll            000000018000718f f   ucrtd:ucrtbased.dll
 0001:00006195       _configure_narrow_argv     0000000180007195 f   ucrtd:ucrtbased.dll
 0001:0000619b       _initialize_narrow_environment 000000018000719b f   ucrtd:ucrtbased.dll
 0001:000061a1       _initialize_onexit_table   00000001800071a1 f   ucrtd:ucrtbased.dll
 0001:000061a7       _register_onexit_function  00000001800071a7 f   ucrtd:ucrtbased.dll
 0001:000061ad       _execute_onexit_table      00000001800071ad f   ucrtd:ucrtbased.dll
 0001:000061b3       _crt_atexit                00000001800071b3 f   ucrtd:ucrtbased.dll
 0001:000061b9       _crt_at_quick_exit         00000001800071b9 f   ucrtd:ucrtbased.dll
 0001:000061bf       _cexit                     00000001800071bf f   ucrtd:ucrtbased.dll
 0001:000061c5       terminate                  00000001800071c5 f   ucrtd:ucrtbased.dll
 0001:000061cb       strcpy_s                   00000001800071cb f   ucrtd:ucrtbased.dll
 0001:000061d1       strcat_s                   00000001800071d1 f   ucrtd:ucrtbased.dll
 0001:000061d7       __stdio_common_vsprintf_s  00000001800071d7 f   ucrtd:ucrtbased.dll
 0001:000061dd       _wmakepath_s               00000001800071dd f   ucrtd:ucrtbased.dll
 0001:000061e3       _wsplitpath_s              00000001800071e3 f   ucrtd:ucrtbased.dll
 0001:000061e9       wcscpy_s                   00000001800071e9 f   ucrtd:ucrtbased.dll
 0001:000061ef       RaiseException             00000001800071ef f   kernel32:KERNEL32.dll
 0001:000061f5       GetLastError               00000001800071f5 f   kernel32:KERNEL32.dll
 0001:000061fb       GetSystemInfo              00000001800071fb f   kernel32:KERNEL32.dll
 0001:00006201       VirtualProtect             0000000180007201 f   kernel32:KERNEL32.dll
 0001:00006207       VirtualQuery               0000000180007207 f   kernel32:KERNEL32.dll
 0001:0000620d       FreeLibrary                000000018000720d f   kernel32:KERNEL32.dll
 0001:00006213       GetModuleHandleW           0000000180007213 f   kernel32:KERNEL32.dll
 0001:00006219       GetProcAddress             0000000180007219 f   kernel32:KERNEL32.dll
 0001:0000621f       LoadLibraryExA             000000018000721f f   kernel32:KERNEL32.dll
 0001:00006225       InitializeSListHead        0000000180007225 f   kernel32:KERNEL32.dll
 0001:0000622b       QueryPerformanceCounter    000000018000722b f   kernel32:KERNEL32.dll
 0001:00006231       GetCurrentProcessId        0000000180007231 f   kernel32:KERNEL32.dll
 0001:00006237       GetCurrentThreadId         0000000180007237 f   kernel32:KERNEL32.dll
 0001:0000623d       GetSystemTimeAsFileTime    000000018000723d f   kernel32:KERNEL32.dll
 0001:00006243       DisableThreadLibraryCalls  0000000180007243 f   kernel32:KERNEL32.dll
 0001:00006249       RtlCaptureContext          0000000180007249 f   kernel32:KERNEL32.dll
 0001:0000624f       RtlLookupFunctionEntry     000000018000724f f   kernel32:KERNEL32.dll
 0001:00006255       RtlVirtualUnwind           0000000180007255 f   kernel32:KERNEL32.dll
 0001:0000625b       IsDebuggerPresent          000000018000725b f   kernel32:KERNEL32.dll
 0001:00006261       UnhandledExceptionFilter   0000000180007261 f   kernel32:KERNEL32.dll
 0001:00006267       SetUnhandledExceptionFilter 0000000180007267 f   kernel32:KERNEL32.dll
 0001:0000626d       GetStartupInfoW            000000018000726d f   kernel32:KERNEL32.dll
 0001:00006273       IsProcessorFeaturePresent  0000000180007273 f   kernel32:KERNEL32.dll
 0001:00006279       MultiByteToWideChar        0000000180007279 f   kernel32:KERNEL32.dll
 0001:0000627f       WideCharToMultiByte        000000018000727f f   kernel32:KERNEL32.dll
 0001:00006285       HeapAlloc                  0000000180007285 f   kernel32:KERNEL32.dll
 0001:0000628b       HeapFree                   000000018000728b f   kernel32:KERNEL32.dll
 0001:00006291       GetProcessHeap             0000000180007291 f   kernel32:KERNEL32.dll
 0001:00006297       GetCurrentProcess          0000000180007297 f   kernel32:KERNEL32.dll
 0001:0000629d       TerminateProcess           000000018000729d f   kernel32:KERNEL32.dll
 0001:000062b0       __acrt_initialize          00000001800072b0 f   MSVCRTD:ucrt_stubs.obj
 0001:000062b0       __scrt_stub_for_acrt_initialize 00000001800072b0 f   MSVCRTD:ucrt_stubs.obj
 0001:000062b0       __vcrt_initialize          00000001800072b0 f   MSVCRTD:ucrt_stubs.obj
 0001:000062c0       __acrt_thread_attach       00000001800072c0 f   MSVCRTD:ucrt_stubs.obj
 0001:000062c0       __scrt_stub_for_acrt_thread_attach 00000001800072c0 f   MSVCRTD:ucrt_stubs.obj
 0001:000062c0       __vcrt_thread_attach       00000001800072c0 f   MSVCRTD:ucrt_stubs.obj
 0001:000062d0       __acrt_thread_detach       00000001800072d0 f   MSVCRTD:ucrt_stubs.obj
 0001:000062d0       __scrt_stub_for_acrt_thread_detach 00000001800072d0 f   MSVCRTD:ucrt_stubs.obj
 0001:000062d0       __vcrt_thread_detach       00000001800072d0 f   MSVCRTD:ucrt_stubs.obj
 0001:000062e0       __acrt_uninitialize        00000001800072e0 f   MSVCRTD:ucrt_stubs.obj
 0001:000062e0       __scrt_stub_for_acrt_uninitialize 00000001800072e0 f   MSVCRTD:ucrt_stubs.obj
 0001:000062e0       __vcrt_uninitialize        00000001800072e0 f   MSVCRTD:ucrt_stubs.obj
 0001:000062f0       __acrt_uninitialize_critical 00000001800072f0 f   MSVCRTD:ucrt_stubs.obj
 0001:000062f0       __scrt_stub_for_acrt_uninitialize_critical 00000001800072f0 f   MSVCRTD:ucrt_stubs.obj
 0001:000062f0       __vcrt_uninitialize_critical 00000001800072f0 f   MSVCRTD:ucrt_stubs.obj
 0001:00006300       __scrt_stub_for_is_c_termination_complete 0000000180007300 f   MSVCRTD:ucrt_stubs.obj
 0001:00006300       _is_c_termination_complete 0000000180007300 f   MSVCRTD:ucrt_stubs.obj
 0001:00006320       _guard_dispatch_icall_nop  0000000180007320 f   MSVCRTD:guard_dispatch.obj
 0001:00006340       _guard_xfg_dispatch_icall_nop 0000000180007340 f   MSVCRTD:guard_xfg_dispatch.obj
 0002:00000000       __imp_LoadLibraryA         0000000180008000     kernel32:KERNEL32.dll
 0002:00000008       __imp_GetCurrentProcess    0000000180008008     kernel32:KERNEL32.dll
 0002:00000010       __imp_GetProcessHeap       0000000180008010     kernel32:KERNEL32.dll
 0002:00000018       __imp_HeapFree             0000000180008018     kernel32:KERNEL32.dll
 0002:00000020       __imp_HeapAlloc            0000000180008020     kernel32:KERNEL32.dll
 0002:00000028       __imp_WideCharToMultiByte  0000000180008028     kernel32:KERNEL32.dll
 0002:00000030       __imp_MultiByteToWideChar  0000000180008030     kernel32:KERNEL32.dll
 0002:00000038       __imp_IsProcessorFeaturePresent 0000000180008038     kernel32:KERNEL32.dll
 0002:00000040       __imp_GetStartupInfoW      0000000180008040     kernel32:KERNEL32.dll
 0002:00000048       __imp_SetUnhandledExceptionFilter 0000000180008048     kernel32:KERNEL32.dll
 0002:00000050       __imp_UnhandledExceptionFilter 0000000180008050     kernel32:KERNEL32.dll
 0002:00000058       __imp_IsDebuggerPresent    0000000180008058     kernel32:KERNEL32.dll
 0002:00000060       __imp_RtlVirtualUnwind     0000000180008060     kernel32:KERNEL32.dll
 0002:00000068       __imp_RtlLookupFunctionEntry 0000000180008068     kernel32:KERNEL32.dll
 0002:00000070       __imp_RtlCaptureContext    0000000180008070     kernel32:KERNEL32.dll
 0002:00000078       __imp_DisableThreadLibraryCalls 0000000180008078     kernel32:KERNEL32.dll
 0002:00000080       __imp_GetSystemTimeAsFileTime 0000000180008080     kernel32:KERNEL32.dll
 0002:00000088       __imp_GetCurrentThreadId   0000000180008088     kernel32:KERNEL32.dll
 0002:00000090       __imp_GetCurrentProcessId  0000000180008090     kernel32:KERNEL32.dll
 0002:00000098       __imp_QueryPerformanceCounter 0000000180008098     kernel32:KERNEL32.dll
 0002:000000a0       __imp_InitializeSListHead  00000001800080a0     kernel32:KERNEL32.dll
 0002:000000a8       __imp_LoadLibraryExA       00000001800080a8     kernel32:KERNEL32.dll
 0002:000000b0       __imp_GetProcAddress       00000001800080b0     kernel32:KERNEL32.dll
 0002:000000b8       __imp_GetModuleHandleW     00000001800080b8     kernel32:KERNEL32.dll
 0002:000000c0       __imp_FreeLibrary          00000001800080c0     kernel32:KERNEL32.dll
 0002:000000c8       __imp_VirtualQuery         00000001800080c8     kernel32:KERNEL32.dll
 0002:000000d0       __imp_VirtualProtect       00000001800080d0     kernel32:KERNEL32.dll
 0002:000000d8       __imp_GetSystemInfo        00000001800080d8     kernel32:KERNEL32.dll
 0002:000000e0       __imp_GetLastError         00000001800080e0     kernel32:KERNEL32.dll
 0002:000000e8       __imp_RaiseException       00000001800080e8     kernel32:KERNEL32.dll
 0002:000000f0       __imp_TerminateProcess     00000001800080f0     kernel32:KERNEL32.dll
 0002:000000f8       \177KERNEL32_NULL_THUNK_DATA 00000001800080f8     kernel32:KERNEL32.dll
 0002:00000100       __imp_strstr               0000000180008100     vcruntimed:VCRUNTIME140D.dll
 0002:00000108       __imp___std_type_info_destroy_list 0000000180008108     vcruntimed:VCRUNTIME140D.dll
 0002:00000110       __imp___C_specific_handler 0000000180008110     vcruntimed:VCRUNTIME140D.dll
 0002:00000118       __imp___current_exception  0000000180008118     vcruntimed:VCRUNTIME140D.dll
 0002:00000120       __imp___std_type_info_name 0000000180008120     vcruntimed:VCRUNTIME140D.dll
 0002:00000128       __imp__purecall            0000000180008128     vcruntimed:VCRUNTIME140D.dll
 0002:00000130       __imp___current_exception_context 0000000180008130     vcruntimed:VCRUNTIME140D.dll
 0002:00000138       __imp___C_specific_handler_noexcept 0000000180008138     vcruntimed:VCRUNTIME140D.dll
 0002:00000140       __imp___vcrt_GetModuleFileNameW 0000000180008140     vcruntimed:VCRUNTIME140D.dll
 0002:00000148       __imp___vcrt_GetModuleHandleW 0000000180008148     vcruntimed:VCRUNTIME140D.dll
 0002:00000150       __imp___vcrt_LoadLibraryExW 0000000180008150     vcruntimed:VCRUNTIME140D.dll
 0002:00000158       __imp_memcpy               0000000180008158     vcruntimed:VCRUNTIME140D.dll
 0002:00000160       __imp_memset               0000000180008160     vcruntimed:VCRUNTIME140D.dll
 0002:00000168       \177VCRUNTIME140D_NULL_THUNK_DATA 0000000180008168     vcruntimed:VCRUNTIME140D.dll
 0002:00000170       __imp__initterm_e          0000000180008170     ucrtd:ucrtbased.dll
 0002:00000178       __imp__initialize_narrow_environment 0000000180008178     ucrtd:ucrtbased.dll
 0002:00000180       __imp__CrtDbgReportW       0000000180008180     ucrtd:ucrtbased.dll
 0002:00000188       __imp__CrtDbgReport        0000000180008188     ucrtd:ucrtbased.dll
 0002:00000190       __imp__free_dbg            0000000180008190     ucrtd:ucrtbased.dll
 0002:00000198       __imp__seh_filter_dll      0000000180008198     ucrtd:ucrtbased.dll
 0002:000001a0       __imp__configure_narrow_argv 00000001800081a0     ucrtd:ucrtbased.dll
 0002:000001a8       __imp__initialize_onexit_table 00000001800081a8     ucrtd:ucrtbased.dll
 0002:000001b0       __imp__register_onexit_function 00000001800081b0     ucrtd:ucrtbased.dll
 0002:000001b8       __imp__execute_onexit_table 00000001800081b8     ucrtd:ucrtbased.dll
 0002:000001c0       __imp__crt_atexit          00000001800081c0     ucrtd:ucrtbased.dll
 0002:000001c8       __imp__crt_at_quick_exit   00000001800081c8     ucrtd:ucrtbased.dll
 0002:000001d0       __imp__cexit               00000001800081d0     ucrtd:ucrtbased.dll
 0002:000001d8       __imp_wcscpy_s             00000001800081d8     ucrtd:ucrtbased.dll
 0002:000001e0       __imp__wsplitpath_s        00000001800081e0     ucrtd:ucrtbased.dll
 0002:000001e8       __imp_terminate            00000001800081e8     ucrtd:ucrtbased.dll
 0002:000001f0       __imp___stdio_common_vsprintf_s 00000001800081f0     ucrtd:ucrtbased.dll
 0002:000001f8       __imp_strcat_s             00000001800081f8     ucrtd:ucrtbased.dll
 0002:00000200       __imp__initterm            0000000180008200     ucrtd:ucrtbased.dll
 0002:00000208       __imp_strcpy_s             0000000180008208     ucrtd:ucrtbased.dll
 0002:00000210       __imp__wmakepath_s         0000000180008210     ucrtd:ucrtbased.dll
 0002:00000218       \177ucrtbased_NULL_THUNK_DATA 0000000180008218     ucrtd:ucrtbased.dll
 0002:00000220       __guard_check_icall_fptr   0000000180008220     MSVCRTD:guard_support.obj
 0002:00000228       __guard_xfg_check_icall_fptr 0000000180008228     MSVCRTD:guard_support.obj
 0002:00000230       __guard_dispatch_icall_fptr 0000000180008230     MSVCRTD:guard_support.obj
 0002:00000238       __guard_xfg_dispatch_icall_fptr 0000000180008238     MSVCRTD:guard_support.obj
 0002:00000240       __guard_xfg_table_dispatch_icall_fptr 0000000180008240     MSVCRTD:guard_support.obj
 0002:00000248       __castguard_check_failure_os_handled_fptr 0000000180008248     MSVCRTD:guard_support.obj
 0002:00000250       __guard_memcpy_fptr        0000000180008250     vcruntimed:softmemtag.obj
 0002:00000258       __xc_a                     0000000180008258     MSVCRTD:initializers.obj
 0002:00000290       __xc_z                     0000000180008290     MSVCRTD:initializers.obj
 0002:00000298       __xi_a                     0000000180008298     MSVCRTD:initializers.obj
 0002:000002a0       __xi_z                     00000001800082a0     MSVCRTD:initializers.obj
 0002:000002a8       __xp_a                     00000001800082a8     MSVCRTD:initializers.obj
 0002:000002b0       __xp_z                     00000001800082b0     MSVCRTD:initializers.obj
 0002:000002b8       __xt_a                     00000001800082b8     MSVCRTD:initializers.obj
 0002:000002c0       __xt_z                     00000001800082c0     MSVCRTD:initializers.obj
 0002:000002f0       ?g_PXSinCoefficients0@aos@physx@@3UPX_VECTORF32@12@B 00000001800082f0     Cooking.obj
 0002:00000300       ?g_PXSinCoefficients1@aos@physx@@3UPX_VECTORF32@12@B 0000000180008300     Cooking.obj
 0002:00000310       ?g_PXSinCoefficients2@aos@physx@@3UPX_VECTORF32@12@B 0000000180008310     Cooking.obj
 0002:00000320       ?g_PXCosCoefficients0@aos@physx@@3UPX_VECTORF32@12@B 0000000180008320     Cooking.obj
 0002:00000330       ?g_PXCosCoefficients1@aos@physx@@3UPX_VECTORF32@12@B 0000000180008330     Cooking.obj
 0002:00000340       ?g_PXCosCoefficients2@aos@physx@@3UPX_VECTORF32@12@B 0000000180008340     Cooking.obj
 0002:00000350       ?g_PXReciprocalTwoPi@aos@physx@@3UPX_VECTORF32@12@B 0000000180008350     Cooking.obj
 0002:00000360       ?g_PXTwoPi@aos@physx@@3UPX_VECTORF32@12@B 0000000180008360     Cooking.obj
 0002:00000370       ??_7PxFoundation@physx@@6B@ 0000000180008370     Cooking.obj
 0002:000003e0       ??_C@_0HA@DMLNEKEL@D?3?2_Projects?2_RealTimeRendering@ 00000001800083e0     Cooking.obj
 0002:00000450       ??_C@_0BM@OIFKLHDN@?$DMallocation?5names?5disabled?$DO@ 0000000180008450     Cooking.obj
 0002:00000470       ??_C@_0GJ@LGDNGGNI@D?3?2_Projects?2_RealTimeRendering@ 0000000180008470     Cooking.obj
 0002:000004e0       ??_C@_0BM@BMFMDKFG@this?9?$DOcapacity?$CI?$CJ?5?$DM?5capacity@ 00000001800084e0     Cooking.obj
 0002:00000500       ??_C@_0CP@CPGGIPKL@?$CI?$CBcapacity?$CJ?5?$HM?$HM?5?$CInewData?5?$CG?$CG?5?$CInew@ 0000000180008500     Cooking.obj
 0002:00000530       __real@3a83126f            0000000180008530     Cooking.obj
 0002:00000534       __real@ba83126f            0000000180008534     Cooking.obj
 0002:00000538       ??_C@_0BA@EGLNOO@PhysXFoundation@ 0000000180008538     WindowsCookingDelayLoadHook.obj
 0002:00000548       ??_C@_0M@ILKNCJKN@PhysXCommon@ 0000000180008548     WindowsCookingDelayLoadHook.obj
 0002:00000560       __sz_PhysXCommon_64_dll    0000000180008560     PhysXCommon_64:PhysXCommon_64.dll
 0002:00000580       __sz_PhysXFoundation_64_dll 0000000180008580     PhysXFoundation_64:PhysXFoundation_64.dll
 0002:00000598       ??_C@_1BK@DBDEIDLH@?$AAK?$AAE?$AAR?$AAN?$AAE?$AAL?$AA3?$AA2?$AA?4?$AAD?$AAL?$AAL@ 0000000180008598     Delayimp:delayhlp.obj
 0002:000005b8       ??_C@_0BI@OMNLIJDB@AcquireSRWLockExclusive@ 00000001800085b8     Delayimp:delayhlp.obj
 0002:000005d0       ??_C@_0BI@HMIEPCNJ@ReleaseSRWLockExclusive@ 00000001800085d0     Delayimp:delayhlp.obj
 0002:000005e8       __pfnDliFailureHook2       00000001800085e8     Delayimp:delayhk1.obj
 0002:000005f0       __bChangeProtectionOfWholeDloadSection 00000001800085f0     Delayimp:delaygv1.obj
 0002:00000600       ??_7type_info@@6B@         0000000180008600     MSVCRTD:std_type_info_static.obj
 0002:00000608       _pDefaultRawDllMain        0000000180008608     MSVCRTD:dll_dllmain.obj
 0002:00000608       _pRawDllMain               0000000180008608     MSVCRTD:dll_dllmain.obj
 0002:00000610       _load_config_used          0000000180008610     MSVCRTD:loadcfg.obj
 0002:00000778       ??_C@_0BJ@HEGAHDFO@Stack?5pointer?5corruption@ 0000000180008778     MSVCRTD:userapi.obj
 0002:00000798       ??_C@_0CK@FEGOIOPB@Cast?5to?5smaller?5type?5causing?5lo@ 0000000180008798     MSVCRTD:userapi.obj
 0002:000007c8       ??_C@_0BI@CIGMDCBH@Stack?5memory?5corruption@ 00000001800087c8     MSVCRTD:userapi.obj
 0002:000007e0       ??_C@_0CK@CNLNOEPB@Local?5variable?5used?5before?5init@ 00000001800087e0     MSVCRTD:userapi.obj
 0002:00000810       ??_C@_0BP@OGBCLIBO@Stack?5around?5_alloca?5corrupted@ 0000000180008810     MSVCRTD:userapi.obj
 0002:000008f0       ??_C@_0NN@JMPELKLB@The?5value?5of?5ESP?5was?5not?5proper@ 00000001800088f0     MSVCRTD:error.obj
 0002:000009d0       ??_C@_0BBN@ELNNILBE@A?5cast?5to?5a?5smaller?5data?5type?5h@ 00000001800089d0     MSVCRTD:error.obj
 0002:00000af0       ??_C@_0BN@BPOGFMJL@Stack?5memory?5was?5corrupted?$AN?6@ 0000000180008af0     MSVCRTD:error.obj
 0002:00000b10       ??_C@_0DG@DAJCDLPN@A?5local?5variable?5was?5used?5befor@ 0000000180008b10     MSVCRTD:error.obj
 0002:00000b48       ??_C@_0CM@JMIDGKLA@Stack?5memory?5around?5_alloca?5was@ 0000000180008b48     MSVCRTD:error.obj
 0002:00000b78       ??_C@_0BO@CHIONIOI@Unknown?5Runtime?5Check?5Error?$AN?6@ 0000000180008b78     MSVCRTD:error.obj
 0002:00000ba0       ??_C@_1GM@CNOOJIHC@?$AAR?$AAu?$AAn?$AAt?$AAi?$AAm?$AAe?$AA?5?$AAC?$AAh?$AAe?$AAc?$AAk?$AA?5?$AAE@ 0000000180008ba0     MSVCRTD:error.obj
 0002:00000c10       ??_C@_1EA@NFKNIFJP@?$AAR?$AAu?$AAn?$AA?9?$AAT?$AAi?$AAm?$AAe?$AA?5?$AAC?$AAh?$AAe?$AAc?$AAk?$AA?5@ 0000000180008c10     MSVCRTD:error.obj
 0002:00000c50       ??_C@_0BB@PFFGGCJP@Unknown?5Filename@ 0000000180008c50     MSVCRTD:error.obj
 0002:00000c68       ??_C@_0BE@GNBOBNCK@Unknown?5Module?5Name@ 0000000180008c68     MSVCRTD:error.obj
 0002:00000c80       ??_C@_0CA@IODNCDPG@Run?9Time?5Check?5Failure?5?$CD?$CFd?5?9?5?$CFs@ 0000000180008c80     MSVCRTD:error.obj
 0002:00000ca0       ??_C@_0CG@IAFNJNEE@Stack?5corrupted?5near?5unknown?5va@ 0000000180008ca0     MSVCRTD:error.obj
 0002:00000cc8       ??_C@_05MKKEDADM@?$CF?42X?5@ 0000000180008cc8     MSVCRTD:error.obj
 0002:00000cd0       ??_C@_0EJ@LJKNEOLN@Stack?5area?5around?5_alloca?5memor@ 0000000180008cd0     MSVCRTD:error.obj
 0002:00000d1c       ??_C@_01EEMJAFIK@?6@       0000000180008d1c     MSVCRTD:error.obj
 0002:00000d20       ??_C@_02LLMPMKNF@?$DO?5@   0000000180008d20     MSVCRTD:error.obj
 0002:00000d28       ??_C@_08OMAHNMHJ@?6Data?3?5?$DM@ 0000000180008d28     MSVCRTD:error.obj
 0002:00000d38       ??_C@_0CK@DKGBICFE@?6Allocation?5number?5within?5this?5@ 0000000180008d38     MSVCRTD:error.obj
 0002:00000d68       ??_C@_07DFDJCKFN@?6Size?3?5@ 0000000180008d68     MSVCRTD:error.obj
 0002:00000d70       ??_C@_0N@MHFFIMFG@?6Address?3?50x@ 0000000180008d70     MSVCRTD:error.obj
 0002:00000d80       ??_C@_0EI@CLEPFNGI@Stack?5area?5around?5_alloca?5memor@ 0000000180008d80     MSVCRTD:error.obj
 0002:00000dc8       ??_C@_0BK@ODNDAGKB@?$CFs?$CFs?$CFp?$CFs?$CFzd?$CFs?$CFd?$CFs?$CFs?$CFs?$CFs?$CFs@ 0000000180008dc8     MSVCRTD:error.obj
 0002:00000de8       ??_C@_0DE@OHJBPMBP@A?5variable?5is?5being?5used?5withou@ 0000000180008de8     MSVCRTD:error.obj
 0002:00000e80       ??_C@_1EI@MLPKHBGE@?$AAa?$AAp?$AAi?$AA?9?$AAm?$AAs?$AA?9?$AAw?$AAi?$AAn?$AA?9?$AAc?$AAo?$AAr?$AAe@ 0000000180008e80     MSVCRTD:pdblkup.obj
 0002:00000ec8       ??_C@_1BK@JHLNAEJL@?$AAa?$AAd?$AAv?$AAa?$AAp?$AAi?$AA3?$AA2?$AA?4?$AAd?$AAl?$AAl@ 0000000180008ec8     MSVCRTD:pdblkup.obj
 0002:00000ee8       ??_C@_0O@COHOBMLB@RegOpenKeyExW@ 0000000180008ee8     MSVCRTD:pdblkup.obj
 0002:00000ef8       ??_C@_0BB@GLNAEDBD@RegQueryValueExW@ 0000000180008ef8     MSVCRTD:pdblkup.obj
 0002:00000f10       ??_C@_0M@HLOHPNFA@RegCloseKey@ 0000000180008f10     MSVCRTD:pdblkup.obj
 0002:00000f20       ??_C@_1HE@EBEAGLFB@?$AAS?$AAO?$AAF?$AAT?$AAW?$AAA?$AAR?$AAE?$AA?2?$AAW?$AAo?$AAw?$AA6?$AA4?$AA3@ 0000000180008f20     MSVCRTD:pdblkup.obj
 0002:00000f98       ??_C@_1BG@EABPBLLF@?$AAP?$AAr?$AAo?$AAd?$AAu?$AAc?$AAt?$AAD?$AAi?$AAr@ 0000000180008f98     MSVCRTD:pdblkup.obj
 0002:00000fd0       ??_C@_1BC@JINFINNJ@?$AAM?$AAS?$AAP?$AAD?$AAB?$AA1?$AA4?$AA0@ 0000000180008fd0     MSVCRTD:pdblkup.obj
 0002:00000fe8       ??_C@_0BB@KCIACLNC@PDBOpenValidate5@ 0000000180008fe8     MSVCRTD:pdblkup.obj
 0002:00000ffc       ??_C@_01KDCPPGHE@r@        0000000180008ffc     MSVCRTD:pdblkup.obj
 0002:00001080       __CastGuardVftablesStart   0000000180009080     MSVCRTD:guard_support.obj
 0002:00001100       __CastGuardVftablesEnd     0000000180009100     MSVCRTD:guard_support.obj
 0002:00001180       ??_R4type_info@@6B@        0000000180009180     MSVCRTD:std_type_info_static.obj
 0002:000011a8       ??_R3type_info@@8          00000001800091a8     MSVCRTD:std_type_info_static.obj
 0002:000011c0       ??_R2type_info@@8          00000001800091c0     MSVCRTD:std_type_info_static.obj
 0002:000011d0       ??_R1A@?0A@EA@type_info@@8 00000001800091d0     MSVCRTD:std_type_info_static.obj
 0002:000011f4       __volatile_metadata        00000001800091f4     <linker-defined>
 0002:00001728       __rtc_iaa                  0000000180009728     MSVCRTD:initsect.obj
 0002:00001740       __rtc_izz                  0000000180009740     MSVCRTD:initsect.obj
 0002:00001748       __rtc_taa                  0000000180009748     MSVCRTD:initsect.obj
 0002:00001760       __rtc_tzz                  0000000180009760     MSVCRTD:initsect.obj
 0002:00001f94       __DELAY_IMPORT_DESCRIPTOR_physxcommon_64_dll 0000000180009f94     PhysXCommon_64:PhysXCommon_64.dll
 0002:00001fb4       __DELAY_IMPORT_DESCRIPTOR_physxfoundation_64_dll 0000000180009fb4     PhysXFoundation_64:PhysXFoundation_64.dll
 0002:00001fd4       __NULL_DELAY_IMPORT_DESCRIPTOR 0000000180009fd4     PhysXCommon_64:PhysXCommon_64.dll
 0002:000020b0       \177PhysXCommon_64_NULL_THUNK_DATA_DLN 000000018000a0b0     PhysXCommon_64:PhysXCommon_64.dll
 0002:000020c8       \177PhysXFoundation_64_NULL_THUNK_DATA_DLN 000000018000a0c8     PhysXFoundation_64:PhysXFoundation_64.dll
 0002:00002378       \177PhysXCommon_64_NULL_THUNK_DATA_DLB 000000018000a378     PhysXCommon_64:PhysXCommon_64.dll
 0002:00002438       \177PhysXFoundation_64_NULL_THUNK_DATA_DLB 000000018000a438     PhysXFoundation_64:PhysXFoundation_64.dll
 0002:00003058       __IMPORT_DESCRIPTOR_KERNEL32 000000018000b058     kernel32:KERNEL32.dll
 0002:0000306c       __IMPORT_DESCRIPTOR_VCRUNTIME140D 000000018000b06c     vcruntimed:VCRUNTIME140D.dll
 0002:00003080       __IMPORT_DESCRIPTOR_ucrtbased 000000018000b080     ucrtd:ucrtbased.dll
 0002:00003094       __NULL_IMPORT_DESCRIPTOR   000000018000b094     kernel32:KERNEL32.dll
 0003:00000000       __pfnDliNotifyHook2        000000018000c000     WindowsCookingDelayLoadHook.obj
 0003:00000008       _fltused                   000000018000c008     MSVCRTD:fltused.obj
 0003:0000000c       __scrt_native_dllmain_reason 000000018000c00c     MSVCRTD:utility.obj
 0003:00000040       __security_cookie          000000018000c040     MSVCRTD:gs_cookie.obj
 0003:00000080       __security_cookie_complement 000000018000c080     MSVCRTD:gs_cookie.obj
 0003:00000090       ?_RTC_ErrorLevels@@3PAHA   000000018000c090     MSVCRTD:error.obj
 0003:000000a8       __isa_available            000000018000c0a8     MSVCRTD:cpu_disp.obj
 0003:000000ac       __isa_enabled              000000018000c0ac     MSVCRTD:cpu_disp.obj
 0003:000000b0       __memset_fast_string_threshold 000000018000c0b0     MSVCRTD:cpu_disp.obj
 0003:000000b8       __memset_nt_threshold      000000018000c0b8     MSVCRTD:cpu_disp.obj
 0003:000000c0       __isa_inverted             000000018000c0c0     MSVCRTD:cpu_disp.obj
 0003:000000d0       __scrt_ucrt_dll_is_in_use  000000018000c0d0     MSVCRTD:ucrt_stubs.obj
 0003:000000d8       ??_R0?AVBVH@Gu@physx@@@8   000000018000c0d8     Cooking.obj
 0003:00000100       ??_R0?AVBV4TriangleMesh@Gu@physx@@@8 000000018000c100     Cooking.obj
 0003:00000130       ??_R0?AUSlab@NodeAllocator@Gu@physx@@@8 000000018000c130     Cooking.obj
 0003:00000168       ??_R0?AVtype_info@@@8      000000018000c168     MSVCRTD:std_type_info_static.obj
 0003:00000188       __imp_getInsertionCallback 000000018000c188     PhysXCommon_64:PhysXCommon_64.dll
 0003:00000190       __imp_??0BV4TriangleMesh@Gu@physx@@QEAA@AEBUPxTriangleMeshInternalData@2@@Z 000000018000c190     PhysXCommon_64:PhysXCommon_64.dll
 0003:00000198       __imp_cookBVH              000000018000c198     PhysXCommon_64:PhysXCommon_64.dll
 0003:000001a0       __imp_createBVH            000000018000c1a0     PhysXCommon_64:PhysXCommon_64.dll
 0003:000001a8       __imp_cookHeightField      000000018000c1a8     PhysXCommon_64:PhysXCommon_64.dll
 0003:000001b0       __imp_createHeightField    000000018000c1b0     PhysXCommon_64:PhysXCommon_64.dll
 0003:000001b8       __imp_cookConvexMesh       000000018000c1b8     PhysXCommon_64:PhysXCommon_64.dll
 0003:000001c0       __imp_createConvexMesh     000000018000c1c0     PhysXCommon_64:PhysXCommon_64.dll
 0003:000001c8       __imp_validateConvexMesh   000000018000c1c8     PhysXCommon_64:PhysXCommon_64.dll
 0003:000001d0       __imp_computeHullPolygons  000000018000c1d0     PhysXCommon_64:PhysXCommon_64.dll
 0003:000001d8       __imp_validateTriangleMesh 000000018000c1d8     PhysXCommon_64:PhysXCommon_64.dll
 0003:000001e0       __imp_createTriangleMesh   000000018000c1e0     PhysXCommon_64:PhysXCommon_64.dll
 0003:000001e8       __imp_cookTriangleMesh     000000018000c1e8     PhysXCommon_64:PhysXCommon_64.dll
 0003:000001f0       __imp_cookTetrahedronMesh  000000018000c1f0     PhysXCommon_64:PhysXCommon_64.dll
 0003:000001f8       __imp_createTetrahedronMesh 000000018000c1f8     PhysXCommon_64:PhysXCommon_64.dll
 0003:00000200       __imp_cookDeformableVolumeMesh 000000018000c200     PhysXCommon_64:PhysXCommon_64.dll
 0003:00000208       __imp_createDeformableVolumeMesh 000000018000c208     PhysXCommon_64:PhysXCommon_64.dll
 0003:00000210       __imp_computeModelsMapping 000000018000c210     PhysXCommon_64:PhysXCommon_64.dll
 0003:00000218       __imp_computeCollisionData 000000018000c218     PhysXCommon_64:PhysXCommon_64.dll
 0003:00000220       __imp_computeSimulationData 000000018000c220     PhysXCommon_64:PhysXCommon_64.dll
 0003:00000228       __imp_assembleDeformableVolumeMesh 000000018000c228     PhysXCommon_64:PhysXCommon_64.dll
 0003:00000230       __imp_?release@AABBTreeBounds@Gu@physx@@QEAAXXZ 000000018000c230     PhysXCommon_64:PhysXCommon_64.dll
 0003:00000238       __imp_??0BVH@Gu@physx@@QEAA@AEBUPxBVHInternalData@2@@Z 000000018000c238     PhysXCommon_64:PhysXCommon_64.dll
 0003:00000240       \177PhysXCommon_64_NULL_THUNK_DATA_DLA 000000018000c240     PhysXCommon_64:PhysXCommon_64.dll
 0003:00000248       __imp_PxGetBroadcastAllocator 000000018000c248     PhysXFoundation_64:PhysXFoundation_64.dll
 0003:00000250       __imp_?PxAssert@physx@@YAXPEBD0HAEA_N@Z 000000018000c250     PhysXFoundation_64:PhysXFoundation_64.dll
 0003:00000258       \177PhysXFoundation_64_NULL_THUNK_DATA_DLA 000000018000c258     PhysXFoundation_64:PhysXFoundation_64.dll
 0003:000002c0       ?_ignore@?2??grow@?$PxArray@USlab@NodeAllocator@Gu@physx@@V?$PxReflectionAllocator@USlab@NodeAllocator@Gu@physx@@@4@@physx@@IEAAXI@Z@4_NA 000000018000c2c0     Cooking.obj
 0003:000002c1       ?_ignore@?2??recreate@?$PxArray@USlab@NodeAllocator@Gu@physx@@V?$PxReflectionAllocator@USlab@NodeAllocator@Gu@physx@@@4@@physx@@IEAAXI@Z@4_NA 000000018000c2c1     Cooking.obj
 0003:000002d0       __hmod__PhysXCommon_64_dll 000000018000c2d0     PhysXCommon_64:PhysXCommon_64.dll
 0003:000002d8       __hmod__PhysXFoundation_64_dll 000000018000c2d8     PhysXFoundation_64:PhysXFoundation_64.dll
 0003:000002e0       ?DloadKernel32@@3PEAUHINSTANCE__@@EA 000000018000c2e0     Delayimp:delayhlp.obj
 0003:000002e8       ?DloadAcquireSRWLockExclusive@@3P6AXPEA_K@ZEA 000000018000c2e8     Delayimp:delayhlp.obj
 0003:000002f0       ?DloadReleaseSRWLockExclusive@@3P6AXPEA_K@ZEA 000000018000c2f0     Delayimp:delayhlp.obj
 0003:000002f8       ?DloadSrwLock@@3_KA        000000018000c2f8     Delayimp:delayhlp.obj
 0003:00000300       ?DloadSectionLockCount@@3KA 000000018000c300     Delayimp:delayhlp.obj
 0003:00000304       ?DloadSectionOldProtection@@3KA 000000018000c304     Delayimp:delayhlp.obj
 0003:00000308       ?DloadSectionCommitPermanent@@3KA 000000018000c308     Delayimp:delayhlp.obj
 0003:00000310       ?__type_info_root_node@@3U__type_info_node@@A 000000018000c310     MSVCRTD:tncleanup.obj
 0003:00000328       __castguard_check_failure_user_handled_fptr 000000018000c328     MSVCRTD:guard_support.obj
 0003:00000340       ?_OptionsStorage@?1??__local_stdio_printf_options@@9@4_KA 000000018000c340     MSVCRTD:default_local_stdio_options.obj
 0003:00000348       ?_OptionsStorage@?1??__local_stdio_scanf_options@@9@4_KA 000000018000c348     MSVCRTD:default_local_stdio_options.obj
 0003:00000350       __scrt_current_native_startup_state 000000018000c350     MSVCRTD:utility.obj
 0003:00000358       __scrt_native_startup_lock 000000018000c358     MSVCRTD:utility.obj
 0003:00000398       __scrt_debugger_hook_flag  000000018000c398     MSVCRTD:utility_desktop.obj
 0003:0000039c       __favor                    000000018000c39c     MSVCRTD:cpu_disp.obj
 0003:000003a0       __avx10_version            000000018000c3a0     MSVCRTD:cpu_disp.obj
 0003:00000930       __dyn_tls_init_callback    000000018000c930     <common>

 entry point at        0001:000032d0

 Static symbols

 0000:ffff0000       .debug$S                   0000000180000000     PhysXCooking_64.exp
 0000:ffff0000       .debug$S                   0000000180000000     ucrtd:ucrtbased.dll
 0000:ffff0000       .debug$S                   0000000180000000     ucrtd:ucrtbased.dll
 0000:ffff0000       .debug$S                   0000000180000000     ucrtd:ucrtbased.dll
 0000:ffff0000       .debug$S                   0000000180000000     ucrtd:ucrtbased.dll
 0000:ffff0000       .debug$S                   0000000180000000     ucrtd:ucrtbased.dll
 0000:ffff0000       .debug$S                   0000000180000000     ucrtd:ucrtbased.dll
 0000:ffff0000       .debug$S                   0000000180000000     ucrtd:ucrtbased.dll
 0000:ffff0000       .debug$S                   0000000180000000     ucrtd:ucrtbased.dll
 0000:ffff0000       .debug$S                   0000000180000000     ucrtd:ucrtbased.dll
 0000:ffff0000       .debug$S                   0000000180000000     ucrtd:ucrtbased.dll
 0000:ffff0000       .debug$S                   0000000180000000     ucrtd:ucrtbased.dll
 0000:ffff0000       .debug$S                   0000000180000000     ucrtd:ucrtbased.dll
 0000:ffff0000       .debug$S                   0000000180000000     ucrtd:ucrtbased.dll
 0000:ffff0000       .debug$S                   0000000180000000     ucrtd:ucrtbased.dll
 0000:ffff0000       .debug$S                   0000000180000000     ucrtd:ucrtbased.dll
 0000:ffff0000       .debug$S                   0000000180000000     ucrtd:ucrtbased.dll
 0000:ffff0000       .debug$S                   0000000180000000     ucrtd:ucrtbased.dll
 0000:ffff0000       .debug$S                   0000000180000000     ucrtd:ucrtbased.dll
 0000:ffff0000       .debug$S                   0000000180000000     ucrtd:ucrtbased.dll
 0000:ffff0000       .debug$S                   0000000180000000     ucrtd:ucrtbased.dll
 0000:ffff0000       .debug$S                   0000000180000000     ucrtd:ucrtbased.dll
 0000:ffff0000       .debug$S                   0000000180000000     kernel32:KERNEL32.dll
 0000:ffff0000       .debug$S                   0000000180000000     kernel32:KERNEL32.dll
 0000:ffff0000       .debug$S                   0000000180000000     kernel32:KERNEL32.dll
 0000:ffff0000       .debug$S                   0000000180000000     kernel32:KERNEL32.dll
 0000:ffff0000       .debug$S                   0000000180000000     kernel32:KERNEL32.dll
 0000:ffff0000       .debug$S                   0000000180000000     kernel32:KERNEL32.dll
 0000:ffff0000       .debug$S                   0000000180000000     kernel32:KERNEL32.dll
 0000:ffff0000       .debug$S                   0000000180000000     kernel32:KERNEL32.dll
 0000:ffff0000       .debug$S                   0000000180000000     kernel32:KERNEL32.dll
 0000:ffff0000       .debug$S                   0000000180000000     kernel32:KERNEL32.dll
 0000:ffff0000       .debug$S                   0000000180000000     kernel32:KERNEL32.dll
 0000:ffff0000       .debug$S                   0000000180000000     kernel32:KERNEL32.dll
 0000:ffff0000       .debug$S                   0000000180000000     kernel32:KERNEL32.dll
 0000:ffff0000       .debug$S                   0000000180000000     kernel32:KERNEL32.dll
 0000:ffff0000       .debug$S                   0000000180000000     kernel32:KERNEL32.dll
 0000:ffff0000       .debug$S                   0000000180000000     kernel32:KERNEL32.dll
 0000:ffff0000       .debug$S                   0000000180000000     kernel32:KERNEL32.dll
 0000:ffff0000       .debug$S                   0000000180000000     kernel32:KERNEL32.dll
 0000:ffff0000       .debug$S                   0000000180000000     kernel32:KERNEL32.dll
 0000:ffff0000       .debug$S                   0000000180000000     kernel32:KERNEL32.dll
 0000:ffff0000       .debug$S                   0000000180000000     kernel32:KERNEL32.dll
 0000:ffff0000       .debug$S                   0000000180000000     kernel32:KERNEL32.dll
 0000:ffff0000       .debug$S                   0000000180000000     kernel32:KERNEL32.dll
 0000:ffff0000       .debug$S                   0000000180000000     kernel32:KERNEL32.dll
 0000:ffff0000       .debug$S                   0000000180000000     kernel32:KERNEL32.dll
 0000:ffff0000       .debug$S                   0000000180000000     kernel32:KERNEL32.dll
 0000:ffff0000       .debug$S                   0000000180000000     kernel32:KERNEL32.dll
 0000:ffff0000       .debug$S                   0000000180000000     kernel32:KERNEL32.dll
 0000:ffff0000       .debug$S                   0000000180000000     kernel32:KERNEL32.dll
 0000:ffff0000       .debug$S                   0000000180000000     kernel32:KERNEL32.dll
 0000:ffff0000       .debug$S                   0000000180000000     kernel32:KERNEL32.dll
 0000:00000000       _volmd                     0000000180000000     Delayimp:delayhlp.obj
 0000:00000000       _volmd                     0000000180000000     Delayimp:delayhlp.obj
 0000:00000000       _volmd                     0000000180000000     Delayimp:delayhlp.obj
 0000:00000000       _volmd                     0000000180000000     Delayimp:delayhlp.obj
 0000:00000000       _volmd                     0000000180000000     Delayimp:delayhlp.obj
 0000:00000000       _volmd                     0000000180000000     Delayimp:delayhlp.obj
 0000:00000000       _volmd                     0000000180000000     Delayimp:delayhlp.obj
 0000:00000000       _volmd                     0000000180000000     Delayimp:delayhlp.obj
 0000:00000000       _volmd                     0000000180000000     Delayimp:delayhlp.obj
 0000:00000000       _volmd                     0000000180000000     Delayimp:delayhlp.obj
 0000:00000000       _volmd                     0000000180000000     Delayimp:delayhlp.obj
 0000:00000000       _volmd                     0000000180000000     Delayimp:delayhlp.obj
 0000:00000000       _volmd                     0000000180000000     Delayimp:delayhlp.obj
 0000:00000000       _volmd                     0000000180000000     MSVCRTD:cpu_disp.obj
 0002:ffff8000       __guard_ehcont_?dllmain_dispatch@@YAHQEAUHINSTANCE__@@KQEAX@Z 0000000180000000     MSVCRTD:dll_dllmain.obj
 0002:ffff8000       __guard_fids_?dllmain_dispatch@@YAHQEAUHINSTANCE__@@KQEAX@Z 0000000180000000     MSVCRTD:dll_dllmain.obj
 0002:ffff8000       __guard_ehcont_?notify_debugger@@YAXAEBUtagEXCEPTION_VISUALCPP_DEBUG_INFO@@@Z 0000000180000000     MSVCRTD:error.obj
 0000:00000000       _volmd                     0000000180000000     MSVCRTD:gs_report.obj
 0000:00000000       _volmd                     0000000180000000     MSVCRTD:gs_report.obj
 0000:00000000       _volmd                     0000000180000000     MSVCRTD:gs_report.obj
 0002:ffff8000       __guard_fids__             0000000180000000     MSVCRTD:guard_support.obj
 0002:ffff8000       __guard_fids__             0000000180000000     MSVCRTD:guard_support.obj
 0002:ffff8000       __guard_fids__guard_icall_checks_enforced 0000000180000000     MSVCRTD:guard_support.obj
 0000:00000000       _volmd                     0000000180000000     MSVCRTD:guard_support.obj
 0000:00000000       _volmd                     0000000180000000     MSVCRTD:guard_support.obj
 0002:ffff8000       __guard_fids__CRT_RTC_INIT 0000000180000000     MSVCRTD:init.obj
 0002:ffff8000       __guard_fids__CRT_RTC_INITW 0000000180000000     MSVCRTD:init.obj
 0002:ffff8000       __guard_fids__             0000000180000000     MSVCRTD:std_type_info_static.obj
 0002:ffff8000       __guard_ehcont___scrt_is_nonwritable_in_current_image 0000000180000000     MSVCRTD:utility.obj
 0000:00000000       _volmd                     0000000180000000     MSVCRTD:utility.obj
 0000:00000000       _volmd                     0000000180000000     MSVCRTD:utility.obj
 0000:00000000       _volmd                     0000000180000000     MSVCRTD:utility.obj
 0002:ffff8000       __guard_fids___scrt_set_unhandled_exception_filter 0000000180000000     MSVCRTD:utility_desktop.obj
 0000:00000000       _volmd                     0000000180000000     MSVCRTD:utility_desktop.obj
 0002:ffff8000       __guard_fids__             0000000180000000     vcruntimed:softmemtag.obj
 0000:ffff0000       .debug$S                   0000000180000000     vcruntimed:VCRUNTIME140D.dll
 0000:ffff0000       .debug$S                   0000000180000000     vcruntimed:VCRUNTIME140D.dll
 0000:ffff0000       .debug$S                   0000000180000000     vcruntimed:VCRUNTIME140D.dll
 0000:ffff0000       .debug$S                   0000000180000000     vcruntimed:VCRUNTIME140D.dll
 0000:ffff0000       .debug$S                   0000000180000000     vcruntimed:VCRUNTIME140D.dll
 0000:ffff0000       .debug$S                   0000000180000000     vcruntimed:VCRUNTIME140D.dll
 0000:ffff0000       .debug$S                   0000000180000000     vcruntimed:VCRUNTIME140D.dll
 0000:ffff0000       .debug$S                   0000000180000000     vcruntimed:VCRUNTIME140D.dll
 0000:ffff0000       .debug$S                   0000000180000000     vcruntimed:VCRUNTIME140D.dll
 0000:ffff0000       .debug$S                   0000000180000000     vcruntimed:VCRUNTIME140D.dll
 0000:ffff0000       .debug$S                   0000000180000000     vcruntimed:VCRUNTIME140D.dll
 0000:ffff0000       .debug$S                   0000000180000000     vcruntimed:VCRUNTIME140D.dll
 0000:ffff0000       .debug$S                   0000000180000000     vcruntimed:VCRUNTIME140D.dll
 0000:ffff0000       .debug$S                   0000000180000000     PhysXCommon_64:PhysXCommon_64.dll
 0000:ffff0000       .debug$S                   0000000180000000     PhysXCommon_64:PhysXCommon_64.dll
 0000:ffff0000       .debug$S                   0000000180000000     PhysXCommon_64:PhysXCommon_64.dll
 0000:ffff0000       .debug$S                   0000000180000000     PhysXCommon_64:PhysXCommon_64.dll
 0000:ffff0000       .debug$S                   0000000180000000     PhysXCommon_64:PhysXCommon_64.dll
 0000:ffff0000       .debug$S                   0000000180000000     PhysXCommon_64:PhysXCommon_64.dll
 0000:ffff0000       .debug$S                   0000000180000000     PhysXCommon_64:PhysXCommon_64.dll
 0000:ffff0000       .debug$S                   0000000180000000     PhysXCommon_64:PhysXCommon_64.dll
 0000:ffff0000       .debug$S                   0000000180000000     PhysXCommon_64:PhysXCommon_64.dll
 0000:ffff0000       .debug$S                   0000000180000000     PhysXCommon_64:PhysXCommon_64.dll
 0000:ffff0000       .debug$S                   0000000180000000     PhysXCommon_64:PhysXCommon_64.dll
 0000:ffff0000       .debug$S                   0000000180000000     PhysXCommon_64:PhysXCommon_64.dll
 0000:ffff0000       .debug$S                   0000000180000000     PhysXCommon_64:PhysXCommon_64.dll
 0000:ffff0000       .debug$S                   0000000180000000     PhysXCommon_64:PhysXCommon_64.dll
 0000:ffff0000       .debug$S                   0000000180000000     PhysXCommon_64:PhysXCommon_64.dll
 0000:ffff0000       .debug$S                   0000000180000000     PhysXCommon_64:PhysXCommon_64.dll
 0000:ffff0000       .debug$S                   0000000180000000     PhysXCommon_64:PhysXCommon_64.dll
 0000:ffff0000       .debug$S                   0000000180000000     PhysXCommon_64:PhysXCommon_64.dll
 0000:ffff0000       .debug$S                   0000000180000000     PhysXCommon_64:PhysXCommon_64.dll
 0000:ffff0000       .debug$S                   0000000180000000     PhysXCommon_64:PhysXCommon_64.dll
 0000:ffff0000       .debug$S                   0000000180000000     PhysXCommon_64:PhysXCommon_64.dll
 0000:ffff0000       .debug$S                   0000000180000000     PhysXCommon_64:PhysXCommon_64.dll
 0000:ffff0000       .debug$S                   0000000180000000     PhysXCommon_64:PhysXCommon_64.dll
 0000:ffff0000       .debug$S                   0000000180000000     PhysXFoundation_64:PhysXFoundation_64.dll
 0000:ffff0000       .debug$S                   0000000180000000     PhysXFoundation_64:PhysXFoundation_64.dll
 0001:00000000       ??__EmaxFError@vecMathTests@aos@physx@@YAXXZ 0000000180001000 f   Cooking.obj
 0001:00000030       ??__EmaxV3Error@vecMathTests@aos@physx@@YAXXZ 0000000180001030 f   Cooking.obj
[...]
 0002:00001a68       $unwind$?DloadMakePermanentImageCommit@@YAXPEAX_K@Z 0000000180009a68     Delayimp:delayhlp.obj
 0002:00001a74       $unwind$?DloadProtectSection@@YAXPEAX_KKPEAK@Z 0000000180009a74     Delayimp:delayhlp.obj
 0002:00001a8c       $unwind$?DloadAcquireSectionWriteAccess@@YAXXZ 0000000180009a8c     Delayimp:delayhlp.obj
 0002:00001a94       $unwind$?DloadReleaseSectionWriteAccess@@YAXXZ 0000000180009a94     Delayimp:delayhlp.obj
 0002:00001a9c       $unwind$?PiddFromDllName@@YAPEBUImgDelayDescr@@PEBD@Z 0000000180009a9c     Delayimp:delayhlp.obj
 0002:00001aa4       $unwind$__delayLoadHelper2 0000000180009aa4     Delayimp:delayhlp.obj
 0002:00001ac0       $unwind$??$GuardedWrite@V<lambda_1>@?1??__delayLoadHelper2@@YAP6A_JXZPEBUImgDelayDescr@@PEAP6A_JXZ@Z@@@YAXPEAX_KV<lambda_1>@?1??__delayLoadHelper2@@YAP6A_JXZPEBUImgDelayDescr@@PEAP6A_JXZ@Z@@Z 0000000180009ac0     Delayimp:delayhlp.obj
 0002:00001ad4       $unwind$??$GuardedWrite@V<lambda_1>@?7??__FUnloadDelayLoadedDLL2@@YAHPEBD@Z@@@YAXPEAX_KV<lambda_1>@?7??__FUnloadDelayLoadedDLL2@@YAHPEBD@Z@@Z 0000000180009ad4     Delayimp:delayhlp.obj
 0002:00001ae8       $unwind$??3@YAXPEAX@Z      0000000180009ae8     MSVCRTD:delete_scalar.obj
 0002:00001af0       $unwind$??3@YAXPEAX_K@Z    0000000180009af0     MSVCRTD:delete_scalar_size.obj
 0002:00001af8       $unwind$??_V@YAXPEAX@Z     0000000180009af8     MSVCRTD:delete_array.obj
 0002:00001b00       $unwind$??_V@YAXPEAX_K@Z   0000000180009b00     MSVCRTD:delete_array_size.obj
 0002:00001b08       $unwind$_RTC_Shutdown      0000000180009b08     MSVCRTD:init.obj
 0002:00001b10       $unwind$_RTC_InitBase      0000000180009b10     MSVCRTD:init.obj
 0002:00001b18       $unwind$??_Gtype_info@@UEAAPEAXI@Z 0000000180009b18     MSVCRTD:std_type_info_static.obj
 0002:00001b20       $unwind$?__scrt_initialize_type_info@@YAXXZ 0000000180009b20     MSVCRTD:tncleanup.obj
 0002:00001b28       $unwind$?__scrt_uninitialize_type_info@@YAXXZ 0000000180009b28     MSVCRTD:tncleanup.obj
 0002:00001b30       $unwind$?dllmain_crt_process_attach@@YAHQEAUHINSTANCE__@@QEAX@Z 0000000180009b30     MSVCRTD:dll_dllmain.obj
 0002:00001b50       $unwind$?fin$0@?0??dllmain_crt_process_attach@@YAHQEAUHINSTANCE__@@QEAX@Z@4HA 0000000180009b50     MSVCRTD:dll_dllmain.obj
 0002:00001b58       $unwind$?dllmain_crt_process_detach@@YAH_N@Z 0000000180009b58     MSVCRTD:dll_dllmain.obj
 0002:00001b88       $unwind$?fin$0@?0??dllmain_crt_process_detach@@YAH_N@Z@4HA 0000000180009b88     MSVCRTD:dll_dllmain.obj
 0002:00001b90       $unwind$?fin$1@?0??dllmain_crt_process_detach@@YAH_N@Z@4HA 0000000180009b90     MSVCRTD:dll_dllmain.obj
 0002:00001b98       $unwind$?dllmain_crt_dispatch@@YAHQEAUHINSTANCE__@@KQEAX@Z 0000000180009b98     MSVCRTD:dll_dllmain.obj
 0002:00001ba0       $unwind$_CRT_INIT          0000000180009ba0     MSVCRTD:dll_dllmain.obj
 0002:00001ba8       $unwind$?dllmain_raw@@YAHQEAUHINSTANCE__@@KQEAX@Z 0000000180009ba8     MSVCRTD:dll_dllmain.obj
 0002:00001bb0       $unwind$?dllmain_dispatch@@YAHQEAUHINSTANCE__@@KQEAX@Z 0000000180009bb0     MSVCRTD:dll_dllmain.obj
 0002:00001bd0       $unwind$?filt$0@?0??dllmain_dispatch@@YAHQEAUHINSTANCE__@@KQEAX@Z@4HA 0000000180009bd0     MSVCRTD:dll_dllmain.obj
 0002:00001bd8       $unwind$_DllMainCRTStartup 0000000180009bd8     MSVCRTD:dll_dllmain.obj
 0002:00001be0       $unwind$ReadNoFence64      0000000180009be0     MSVCRTD:guard_support.obj
 0002:00001be8       $unwind$ReadPointerNoFence 0000000180009be8     MSVCRTD:guard_support.obj
 0002:00001bf0       $unwind$__castguard_set_user_handler 0000000180009bf0     MSVCRTD:guard_support.obj
 0002:00001bf8       $unwind$_guard_icall_checks_enforced 0000000180009bf8     MSVCRTD:guard_support.obj
 0002:00001c00       $unwind$__castguard_compat_check 0000000180009c00     MSVCRTD:guard_support.obj
 0002:00001c08       $unwind$__castguard_check_failure_os_handled_wrapper 0000000180009c08     MSVCRTD:guard_support.obj
 0002:00001c10       $unwind$__castguard_check_failure_user_handled_wrapper 0000000180009c10     MSVCRTD:guard_support.obj
 0002:00001c18       $unwind$__castguard_check_failure_debugbreak 0000000180009c18     MSVCRTD:guard_support.obj
 0002:00001c20       $unwind$__castguard_check_failure_fastfail 0000000180009c20     MSVCRTD:guard_support.obj
 0002:00001c28       $unwind$__castguard_check_failure_os_handled 0000000180009c28     MSVCRTD:guard_support.obj
 0002:00001c30       $unwind$__castguard_check_failure_user_handled 0000000180009c30     MSVCRTD:guard_support.obj
 0002:00001c38       $unwind$__castguard_slow_path_compat_check 0000000180009c38     MSVCRTD:guard_support.obj
 0002:00001c40       $unwind$__castguard_slow_path_check_debugbreak 0000000180009c40     MSVCRTD:guard_support.obj
 0002:00001c48       $unwind$__castguard_slow_path_check_fastfail 0000000180009c48     MSVCRTD:guard_support.obj
 0002:00001c50       $unwind$__castguard_slow_path_check_os_handled 0000000180009c50     MSVCRTD:guard_support.obj
 0002:00001c58       $unwind$__castguard_slow_path_check_user_handled 0000000180009c58     MSVCRTD:guard_support.obj
 0002:00001c60       $unwind$__security_init_cookie 0000000180009c60     MSVCRTD:gs_support.obj
 0002:00001c68       $unwind$__get_entropy      0000000180009c68     MSVCRTD:gs_support.obj
 0002:00001c70       $unwind$DllMain            0000000180009c70     MSVCRTD:dll_dllmain_stub.obj
 0002:00001c78       $unwind$__scrt_initialize_default_local_stdio_options 0000000180009c78     MSVCRTD:default_local_stdio_options.obj
 0002:00001c80       $unwind$atexit             0000000180009c80     MSVCRTD:utility.obj
 0002:00001c88       $unwind$_onexit            0000000180009c88     MSVCRTD:utility.obj
 0002:00001c90       $unwind$at_quick_exit      0000000180009c90     MSVCRTD:utility.obj
 0002:00001c98       $unwind$__scrt_is_nonwritable_in_current_image 0000000180009c98     MSVCRTD:utility.obj
 0002:00001cb8       $unwind$__scrt_is_nonwritable_in_current_image$filt$0 0000000180009cb8     MSVCRTD:utility.obj
 0002:00001cc0       $unwind$__scrt_acquire_startup_lock 0000000180009cc0     MSVCRTD:utility.obj
 0002:00001cc8       $unwind$__scrt_release_startup_lock 0000000180009cc8     MSVCRTD:utility.obj
 0002:00001cd0       $unwind$__scrt_initialize_crt 0000000180009cd0     MSVCRTD:utility.obj
 0002:00001cd8       $unwind$__scrt_uninitialize_crt 0000000180009cd8     MSVCRTD:utility.obj
 0002:00001ce0       $unwind$__scrt_initialize_onexit_tables 0000000180009ce0     MSVCRTD:utility.obj
 0002:00001cec       $unwind$__scrt_dllmain_exception_filter 0000000180009cec     MSVCRTD:utility.obj
 0002:00001cf4       $unwind$__scrt_dllmain_before_initialize_c 0000000180009cf4     MSVCRTD:utility.obj
 0002:00001cfc       $unwind$__scrt_dllmain_after_initialize_c 0000000180009cfc     MSVCRTD:utility.obj
 0002:00001d04       $unwind$__scrt_dllmain_uninitialize_c 0000000180009d04     MSVCRTD:utility.obj
 0002:00001d0c       $unwind$__scrt_dllmain_uninitialize_critical 0000000180009d0c     MSVCRTD:utility.obj
 0002:00001d14       $unwind$__scrt_dllmain_crt_thread_attach 0000000180009d14     MSVCRTD:utility.obj
 0002:00001d1c       $unwind$__scrt_dllmain_crt_thread_detach 0000000180009d1c     MSVCRTD:utility.obj
 0002:00001d24       $unwind$?configure_argv@__scrt_narrow_argv_policy@@SAHXZ 0000000180009d24     MSVCRTD:utility.obj
 0002:00001d2c       $unwind$?initialize_environment@__scrt_narrow_environment_policy@@SAHXZ 0000000180009d2c     MSVCRTD:utility.obj
 0002:00001d34       $unwind$?is_potentially_valid_image_base@@YA_NQEAX@Z 0000000180009d34     MSVCRTD:utility.obj
 0002:00001d3c       $unwind$?find_pe_section@@YAPEAU_IMAGE_SECTION_HEADER@@QEAE_K@Z 0000000180009d3c     MSVCRTD:utility.obj
 0002:00001d44       $unwind$__scrt_get_show_window_mode 0000000180009d44     MSVCRTD:utility_desktop.obj
 0002:00001d50       $unwind$__scrt_is_managed_app 0000000180009d50     MSVCRTD:utility_desktop.obj
 0002:00001d58       $unwind$__scrt_initialize_mta 0000000180009d58     MSVCRTD:utility_desktop.obj
 0002:00001d60       $unwind$__scrt_set_unhandled_exception_filter 0000000180009d60     MSVCRTD:utility_desktop.obj
 0002:00001d68       $unwind$__scrt_fastfail    0000000180009d68     MSVCRTD:utility_desktop.obj
 0002:00001d74       $unwind$__scrt_unhandled_exception_filter 0000000180009d74     MSVCRTD:utility_desktop.obj
 0002:00001d7c       $unwind$_RTC_Initialize    0000000180009d7c     MSVCRTD:initsect.obj
 0002:00001d88       $unwind$_RTC_Terminate     0000000180009d88     MSVCRTD:initsect.obj
 0002:00001d98       $xdatasym                  0000000180009d98     MSVCRTD:guard_dispatch.obj
 0002:00001da0       $xdatasym                  0000000180009da0     MSVCRTD:guard_xfg_dispatch.obj
 0002:00001da4       $unwind$_RTC_UninitUse     0000000180009da4     MSVCRTD:error.obj
 0002:00001dbc       $unwind$?_RTC_StackFailure@@YAXPEAXPEBD@Z 0000000180009dbc     MSVCRTD:error.obj
 0002:00001dd8       $unwind$?_RTC_AllocaFailure@@YAXPEAXPEAU_RTC_ALLOCA_NODE@@H@Z 0000000180009dd8     MSVCRTD:error.obj
 0002:00001df0       $chain$0$?_RTC_AllocaFailure@@YAXPEAXPEAU_RTC_ALLOCA_NODE@@H@Z 0000000180009df0     MSVCRTD:error.obj
 0002:00001e04       $chain$1$?_RTC_AllocaFailure@@YAXPEAXPEAU_RTC_ALLOCA_NODE@@H@Z 0000000180009e04     MSVCRTD:error.obj
 0002:00001e14       $unwind$_vsprintf_s_l      0000000180009e14     MSVCRTD:error.obj
 0002:00001e28       $unwind$sprintf_s          0000000180009e28     MSVCRTD:error.obj
 0002:00001e30       $unwind$?notify_debugger@@YAXAEBUtagEXCEPTION_VISUALCPP_DEBUG_INFO@@@Z 0000000180009e30     MSVCRTD:error.obj
 0002:00001e50       $unwind$?filt$0@?0??notify_debugger@@YAXAEBUtagEXCEPTION_VISUALCPP_DEBUG_INFO@@@Z@4HA 0000000180009e50     MSVCRTD:error.obj
 0002:00001e58       $unwind$?DebuggerProbe@@YA_NK@Z 0000000180009e58     MSVCRTD:error.obj
 0002:00001e60       $unwind$?DebuggerRuntime@@YA_NKHPEAXPEB_W@Z 0000000180009e60     MSVCRTD:error.obj
 0002:00001e68       $unwind$?failwithmessage@@YAXPEAXHHPEBD@Z 0000000180009e68     MSVCRTD:error.obj
 0002:00001e8c       $unwind$?_getMemBlockDataString@@YAXPEAD0PEBD_K@Z 0000000180009e8c     MSVCRTD:error.obj
 0002:00001e9c       $chain$3$?_getMemBlockDataString@@YAXPEAD0PEBD_K@Z 0000000180009e9c     MSVCRTD:error.obj
 0002:00001ebc       $chain$4$?_getMemBlockDataString@@YAXPEAD0PEBD_K@Z 0000000180009ebc     MSVCRTD:error.obj
 0002:00001ecc       $unwind$__isa_available_init 0000000180009ecc     MSVCRTD:cpu_disp.obj
 0002:00001edc       $unwind$__scrt_is_ucrt_dll_in_use 0000000180009edc     MSVCRTD:ucrt_detection.obj
 0002:00001ee4       $unwind$?_RTC_GetSrcLine@@YAHPEAEPEA_WKPEAH1K@Z 0000000180009ee4     MSVCRTD:pdblkup.obj
 0002:00001efc       $unwind$?GetPdbDllFromInstallPath@@YAPEAUHINSTANCE__@@XZ 0000000180009efc     MSVCRTD:pdblkup.obj
 0002:00001f20       $unwind$?GetPdbDllPathFromFilePath@@YAHPEB_WPEA_W_K@Z 0000000180009f20     MSVCRTD:pdblkup.obj
 0002:00001f38       $unwind$?GetPdbDll@@YAPEAUHINSTANCE__@@XZ 0000000180009f38     MSVCRTD:pdblkup.obj
 0002:00001f48       $unwind$__GSHandlerCheckCommon 0000000180009f48     MSVCRTD:gshandler.obj
 0002:00001f50       $unwind$__GSHandlerCheck   0000000180009f50     MSVCRTD:gshandler.obj
 0002:00001f58       $xdatasym                  0000000180009f58     MSVCRTD:amdsecgs.obj
 0002:00001f5c       $unwind$__report_securityfailure 0000000180009f5c     MSVCRTD:gs_report.obj
 0002:00001f64       $unwind$__report_securityfailureEx 0000000180009f64     MSVCRTD:gs_report.obj
 0002:00001f6c       $unwind$__report_rangecheckfailure 0000000180009f6c     MSVCRTD:gs_report.obj
 0002:00001f74       $unwind$__report_gsfailure 0000000180009f74     MSVCRTD:gs_report.obj
 0002:00001f7c       $unwind$capture_current_context 0000000180009f7c     MSVCRTD:gs_report.obj
 0002:00001f84       $unwind$capture_previous_context 0000000180009f84     MSVCRTD:gs_report.obj
 0002:00001f8c       $unwind$__raise_securityfailure 0000000180009f8c     MSVCRTD:gs_report.obj
 0002:00002560       .edata                     000000018000a560     PhysXCooking_64.exp
 0002:00002588       rgpv                       000000018000a588     PhysXCooking_64.exp
 0002:0000266c       rgszName                   000000018000a66c     PhysXCooking_64.exp
 0002:00002750       rgwOrd                     000000018000a750     PhysXCooking_64.exp
 0002:000027c2       szName                     000000018000a7c2     PhysXCooking_64.exp
 0002:000027d6       $N00001                    000000018000a7d6     PhysXCooking_64.exp
 0002:000027fa       $N00002                    000000018000a7fa     PhysXCooking_64.exp
 0002:00002829       $N00003                    000000018000a829     PhysXCooking_64.exp
 0002:00002850       $N00004                    000000018000a850     PhysXCooking_64.exp
 0002:000028a7       $N00005                    000000018000a8a7     PhysXCooking_64.exp
 0002:000028d2       $N00006                    000000018000a8d2     PhysXCooking_64.exp
 0002:000028f8       $N00007                    000000018000a8f8     PhysXCooking_64.exp
 0002:00002917       $N00008                    000000018000a917     PhysXCooking_64.exp
 0002:0000293b       $N00009                    000000018000a93b     PhysXCooking_64.exp
 0002:00002962       $N00010                    000000018000a962     PhysXCooking_64.exp
 0002:0000298b       $N00011                    000000018000a98b     PhysXCooking_64.exp
 0002:000029aa       $N00012                    000000018000a9aa     PhysXCooking_64.exp
 0002:000029dd       $N00013                    000000018000a9dd     PhysXCooking_64.exp
 0002:00002a13       $N00014                    000000018000aa13     PhysXCooking_64.exp
 0002:00002a4b       $N00015                    000000018000aa4b     PhysXCooking_64.exp
 0002:00002a7d       $N00016                    000000018000aa7d     PhysXCooking_64.exp
 0002:00002aa9       $N00017                    000000018000aaa9     PhysXCooking_64.exp
 0002:00002ac5       $N00018                    000000018000aac5     PhysXCooking_64.exp
 0002:00002aef       $N00019                    000000018000aaef     PhysXCooking_64.exp
 0002:00002b2b       $N00020                    000000018000ab2b     PhysXCooking_64.exp
 0002:00002b66       $N00021                    000000018000ab66     PhysXCooking_64.exp
 0002:00002ba1       $N00022                    000000018000aba1     PhysXCooking_64.exp
 0002:00002bd6       $N00023                    000000018000abd6     PhysXCooking_64.exp
 0002:00002c12       $N00024                    000000018000ac12     PhysXCooking_64.exp
 0002:00002c45       $N00025                    000000018000ac45     PhysXCooking_64.exp
 0002:00002c78       $N00026                    000000018000ac78     PhysXCooking_64.exp
 0002:00002cb2       $N00027                    000000018000acb2     PhysXCooking_64.exp
 0002:00002cec       $N00028                    000000018000acec     PhysXCooking_64.exp
 0002:00002d19       $N00029                    000000018000ad19     PhysXCooking_64.exp
 0002:00002d4c       $N00030                    000000018000ad4c     PhysXCooking_64.exp
 0002:00002d7a       $N00031                    000000018000ad7a     PhysXCooking_64.exp
 0002:00002da7       $N00032                    000000018000ada7     PhysXCooking_64.exp
 0002:00002de3       $N00033                    000000018000ade3     PhysXCooking_64.exp
 0002:00002e20       $N00034                    000000018000ae20     PhysXCooking_64.exp
 0002:00002e50       $N00035                    000000018000ae50     PhysXCooking_64.exp
 0002:00002e6f       $N00036                    000000018000ae6f     PhysXCooking_64.exp
 0002:00002e86       $N00037                    000000018000ae86     PhysXCooking_64.exp
 0002:00002e9c       $N00038                    000000018000ae9c     PhysXCooking_64.exp
 0002:00002eb3       $N00039                    000000018000aeb3     PhysXCooking_64.exp
 0002:00002ecb       $N00040                    000000018000aecb     PhysXCooking_64.exp
 0002:00002ed5       $N00041                    000000018000aed5     PhysXCooking_64.exp
 0002:00002ee6       $N00042                    000000018000aee6     PhysXCooking_64.exp
 0002:00002f01       $N00043                    000000018000af01     PhysXCooking_64.exp
 0002:00002f13       $N00044                    000000018000af13     PhysXCooking_64.exp
 0002:00002f29       $N00045                    000000018000af29     PhysXCooking_64.exp
 0002:00002f3c       $N00046                    000000018000af3c     PhysXCooking_64.exp
 0002:00002f48       $N00047                    000000018000af48     PhysXCooking_64.exp
 0002:00002f5c       $N00048                    000000018000af5c     PhysXCooking_64.exp
 0002:00002f6f       $N00049                    000000018000af6f     PhysXCooking_64.exp
 0002:00002f8c       $N00050                    000000018000af8c     PhysXCooking_64.exp
 0002:00002fa0       $N00051                    000000018000afa0     PhysXCooking_64.exp
 0002:00002fb8       $N00052                    000000018000afb8     PhysXCooking_64.exp
 0002:00002fcd       $N00053                    000000018000afcd     PhysXCooking_64.exp
 0002:00002fea       $N00054                    000000018000afea     PhysXCooking_64.exp
 0002:0000300b       $N00055                    000000018000b00b     PhysXCooking_64.exp
 0002:0000302a       $N00056                    000000018000b02a     PhysXCooking_64.exp
 0002:0000303f       $N00057                    000000018000b03f     PhysXCooking_64.exp
 0002:000032d8       .idata$6                   000000018000b2d8     kernel32:KERNEL32.dll
 0002:000033f8       .idata$6                   000000018000b3f8     vcruntimed:VCRUNTIME140D.dll
 0002:00003594       .idata$6                   000000018000b594     ucrtd:ucrtbased.dll
 0003:00000260       ?maxV3Error@vecMathTests@aos@physx@@3T__m128@@B 000000018000c260     Cooking.obj
 0003:00000270       ?minFError@vecMathTests@aos@physx@@3T__m128@@B 000000018000c270     Cooking.obj
 0003:00000280       ?maxV4Error@vecMathTests@aos@physx@@3T__m128@@B 000000018000c280     Cooking.obj
 0003:00000290       ?minV4Error@vecMathTests@aos@physx@@3T__m128@@B 000000018000c290     Cooking.obj
 0003:000002a0       ?minV3Error@vecMathTests@aos@physx@@3T__m128@@B 000000018000c2a0     Cooking.obj
 0003:000002b0       ?maxFError@vecMathTests@aos@physx@@3T__m128@@B 000000018000c2b0     Cooking.obj
 0003:000002c8       ?gCookingDelayLoadHook@@3PEBVPxDelayLoadHook@physx@@EB 000000018000c2c8     WindowsCookingDelayLoadHook.obj
 0003:0000030c       ?init@?1??_RTC_InitBase@@9@4_NA 000000018000c30c     MSVCRTD:init.obj
 0003:00000320       ?__proc_attached@@3HA      000000018000c320     MSVCRTD:dll_dllmain.obj
 0003:00000330       ?_RTC_ErrorReportFunc@@3P6AHHPEBDH00ZZEA 000000018000c330     MSVCRTD:userapi.obj
 0003:00000338       ?_RTC_ErrorReportFuncW@@3P6AHHPEB_WH00ZZEA 000000018000c338     MSVCRTD:userapi.obj
 0003:00000360       ?is_initialized_as_dll@@3_NA 000000018000c360     MSVCRTD:utility.obj
 0003:00000361       ?module_local_atexit_table_initialized@@3_NA 000000018000c361     MSVCRTD:utility.obj
 0003:00000368       ?module_local_atexit_table@@3U_onexit_table_t@@A 000000018000c368     MSVCRTD:utility.obj
 0003:00000380       ?module_local_at_quick_exit_table@@3U_onexit_table_t@@A 000000018000c380     MSVCRTD:utility.obj
 0003:000003a8       ?mspdb@@3PEAUHINSTANCE__@@EA 000000018000c3a8     MSVCRTD:pdblkup.obj
 0003:000003b0       ?alreadyTried@?1??GetPdbDll@@YAPEAUHINSTANCE__@@XZ@4_NA 000000018000c3b0     MSVCRTD:pdblkup.obj
 0003:000003b1       ?PDBOK@?1??_RTC_GetSrcLine@@YAHPEAEPEA_WKPEAH1K@Z@4_NA 000000018000c3b1     MSVCRTD:pdblkup.obj
 0003:000003c0       GS_ExceptionRecord         000000018000c3c0     MSVCRTD:gs_report.obj
 0003:00000460       GS_ContextRecord           000000018000c460     MSVCRTD:gs_report.obj
 0005:000000a0       $R000000                   000000018000e0a0     PhysXCooking.res
 0005:000003d0       $R000330                   000000018000e3d0     PhysXCooking.res
